[2026-06-18T08:26:12.835+0000] {local_task_job_runner.py:123} INFO - ::group::Pre task execution logs
[2026-06-18T08:26:12.854+0000] {taskinstance.py:2614} INFO - Dependencies all met for dep_context=non-requeueable deps ti=<TaskInstance: crypto_pipeline_dag.ingest_bronze scheduled__2026-06-17T00:00:00+00:00 [queued]>
[2026-06-18T08:26:12.863+0000] {taskinstance.py:2614} INFO - Dependencies all met for dep_context=requeueable deps ti=<TaskInstance: crypto_pipeline_dag.ingest_bronze scheduled__2026-06-17T00:00:00+00:00 [queued]>
[2026-06-18T08:26:12.863+0000] {taskinstance.py:2867} INFO - Starting attempt 1 of 4
[2026-06-18T08:26:12.874+0000] {taskinstance.py:2890} INFO - Executing <Task(BashOperator): ingest_bronze> on 2026-06-17 00:00:00+00:00
[2026-06-18T08:26:12.884+0000] {standard_task_runner.py:104} INFO - Running: ['***', 'tasks', 'run', 'crypto_pipeline_dag', 'ingest_bronze', 'scheduled__2026-06-17T00:00:00+00:00', '--job-id', '120', '--raw', '--subdir', 'DAGS_FOLDER/crypto_pipeline_dag.py', '--cfg-path', '/tmp/tmpvbjh4z6d']
[2026-06-18T08:26:12.887+0000] {logging_mixin.py:190} WARNING - /home/***/.local/lib/python3.12/site-packages/***/task/task_runner/standard_task_runner.py:70 DeprecationWarning: This process (pid=181) is multi-threaded, use of fork() may lead to deadlocks in the child.
[2026-06-18T08:26:12.889+0000] {standard_task_runner.py:105} INFO - Job 120: Subtask ingest_bronze
[2026-06-18T08:26:12.889+0000] {standard_task_runner.py:72} INFO - Started process 192 to run task
[2026-06-18T08:26:12.949+0000] {task_command.py:467} INFO - Running <TaskInstance: crypto_pipeline_dag.ingest_bronze scheduled__2026-06-17T00:00:00+00:00 [running]> on host 7e9583a5360c
[2026-06-18T08:26:13.037+0000] {taskinstance.py:3134} INFO - Exporting env vars: AIRFLOW_CTX_DAG_OWNER='Laila' AIRFLOW_CTX_DAG_ID='crypto_pipeline_dag' AIRFLOW_CTX_TASK_ID='ingest_bronze' AIRFLOW_CTX_EXECUTION_DATE='2026-06-17T00:00:00+00:00' AIRFLOW_CTX_TRY_NUMBER='1' AIRFLOW_CTX_DAG_RUN_ID='scheduled__2026-06-17T00:00:00+00:00'
[2026-06-18T08:26:13.038+0000] {taskinstance.py:732} INFO - ::endgroup::
[2026-06-18T08:26:13.053+0000] {subprocess.py:78} INFO - Tmp dir root location: /tmp
[2026-06-18T08:26:13.055+0000] {subprocess.py:88} INFO - Running command: ['/usr/bin/bash', '-c', '\n        cd /opt/***/scripts &&\n        python ingest_bronze.py\n        ']
[2026-06-18T08:26:13.064+0000] {subprocess.py:99} INFO - Output:
[2026-06-18T08:26:44.065+0000] {subprocess.py:106} INFO - 🚀 Début ingestion Bronze...
[2026-06-18T08:26:44.066+0000] {subprocess.py:106} INFO - 📊 Nombre de cryptos récupérées : 250
[2026-06-18T08:26:44.067+0000] {subprocess.py:106} INFO - 💾 Fichier local créé : ../data/bronze/2026/06/18/raw.json
[2026-06-18T08:26:44.068+0000] {subprocess.py:106} INFO - Traceback (most recent call last):
[2026-06-18T08:26:44.069+0000] {subprocess.py:106} INFO -   File "/home/***/.local/lib/python3.12/site-packages/urllib3/connection.py", line 198, in _new_conn
[2026-06-18T08:26:44.069+0000] {subprocess.py:106} INFO -     sock = connection.create_connection(
[2026-06-18T08:26:44.070+0000] {subprocess.py:106} INFO -            ^^^^^^^^^^^^^^^^^^^^^^^^^^^^^
[2026-06-18T08:26:44.070+0000] {subprocess.py:106} INFO -   File "/home/***/.local/lib/python3.12/site-packages/urllib3/util/connection.py", line 60, in create_connection
[2026-06-18T08:26:44.071+0000] {subprocess.py:106} INFO -     for res in socket.getaddrinfo(host, port, family, socket.SOCK_STREAM):
[2026-06-18T08:26:44.071+0000] {subprocess.py:106} INFO -                ^^^^^^^^^^^^^^^^^^^^^^^^^^^^^^^^^^^^^^^^^^^^^^^^^^^^^^^^^^
[2026-06-18T08:26:44.072+0000] {subprocess.py:106} INFO -   File "/usr/local/lib/python3.12/socket.py", line 978, in getaddrinfo
[2026-06-18T08:26:44.072+0000] {subprocess.py:106} INFO -     for res in _socket.getaddrinfo(host, port, family, type, proto, flags):
[2026-06-18T08:26:44.073+0000] {subprocess.py:106} INFO -                ^^^^^^^^^^^^^^^^^^^^^^^^^^^^^^^^^^^^^^^^^^^^^^^^^^^^^^^^^^^
[2026-06-18T08:26:44.073+0000] {subprocess.py:106} INFO - socket.gaierror: [Errno -2] Name or service not known
[2026-06-18T08:26:44.074+0000] {subprocess.py:106} INFO - 
[2026-06-18T08:26:44.075+0000] {subprocess.py:106} INFO - The above exception was the direct cause of the following exception:
[2026-06-18T08:26:44.076+0000] {subprocess.py:106} INFO - 
[2026-06-18T08:26:44.076+0000] {subprocess.py:106} INFO - Traceback (most recent call last):
[2026-06-18T08:26:44.077+0000] {subprocess.py:106} INFO -   File "/home/***/.local/lib/python3.12/site-packages/urllib3/connectionpool.py", line 787, in urlopen
[2026-06-18T08:26:44.077+0000] {subprocess.py:106} INFO -     response = self._make_request(
[2026-06-18T08:26:44.078+0000] {subprocess.py:106} INFO -                ^^^^^^^^^^^^^^^^^^^
[2026-06-18T08:26:44.079+0000] {subprocess.py:106} INFO -   File "/home/***/.local/lib/python3.12/site-packages/urllib3/connectionpool.py", line 493, in _make_request
[2026-06-18T08:26:44.079+0000] {subprocess.py:106} INFO -     conn.request(
[2026-06-18T08:26:44.081+0000] {subprocess.py:106} INFO -   File "/home/***/.local/lib/python3.12/site-packages/urllib3/connection.py", line 445, in request
[2026-06-18T08:26:44.082+0000] {subprocess.py:106} INFO -     self.endheaders()
[2026-06-18T08:26:44.083+0000] {subprocess.py:106} INFO -   File "/usr/local/lib/python3.12/http/client.py", line 1333, in endheaders
[2026-06-18T08:26:44.083+0000] {subprocess.py:106} INFO -     self._send_output(message_body, encode_chunked=encode_chunked)
[2026-06-18T08:26:44.084+0000] {subprocess.py:106} INFO -   File "/usr/local/lib/python3.12/http/client.py", line 1093, in _send_output
[2026-06-18T08:26:44.084+0000] {subprocess.py:106} INFO -     self.send(msg)
[2026-06-18T08:26:44.084+0000] {subprocess.py:106} INFO -   File "/usr/local/lib/python3.12/http/client.py", line 1037, in send
[2026-06-18T08:26:44.085+0000] {subprocess.py:106} INFO -     self.connect()
[2026-06-18T08:26:44.085+0000] {subprocess.py:106} INFO -   File "/home/***/.local/lib/python3.12/site-packages/urllib3/connection.py", line 276, in connect
[2026-06-18T08:26:44.086+0000] {subprocess.py:106} INFO -     self.sock = self._new_conn()
[2026-06-18T08:26:44.086+0000] {subprocess.py:106} INFO -                 ^^^^^^^^^^^^^^^^
[2026-06-18T08:26:44.087+0000] {subprocess.py:106} INFO -   File "/home/***/.local/lib/python3.12/site-packages/urllib3/connection.py", line 205, in _new_conn
[2026-06-18T08:26:44.087+0000] {subprocess.py:106} INFO -     raise NameResolutionError(self.host, self, e) from e
[2026-06-18T08:26:44.088+0000] {subprocess.py:106} INFO - urllib3.exceptions.NameResolutionError: <urllib3.connection.HTTPConnection object at 0x7861a94725a0>: Failed to resolve 'minio' ([Errno -2] Name or service not known)
[2026-06-18T08:26:44.089+0000] {subprocess.py:106} INFO - 
[2026-06-18T08:26:44.089+0000] {subprocess.py:106} INFO - The above exception was the direct cause of the following exception:
[2026-06-18T08:26:44.090+0000] {subprocess.py:106} INFO - 
[2026-06-18T08:26:44.091+0000] {subprocess.py:106} INFO - Traceback (most recent call last):
[2026-06-18T08:26:44.091+0000] {subprocess.py:106} INFO -   File "/opt/***/scripts/ingest_bronze.py", line 212, in <module>
[2026-06-18T08:26:44.093+0000] {subprocess.py:106} INFO -     main()
[2026-06-18T08:26:44.094+0000] {subprocess.py:106} INFO -   File "/opt/***/scripts/ingest_bronze.py", line 195, in main
[2026-06-18T08:26:44.094+0000] {subprocess.py:106} INFO -     bucket_name = create_bucket(client)
[2026-06-18T08:26:44.095+0000] {subprocess.py:106} INFO -                   ^^^^^^^^^^^^^^^^^^^^^
[2026-06-18T08:26:44.095+0000] {subprocess.py:106} INFO -   File "/opt/***/scripts/ingest_bronze.py", line 131, in create_bucket
[2026-06-18T08:26:44.096+0000] {subprocess.py:106} INFO -     if not client.bucket_exists(bucket_name):
[2026-06-18T08:26:44.096+0000] {subprocess.py:106} INFO -            ^^^^^^^^^^^^^^^^^^^^^^^^^^^^^^^^^
[2026-06-18T08:26:44.097+0000] {subprocess.py:106} INFO -   File "/home/***/.local/lib/python3.12/site-packages/minio/api.py", line 700, in bucket_exists
[2026-06-18T08:26:44.097+0000] {subprocess.py:106} INFO -     self._execute("HEAD", bucket_name)
[2026-06-18T08:26:44.098+0000] {subprocess.py:106} INFO -   File "/home/***/.local/lib/python3.12/site-packages/minio/api.py", line 441, in _execute
[2026-06-18T08:26:44.099+0000] {subprocess.py:106} INFO -     region = self._get_region(bucket_name)
[2026-06-18T08:26:44.100+0000] {subprocess.py:106} INFO -              ^^^^^^^^^^^^^^^^^^^^^^^^^^^^^
[2026-06-18T08:26:44.100+0000] {subprocess.py:106} INFO -   File "/home/***/.local/lib/python3.12/site-packages/minio/api.py", line 498, in _get_region
[2026-06-18T08:26:44.101+0000] {subprocess.py:106} INFO -     response = self._url_open(
[2026-06-18T08:26:44.102+0000] {subprocess.py:106} INFO -                ^^^^^^^^^^^^^^^
[2026-06-18T08:26:44.103+0000] {subprocess.py:106} INFO -   File "/home/***/.local/lib/python3.12/site-packages/minio/api.py", line 306, in _url_open
[2026-06-18T08:26:44.103+0000] {subprocess.py:106} INFO -     response = self._http.urlopen(
[2026-06-18T08:26:44.104+0000] {subprocess.py:106} INFO -                ^^^^^^^^^^^^^^^^^^^
[2026-06-18T08:26:44.104+0000] {subprocess.py:106} INFO -   File "/home/***/.local/lib/python3.12/site-packages/urllib3/poolmanager.py", line 443, in urlopen
[2026-06-18T08:26:44.105+0000] {subprocess.py:106} INFO -     response = conn.urlopen(method, u.request_uri, **kw)
[2026-06-18T08:26:44.106+0000] {subprocess.py:106} INFO -                ^^^^^^^^^^^^^^^^^^^^^^^^^^^^^^^^^^^^^^^^^
[2026-06-18T08:26:44.107+0000] {subprocess.py:106} INFO -   File "/home/***/.local/lib/python3.12/site-packages/urllib3/connectionpool.py", line 871, in urlopen
[2026-06-18T08:26:44.107+0000] {subprocess.py:106} INFO -     return self.urlopen(
[2026-06-18T08:26:44.108+0000] {subprocess.py:106} INFO -            ^^^^^^^^^^^^^
[2026-06-18T08:26:44.109+0000] {subprocess.py:106} INFO -   File "/home/***/.local/lib/python3.12/site-packages/urllib3/connectionpool.py", line 871, in urlopen
[2026-06-18T08:26:44.109+0000] {subprocess.py:106} INFO -     return self.urlopen(
[2026-06-18T08:26:44.110+0000] {subprocess.py:106} INFO -            ^^^^^^^^^^^^^
[2026-06-18T08:26:44.110+0000] {subprocess.py:106} INFO -   File "/home/***/.local/lib/python3.12/site-packages/urllib3/connectionpool.py", line 871, in urlopen
[2026-06-18T08:26:44.111+0000] {subprocess.py:106} INFO -     return self.urlopen(
[2026-06-18T08:26:44.111+0000] {subprocess.py:106} INFO -            ^^^^^^^^^^^^^
[2026-06-18T08:26:44.112+0000] {subprocess.py:106} INFO -   [Previous line repeated 2 more times]
[2026-06-18T08:26:44.112+0000] {subprocess.py:106} INFO -   File "/home/***/.local/lib/python3.12/site-packages/urllib3/connectionpool.py", line 841, in urlopen
[2026-06-18T08:26:44.113+0000] {subprocess.py:106} INFO -     retries = retries.increment(
[2026-06-18T08:26:44.113+0000] {subprocess.py:106} INFO -               ^^^^^^^^^^^^^^^^^^
[2026-06-18T08:26:44.114+0000] {subprocess.py:106} INFO -   File "/home/***/.local/lib/python3.12/site-packages/urllib3/util/retry.py", line 519, in increment
[2026-06-18T08:26:44.115+0000] {subprocess.py:106} INFO -     raise MaxRetryError(_pool, url, reason) from reason  # type: ignore[arg-type]
[2026-06-18T08:26:44.115+0000] {subprocess.py:106} INFO -     ^^^^^^^^^^^^^^^^^^^^^^^^^^^^^^^^^^^^^^^^^^^^^^^^^^^
[2026-06-18T08:26:44.116+0000] {subprocess.py:106} INFO - urllib3.exceptions.MaxRetryError: HTTPConnectionPool(host='minio', port=9000): Max retries exceeded with url: /crypto-bronze?location= (Caused by NameResolutionError("<urllib3.connection.HTTPConnection object at 0x7861a94725a0>: Failed to resolve 'minio' ([Errno -2] Name or service not known)"))
[2026-06-18T08:26:44.130+0000] {subprocess.py:110} INFO - Command exited with return code 1
[2026-06-18T08:26:44.144+0000] {taskinstance.py:3313} ERROR - Task failed with exception
Traceback (most recent call last):
  File "/home/airflow/.local/lib/python3.12/site-packages/airflow/models/taskinstance.py", line 768, in _execute_task
    result = _execute_callable(context=context, **execute_callable_kwargs)
             ^^^^^^^^^^^^^^^^^^^^^^^^^^^^^^^^^^^^^^^^^^^^^^^^^^^^^^^^^^^^^
  File "/home/airflow/.local/lib/python3.12/site-packages/airflow/models/taskinstance.py", line 734, in _execute_callable
    return ExecutionCallableRunner(
           ^^^^^^^^^^^^^^^^^^^^^^^^
  File "/home/airflow/.local/lib/python3.12/site-packages/airflow/utils/operator_helpers.py", line 252, in run
    return self.func(*args, **kwargs)
           ^^^^^^^^^^^^^^^^^^^^^^^^^^
  File "/home/airflow/.local/lib/python3.12/site-packages/airflow/models/baseoperator.py", line 424, in wrapper
    return func(self, *args, **kwargs)
           ^^^^^^^^^^^^^^^^^^^^^^^^^^^
  File "/home/airflow/.local/lib/python3.12/site-packages/airflow/operators/bash.py", line 276, in execute
    raise AirflowException(
airflow.exceptions.AirflowException: Bash command failed. The command returned a non-zero exit code 1.
[2026-06-18T08:26:44.151+0000] {taskinstance.py:1226} INFO - Marking task as UP_FOR_RETRY. dag_id=crypto_pipeline_dag, task_id=ingest_bronze, run_id=scheduled__2026-06-17T00:00:00+00:00, execution_date=20260617T000000, start_date=20260618T082612, end_date=20260618T082644
[2026-06-18T08:26:44.182+0000] {taskinstance.py:341} INFO - ::group::Post task execution logs
[2026-06-18T08:26:44.183+0000] {standard_task_runner.py:124} ERROR - Failed to execute job 120 for task ingest_bronze (Bash command failed. The command returned a non-zero exit code 1.; 192)
Traceback (most recent call last):
  File "/home/airflow/.local/lib/python3.12/site-packages/airflow/task/task_runner/standard_task_runner.py", line 117, in _start_by_fork
    ret = args.func(args, dag=self.dag)
          ^^^^^^^^^^^^^^^^^^^^^^^^^^^^^
  File "/home/airflow/.local/lib/python3.12/site-packages/airflow/cli/cli_config.py", line 49, in command
    return func(*args, **kwargs)
           ^^^^^^^^^^^^^^^^^^^^^
  File "/home/airflow/.local/lib/python3.12/site-packages/airflow/utils/cli.py", line 116, in wrapper
    return f(*args, **kwargs)
           ^^^^^^^^^^^^^^^^^^
  File "/home/airflow/.local/lib/python3.12/site-packages/airflow/cli/commands/task_command.py", line 483, in task_run
    task_return_code = _run_task_by_selected_method(args, _dag, ti)
                       ^^^^^^^^^^^^^^^^^^^^^^^^^^^^^^^^^^^^^^^^^^^^
  File "/home/airflow/.local/lib/python3.12/site-packages/airflow/cli/commands/task_command.py", line 256, in _run_task_by_selected_method
    return _run_raw_task(args, ti)
           ^^^^^^^^^^^^^^^^^^^^^^^
  File "/home/airflow/.local/lib/python3.12/site-packages/airflow/cli/commands/task_command.py", line 341, in _run_raw_task
    return ti._run_raw_task(
           ^^^^^^^^^^^^^^^^^
  File "/home/airflow/.local/lib/python3.12/site-packages/airflow/utils/session.py", line 97, in wrapper
    return func(*args, session=session, **kwargs)
           ^^^^^^^^^^^^^^^^^^^^^^^^^^^^^^^^^^^^^^
  File "/home/airflow/.local/lib/python3.12/site-packages/airflow/models/taskinstance.py", line 3006, in _run_raw_task
    return _run_raw_task(
           ^^^^^^^^^^^^^^
  File "/home/airflow/.local/lib/python3.12/site-packages/airflow/models/taskinstance.py", line 274, in _run_raw_task
    TaskInstance._execute_task_with_callbacks(
  File "/home/airflow/.local/lib/python3.12/site-packages/airflow/models/taskinstance.py", line 3161, in _execute_task_with_callbacks
    result = self._execute_task(context, task_orig)
             ^^^^^^^^^^^^^^^^^^^^^^^^^^^^^^^^^^^^^^
  File "/home/airflow/.local/lib/python3.12/site-packages/airflow/models/taskinstance.py", line 3185, in _execute_task
    return _execute_task(self, context, task_orig)
           ^^^^^^^^^^^^^^^^^^^^^^^^^^^^^^^^^^^^^^^
  File "/home/airflow/.local/lib/python3.12/site-packages/airflow/models/taskinstance.py", line 768, in _execute_task
    result = _execute_callable(context=context, **execute_callable_kwargs)
             ^^^^^^^^^^^^^^^^^^^^^^^^^^^^^^^^^^^^^^^^^^^^^^^^^^^^^^^^^^^^^
  File "/home/airflow/.local/lib/python3.12/site-packages/airflow/models/taskinstance.py", line 734, in _execute_callable
    return ExecutionCallableRunner(
           ^^^^^^^^^^^^^^^^^^^^^^^^
  File "/home/airflow/.local/lib/python3.12/site-packages/airflow/utils/operator_helpers.py", line 252, in run
    return self.func(*args, **kwargs)
           ^^^^^^^^^^^^^^^^^^^^^^^^^^
  File "/home/airflow/.local/lib/python3.12/site-packages/airflow/models/baseoperator.py", line 424, in wrapper
    return func(self, *args, **kwargs)
           ^^^^^^^^^^^^^^^^^^^^^^^^^^^
  File "/home/airflow/.local/lib/python3.12/site-packages/airflow/operators/bash.py", line 276, in execute
    raise AirflowException(
airflow.exceptions.AirflowException: Bash command failed. The command returned a non-zero exit code 1.
[2026-06-18T08:26:44.215+0000] {local_task_job_runner.py:266} INFO - Task exited with return code 1
[2026-06-18T08:26:44.231+0000] {taskinstance.py:3901} INFO - 0 downstream tasks scheduled from follow-on schedule check
[2026-06-18T08:26:44.232+0000] {local_task_job_runner.py:245} INFO - ::endgroup::
