[2026-06-18T08:28:28.985+0000] {local_task_job_runner.py:123} INFO - ::group::Pre task execution logs
[2026-06-18T08:28:28.999+0000] {taskinstance.py:2614} INFO - Dependencies all met for dep_context=non-requeueable deps ti=<TaskInstance: crypto_pipeline_dag.build_gold_model manual__2026-06-18T08:28:24.134843+00:00 [queued]>
[2026-06-18T08:28:29.007+0000] {taskinstance.py:2614} INFO - Dependencies all met for dep_context=requeueable deps ti=<TaskInstance: crypto_pipeline_dag.build_gold_model manual__2026-06-18T08:28:24.134843+00:00 [queued]>
[2026-06-18T08:28:29.009+0000] {taskinstance.py:2867} INFO - Starting attempt 1 of 4
[2026-06-18T08:28:29.017+0000] {taskinstance.py:2890} INFO - Executing <Task(BashOperator): build_gold_model> on 2026-06-18 08:28:24.134843+00:00
[2026-06-18T08:28:29.022+0000] {standard_task_runner.py:104} INFO - Running: ['***', 'tasks', 'run', 'crypto_pipeline_dag', 'build_gold_model', 'manual__2026-06-18T08:28:24.134843+00:00', '--job-id', '123', '--raw', '--subdir', 'DAGS_FOLDER/crypto_pipeline_dag.py', '--cfg-path', '/tmp/tmpi5xig_de']
[2026-06-18T08:28:29.024+0000] {standard_task_runner.py:105} INFO - Job 123: Subtask build_gold_model
[2026-06-18T08:28:29.025+0000] {logging_mixin.py:190} WARNING - /home/***/.local/lib/python3.12/site-packages/***/task/task_runner/standard_task_runner.py:70 DeprecationWarning: This process (pid=250) is multi-threaded, use of fork() may lead to deadlocks in the child.
[2026-06-18T08:28:29.026+0000] {standard_task_runner.py:72} INFO - Started process 251 to run task
[2026-06-18T08:28:29.069+0000] {task_command.py:467} INFO - Running <TaskInstance: crypto_pipeline_dag.build_gold_model manual__2026-06-18T08:28:24.134843+00:00 [running]> on host 7e9583a5360c
[2026-06-18T08:28:29.119+0000] {taskinstance.py:3134} INFO - Exporting env vars: AIRFLOW_CTX_DAG_OWNER='Laila' AIRFLOW_CTX_DAG_ID='crypto_pipeline_dag' AIRFLOW_CTX_TASK_ID='build_gold_model' AIRFLOW_CTX_EXECUTION_DATE='2026-06-18T08:28:24.134843+00:00' AIRFLOW_CTX_TRY_NUMBER='1' AIRFLOW_CTX_DAG_RUN_ID='manual__2026-06-18T08:28:24.134843+00:00'
[2026-06-18T08:28:29.120+0000] {taskinstance.py:732} INFO - ::endgroup::
[2026-06-18T08:28:29.130+0000] {subprocess.py:78} INFO - Tmp dir root location: /tmp
[2026-06-18T08:28:29.131+0000] {subprocess.py:88} INFO - Running command: ['/usr/bin/bash', '-c', '\n        cd /opt/***/scripts &&\n        python build_gold.py\n        ']
[2026-06-18T08:28:29.137+0000] {subprocess.py:99} INFO - Output:
[2026-06-18T08:28:30.069+0000] {subprocess.py:106} INFO - 🚀 START GOLD PIPELINE
[2026-06-18T08:28:30.070+0000] {subprocess.py:106} INFO - 📊 INPUT SHAPE: (746, 25)
[2026-06-18T08:28:30.071+0000] {subprocess.py:106} INFO - NULL crypto_key: 0
[2026-06-18T08:28:30.071+0000] {subprocess.py:106} INFO - NULL date_key: 0
[2026-06-18T08:28:30.073+0000] {subprocess.py:106} INFO - 📊 DIM_CRYPTO: (252, 4)
[2026-06-18T08:28:30.073+0000] {subprocess.py:106} INFO - 📊 DIM_DATE: (492, 10)
[2026-06-18T08:28:30.074+0000] {subprocess.py:106} INFO - 📊 FACT: (746, 13)
[2026-06-18T08:28:30.075+0000] {subprocess.py:106} INFO - 
[2026-06-18T08:28:30.075+0000] {subprocess.py:106} INFO - DATES GOLD
[2026-06-18T08:28:30.076+0000] {subprocess.py:106} INFO - [datetime.date(2026, 6, 16), datetime.date(2026, 6, 18)]
[2026-06-18T08:28:30.076+0000] {subprocess.py:106} INFO - ✅ GOLD DONE
[2026-06-18T08:28:30.077+0000] {subprocess.py:106} INFO - 
[2026-06-18T08:28:30.078+0000] {subprocess.py:106} INFO - 📅 DIM_DATE SAMPLE
[2026-06-18T08:28:30.078+0000] {subprocess.py:106} INFO -                          timestamp        date  year  ...  week  quarter  date_key
[2026-06-18T08:28:30.079+0000] {subprocess.py:106} INFO - 0 2026-06-16 15:46:08.595000+00:00  2026-06-16  2026  ...    25        2         1
[2026-06-18T08:28:30.079+0000] {subprocess.py:106} INFO - 1 2026-06-16 15:46:08.733000+00:00  2026-06-16  2026  ...    25        2         2
[2026-06-18T08:28:30.079+0000] {subprocess.py:106} INFO - 2 2026-06-16 15:46:08.891000+00:00  2026-06-16  2026  ...    25        2         3
[2026-06-18T08:28:30.079+0000] {subprocess.py:106} INFO - 3 2026-06-16 15:46:08.660000+00:00  2026-06-16  2026  ...    25        2         4
[2026-06-18T08:28:30.080+0000] {subprocess.py:106} INFO - 4 2026-06-16 15:46:12.660000+00:00  2026-06-16  2026  ...    25        2         5
[2026-06-18T08:28:30.080+0000] {subprocess.py:106} INFO - 
[2026-06-18T08:28:30.080+0000] {subprocess.py:106} INFO - [5 rows x 10 columns]
[2026-06-18T08:28:30.081+0000] {subprocess.py:106} INFO - 
[2026-06-18T08:28:30.081+0000] {subprocess.py:106} INFO - 📊 FACT SAMPLE
[2026-06-18T08:28:30.082+0000] {subprocess.py:106} INFO -    crypto_key  date_key  ...    max_supply        ath
[2026-06-18T08:28:30.082+0000] {subprocess.py:106} INFO - 0           1         1  ...  2.100000e+07  126080.00
[2026-06-18T08:28:30.083+0000] {subprocess.py:106} INFO - 1           2         2  ...  1.000000e+09    4946.05
[2026-06-18T08:28:30.083+0000] {subprocess.py:106} INFO - 2           3         3  ...  1.000000e+09       1.32
[2026-06-18T08:28:30.084+0000] {subprocess.py:106} INFO - 3           4         4  ...  2.000000e+08    1369.99
[2026-06-18T08:28:30.084+0000] {subprocess.py:106} INFO - 4           5         5  ...  1.000000e+11       3.65
[2026-06-18T08:28:30.085+0000] {subprocess.py:106} INFO - 
[2026-06-18T08:28:30.085+0000] {subprocess.py:106} INFO - [5 rows x 13 columns]
[2026-06-18T08:28:30.129+0000] {subprocess.py:110} INFO - Command exited with return code 0
[2026-06-18T08:28:30.149+0000] {taskinstance.py:341} INFO - ::group::Post task execution logs
[2026-06-18T08:28:30.150+0000] {taskinstance.py:353} INFO - Marking task as SUCCESS. dag_id=crypto_pipeline_dag, task_id=build_gold_model, run_id=manual__2026-06-18T08:28:24.134843+00:00, execution_date=20260618T082824, start_date=20260618T082829, end_date=20260618T082830
[2026-06-18T08:28:30.202+0000] {local_task_job_runner.py:266} INFO - Task exited with return code 0
[2026-06-18T08:28:30.218+0000] {taskinstance.py:3901} INFO - 1 downstream tasks scheduled from follow-on schedule check
[2026-06-18T08:28:30.219+0000] {local_task_job_runner.py:245} INFO - ::endgroup::
