[2026-06-16T15:23:15.991+0000] {local_task_job_runner.py:123} INFO - ::group::Pre task execution logs
[2026-06-16T15:23:16.009+0000] {taskinstance.py:2614} INFO - Dependencies all met for dep_context=non-requeueable deps ti=<TaskInstance: crypto_pipeline_dag.transform_silver manual__2026-06-16T00:00:00+00:00 [queued]>
[2026-06-16T15:23:16.017+0000] {taskinstance.py:2614} INFO - Dependencies all met for dep_context=requeueable deps ti=<TaskInstance: crypto_pipeline_dag.transform_silver manual__2026-06-16T00:00:00+00:00 [queued]>
[2026-06-16T15:23:16.018+0000] {taskinstance.py:2867} INFO - Starting attempt 1 of 4
[2026-06-16T15:23:16.028+0000] {taskinstance.py:2890} INFO - Executing <Task(BashOperator): transform_silver> on 2026-06-16 00:00:00+00:00
[2026-06-16T15:23:16.035+0000] {standard_task_runner.py:104} INFO - Running: ['***', 'tasks', 'run', 'crypto_pipeline_dag', 'transform_silver', 'manual__2026-06-16T00:00:00+00:00', '--job-id', '63', '--raw', '--subdir', 'DAGS_FOLDER/crypto_pipeline_dag.py', '--cfg-path', '/tmp/tmp_1mvcps7']
[2026-06-16T15:23:16.038+0000] {standard_task_runner.py:105} INFO - Job 63: Subtask transform_silver
[2026-06-16T15:23:16.039+0000] {logging_mixin.py:190} WARNING - /home/***/.local/lib/python3.12/site-packages/***/task/task_runner/standard_task_runner.py:70 DeprecationWarning: This process (pid=1970) is multi-threaded, use of fork() may lead to deadlocks in the child.
[2026-06-16T15:23:16.040+0000] {standard_task_runner.py:72} INFO - Started process 1971 to run task
[2026-06-16T15:23:16.081+0000] {task_command.py:467} INFO - Running <TaskInstance: crypto_pipeline_dag.transform_silver manual__2026-06-16T00:00:00+00:00 [running]> on host 7e9583a5360c
[2026-06-16T15:23:16.144+0000] {taskinstance.py:3134} INFO - Exporting env vars: AIRFLOW_CTX_DAG_OWNER='Laila' AIRFLOW_CTX_DAG_ID='crypto_pipeline_dag' AIRFLOW_CTX_TASK_ID='transform_silver' AIRFLOW_CTX_EXECUTION_DATE='2026-06-16T00:00:00+00:00' AIRFLOW_CTX_TRY_NUMBER='1' AIRFLOW_CTX_DAG_RUN_ID='manual__2026-06-16T00:00:00+00:00'
[2026-06-16T15:23:16.146+0000] {taskinstance.py:732} INFO - ::endgroup::
[2026-06-16T15:23:16.161+0000] {subprocess.py:78} INFO - Tmp dir root location: /tmp
[2026-06-16T15:23:16.162+0000] {subprocess.py:88} INFO - Running command: ['/usr/bin/bash', '-c', '\n        cd /opt/***/scripts &&\n        python transform_silver.py\n        ']
[2026-06-16T15:23:16.171+0000] {subprocess.py:99} INFO - Output:
[2026-06-16T15:23:17.253+0000] {subprocess.py:106} INFO - 
[2026-06-16T15:23:17.254+0000] {subprocess.py:106} INFO - 📂 Fichiers Bronze trouvés :
[2026-06-16T15:23:17.255+0000] {subprocess.py:106} INFO - 2026/06/16/raw.json
[2026-06-16T15:23:17.256+0000] {subprocess.py:106} INFO - 
[2026-06-16T15:23:17.256+0000] {subprocess.py:106} INFO - 📊 Total lignes récupérées : 250
[2026-06-16T15:23:17.262+0000] {subprocess.py:106} INFO - 2026-06-04 17:58:24.894000+00:00
[2026-06-16T15:23:17.264+0000] {subprocess.py:106} INFO - 2026-06-16 15:22:23.019000+00:00
[2026-06-16T15:23:17.265+0000] {subprocess.py:106} INFO - 246
[2026-06-16T15:23:17.266+0000] {subprocess.py:106} INFO - Dates uniques : 1
[2026-06-16T15:23:17.267+0000] {subprocess.py:106} INFO - Heures uniques : 1
[2026-06-16T15:23:17.269+0000] {subprocess.py:106} INFO - Minutes uniques : 4
[2026-06-16T15:23:17.269+0000] {subprocess.py:106} INFO - Dates : [datetime.date(2026, 6, 16)]
[2026-06-16T15:23:17.271+0000] {subprocess.py:106} INFO - Heures : [15]
[2026-06-16T15:23:17.272+0000] {subprocess.py:106} INFO - Minutes : [10, 15, 20, 22]
[2026-06-16T15:23:17.273+0000] {subprocess.py:106} INFO -           date  hour  minute
[2026-06-16T15:23:17.275+0000] {subprocess.py:106} INFO - 85  2026-06-16    15      10
[2026-06-16T15:23:17.275+0000] {subprocess.py:106} INFO - 69  2026-06-16    15      15
[2026-06-16T15:23:17.276+0000] {subprocess.py:106} INFO - 40  2026-06-16    15      20
[2026-06-16T15:23:17.277+0000] {subprocess.py:106} INFO - 0   2026-06-16    15      22
[2026-06-16T15:23:17.278+0000] {subprocess.py:106} INFO - 
[2026-06-16T15:23:17.280+0000] {subprocess.py:106} INFO - DATES SILVER
[2026-06-16T15:23:17.281+0000] {subprocess.py:106} INFO - [datetime.date(2026, 6, 16)]
[2026-06-16T15:23:17.282+0000] {subprocess.py:106} INFO - 
[2026-06-16T15:23:17.282+0000] {subprocess.py:106} INFO - NB DATES UNIQUES
[2026-06-16T15:23:17.283+0000] {subprocess.py:106} INFO - 1
[2026-06-16T15:23:17.346+0000] {subprocess.py:110} INFO - Command exited with return code 0
[2026-06-16T15:23:17.377+0000] {taskinstance.py:341} INFO - ::group::Post task execution logs
[2026-06-16T15:23:17.378+0000] {taskinstance.py:353} INFO - Marking task as SUCCESS. dag_id=crypto_pipeline_dag, task_id=transform_silver, run_id=manual__2026-06-16T00:00:00+00:00, execution_date=20260616T000000, start_date=20260616T152316, end_date=20260616T152317
[2026-06-16T15:23:17.428+0000] {local_task_job_runner.py:266} INFO - Task exited with return code 0
[2026-06-16T15:23:17.443+0000] {taskinstance.py:3901} INFO - 0 downstream tasks scheduled from follow-on schedule check
[2026-06-16T15:23:17.446+0000] {local_task_job_runner.py:245} INFO - ::endgroup::
[2026-06-16T15:35:55.264+0000] {local_task_job_runner.py:123} INFO - ::group::Pre task execution logs
[2026-06-16T15:35:55.280+0000] {taskinstance.py:2614} INFO - Dependencies all met for dep_context=non-requeueable deps ti=<TaskInstance: crypto_pipeline_dag.transform_silver manual__2026-06-16T00:00:00+00:00 [queued]>
[2026-06-16T15:35:55.287+0000] {taskinstance.py:2614} INFO - Dependencies all met for dep_context=requeueable deps ti=<TaskInstance: crypto_pipeline_dag.transform_silver manual__2026-06-16T00:00:00+00:00 [queued]>
[2026-06-16T15:35:55.287+0000] {taskinstance.py:2867} INFO - Starting attempt 1 of 4
[2026-06-16T15:35:55.295+0000] {taskinstance.py:2890} INFO - Executing <Task(BashOperator): transform_silver> on 2026-06-16 00:00:00+00:00
[2026-06-16T15:35:55.301+0000] {standard_task_runner.py:104} INFO - Running: ['***', 'tasks', 'run', 'crypto_pipeline_dag', 'transform_silver', 'manual__2026-06-16T00:00:00+00:00', '--job-id', '68', '--raw', '--subdir', 'DAGS_FOLDER/crypto_pipeline_dag.py', '--cfg-path', '/tmp/tmpwrjulpxc']
[2026-06-16T15:35:55.303+0000] {standard_task_runner.py:105} INFO - Job 68: Subtask transform_silver
[2026-06-16T15:35:55.305+0000] {logging_mixin.py:190} WARNING - /home/***/.local/lib/python3.12/site-packages/***/task/task_runner/standard_task_runner.py:70 DeprecationWarning: This process (pid=2415) is multi-threaded, use of fork() may lead to deadlocks in the child.
[2026-06-16T15:35:55.305+0000] {standard_task_runner.py:72} INFO - Started process 2416 to run task
[2026-06-16T15:35:55.343+0000] {task_command.py:467} INFO - Running <TaskInstance: crypto_pipeline_dag.transform_silver manual__2026-06-16T00:00:00+00:00 [running]> on host 7e9583a5360c
[2026-06-16T15:35:55.394+0000] {taskinstance.py:3134} INFO - Exporting env vars: AIRFLOW_CTX_DAG_OWNER='Laila' AIRFLOW_CTX_DAG_ID='crypto_pipeline_dag' AIRFLOW_CTX_TASK_ID='transform_silver' AIRFLOW_CTX_EXECUTION_DATE='2026-06-16T00:00:00+00:00' AIRFLOW_CTX_TRY_NUMBER='1' AIRFLOW_CTX_DAG_RUN_ID='manual__2026-06-16T00:00:00+00:00'
[2026-06-16T15:35:55.395+0000] {taskinstance.py:732} INFO - ::endgroup::
[2026-06-16T15:35:55.405+0000] {subprocess.py:78} INFO - Tmp dir root location: /tmp
[2026-06-16T15:35:55.406+0000] {subprocess.py:88} INFO - Running command: ['/usr/bin/bash', '-c', '\n        cd /opt/***/scripts &&\n        python transform_silver.py\n        ']
[2026-06-16T15:35:55.413+0000] {subprocess.py:99} INFO - Output:
[2026-06-16T15:35:56.270+0000] {subprocess.py:106} INFO - 
[2026-06-16T15:35:56.271+0000] {subprocess.py:106} INFO - 📂 Fichiers Bronze trouvés :
[2026-06-16T15:35:56.272+0000] {subprocess.py:106} INFO - 2026/06/16/raw.json
[2026-06-16T15:35:56.272+0000] {subprocess.py:106} INFO - 
[2026-06-16T15:35:56.272+0000] {subprocess.py:106} INFO - 📊 Total lignes récupérées : 250
[2026-06-16T15:35:56.273+0000] {subprocess.py:106} INFO - 2026-06-04 17:58:24.894000+00:00
[2026-06-16T15:35:56.273+0000] {subprocess.py:106} INFO - 2026-06-16 15:35:32.750000+00:00
[2026-06-16T15:35:56.273+0000] {subprocess.py:106} INFO - 249
[2026-06-16T15:35:56.274+0000] {subprocess.py:106} INFO - Dates uniques : 1
[2026-06-16T15:35:56.274+0000] {subprocess.py:106} INFO - Heures uniques : 1
[2026-06-16T15:35:56.274+0000] {subprocess.py:106} INFO - Minutes uniques : 4
[2026-06-16T15:35:56.275+0000] {subprocess.py:106} INFO - Dates : [datetime.date(2026, 6, 16)]
[2026-06-16T15:35:56.275+0000] {subprocess.py:106} INFO - Heures : [15]
[2026-06-16T15:35:56.275+0000] {subprocess.py:106} INFO - Minutes : [20, 25, 30, 35]
[2026-06-16T15:35:56.276+0000] {subprocess.py:106} INFO -            date  hour  minute
[2026-06-16T15:35:56.276+0000] {subprocess.py:106} INFO - 98   2026-06-16    15      20
[2026-06-16T15:35:56.276+0000] {subprocess.py:106} INFO - 202  2026-06-16    15      25
[2026-06-16T15:35:56.276+0000] {subprocess.py:106} INFO - 40   2026-06-16    15      30
[2026-06-16T15:35:56.277+0000] {subprocess.py:106} INFO - 0    2026-06-16    15      35
[2026-06-16T15:35:56.277+0000] {subprocess.py:106} INFO - 
[2026-06-16T15:35:56.278+0000] {subprocess.py:106} INFO - DATES SILVER
[2026-06-16T15:35:56.278+0000] {subprocess.py:106} INFO - [datetime.date(2026, 6, 16)]
[2026-06-16T15:35:56.278+0000] {subprocess.py:106} INFO - 
[2026-06-16T15:35:56.278+0000] {subprocess.py:106} INFO - NB DATES UNIQUES
[2026-06-16T15:35:56.279+0000] {subprocess.py:106} INFO - 1
[2026-06-16T15:35:56.318+0000] {subprocess.py:110} INFO - Command exited with return code 0
[2026-06-16T15:35:56.338+0000] {taskinstance.py:341} INFO - ::group::Post task execution logs
[2026-06-16T15:35:56.339+0000] {taskinstance.py:353} INFO - Marking task as SUCCESS. dag_id=crypto_pipeline_dag, task_id=transform_silver, run_id=manual__2026-06-16T00:00:00+00:00, execution_date=20260616T000000, start_date=20260616T153555, end_date=20260616T153556
[2026-06-16T15:35:56.402+0000] {local_task_job_runner.py:266} INFO - Task exited with return code 0
[2026-06-16T15:35:56.417+0000] {taskinstance.py:3901} INFO - 0 downstream tasks scheduled from follow-on schedule check
[2026-06-16T15:35:56.418+0000] {local_task_job_runner.py:245} INFO - ::endgroup::
[2026-06-16T15:42:39.758+0000] {local_task_job_runner.py:123} INFO - ::group::Pre task execution logs
[2026-06-16T15:42:39.774+0000] {taskinstance.py:2614} INFO - Dependencies all met for dep_context=non-requeueable deps ti=<TaskInstance: crypto_pipeline_dag.transform_silver manual__2026-06-16T00:00:00+00:00 [queued]>
[2026-06-16T15:42:39.781+0000] {taskinstance.py:2614} INFO - Dependencies all met for dep_context=requeueable deps ti=<TaskInstance: crypto_pipeline_dag.transform_silver manual__2026-06-16T00:00:00+00:00 [queued]>
[2026-06-16T15:42:39.781+0000] {taskinstance.py:2867} INFO - Starting attempt 1 of 4
[2026-06-16T15:42:39.790+0000] {taskinstance.py:2890} INFO - Executing <Task(BashOperator): transform_silver> on 2026-06-16 00:00:00+00:00
[2026-06-16T15:42:39.796+0000] {standard_task_runner.py:104} INFO - Running: ['***', 'tasks', 'run', 'crypto_pipeline_dag', 'transform_silver', 'manual__2026-06-16T00:00:00+00:00', '--job-id', '72', '--raw', '--subdir', 'DAGS_FOLDER/crypto_pipeline_dag.py', '--cfg-path', '/tmp/tmpx3pb292c']
[2026-06-16T15:42:39.798+0000] {standard_task_runner.py:105} INFO - Job 72: Subtask transform_silver
[2026-06-16T15:42:39.800+0000] {logging_mixin.py:190} WARNING - /home/***/.local/lib/python3.12/site-packages/***/task/task_runner/standard_task_runner.py:70 DeprecationWarning: This process (pid=2734) is multi-threaded, use of fork() may lead to deadlocks in the child.
[2026-06-16T15:42:39.801+0000] {standard_task_runner.py:72} INFO - Started process 2735 to run task
[2026-06-16T15:42:39.835+0000] {task_command.py:467} INFO - Running <TaskInstance: crypto_pipeline_dag.transform_silver manual__2026-06-16T00:00:00+00:00 [running]> on host 7e9583a5360c
[2026-06-16T15:42:39.886+0000] {taskinstance.py:3134} INFO - Exporting env vars: AIRFLOW_CTX_DAG_OWNER='Laila' AIRFLOW_CTX_DAG_ID='crypto_pipeline_dag' AIRFLOW_CTX_TASK_ID='transform_silver' AIRFLOW_CTX_EXECUTION_DATE='2026-06-16T00:00:00+00:00' AIRFLOW_CTX_TRY_NUMBER='1' AIRFLOW_CTX_DAG_RUN_ID='manual__2026-06-16T00:00:00+00:00'
[2026-06-16T15:42:39.887+0000] {taskinstance.py:732} INFO - ::endgroup::
[2026-06-16T15:42:39.897+0000] {subprocess.py:78} INFO - Tmp dir root location: /tmp
[2026-06-16T15:42:39.898+0000] {subprocess.py:88} INFO - Running command: ['/usr/bin/bash', '-c', '\n        cd /opt/***/scripts &&\n        python transform_silver.py\n        ']
[2026-06-16T15:42:39.905+0000] {subprocess.py:99} INFO - Output:
[2026-06-16T15:42:40.907+0000] {subprocess.py:106} INFO - 
[2026-06-16T15:42:40.908+0000] {subprocess.py:106} INFO - 📂 Fichiers Bronze trouvés :
[2026-06-16T15:42:40.909+0000] {subprocess.py:106} INFO - 2026/06/16/raw.json
[2026-06-16T15:42:40.909+0000] {subprocess.py:106} INFO - 
[2026-06-16T15:42:40.910+0000] {subprocess.py:106} INFO - 📊 Total lignes récupérées : 250
[2026-06-16T15:42:40.910+0000] {subprocess.py:106} INFO - 2026-06-04 17:58:24.894000+00:00
[2026-06-16T15:42:40.910+0000] {subprocess.py:106} INFO - 2026-06-16 15:41:34.536000+00:00
[2026-06-16T15:42:40.911+0000] {subprocess.py:106} INFO - 244
[2026-06-16T15:42:40.911+0000] {subprocess.py:106} INFO - Dates uniques : 1
[2026-06-16T15:42:40.911+0000] {subprocess.py:106} INFO - Heures uniques : 1
[2026-06-16T15:42:40.912+0000] {subprocess.py:106} INFO - Minutes uniques : 4
[2026-06-16T15:42:40.912+0000] {subprocess.py:106} INFO - Dates : [datetime.date(2026, 6, 16)]
[2026-06-16T15:42:40.912+0000] {subprocess.py:106} INFO - Heures : [15]
[2026-06-16T15:42:40.913+0000] {subprocess.py:106} INFO - Minutes : [30, 35, 40, 41]
[2026-06-16T15:42:40.913+0000] {subprocess.py:106} INFO -            date  hour  minute
[2026-06-16T15:42:40.913+0000] {subprocess.py:106} INFO - 105  2026-06-16    15      30
[2026-06-16T15:42:40.914+0000] {subprocess.py:106} INFO - 70   2026-06-16    15      35
[2026-06-16T15:42:40.914+0000] {subprocess.py:106} INFO - 40   2026-06-16    15      40
[2026-06-16T15:42:40.914+0000] {subprocess.py:106} INFO - 0    2026-06-16    15      41
[2026-06-16T15:42:40.915+0000] {subprocess.py:106} INFO - 
[2026-06-16T15:42:40.915+0000] {subprocess.py:106} INFO - DATES SILVER
[2026-06-16T15:42:40.916+0000] {subprocess.py:106} INFO - [datetime.date(2026, 6, 16)]
[2026-06-16T15:42:40.916+0000] {subprocess.py:106} INFO - 
[2026-06-16T15:42:40.917+0000] {subprocess.py:106} INFO - NB DATES UNIQUES
[2026-06-16T15:42:40.917+0000] {subprocess.py:106} INFO - 1
[2026-06-16T15:42:40.972+0000] {subprocess.py:110} INFO - Command exited with return code 0
[2026-06-16T15:42:40.995+0000] {taskinstance.py:341} INFO - ::group::Post task execution logs
[2026-06-16T15:42:40.995+0000] {taskinstance.py:353} INFO - Marking task as SUCCESS. dag_id=crypto_pipeline_dag, task_id=transform_silver, run_id=manual__2026-06-16T00:00:00+00:00, execution_date=20260616T000000, start_date=20260616T154239, end_date=20260616T154240
[2026-06-16T15:42:41.022+0000] {local_task_job_runner.py:266} INFO - Task exited with return code 0
[2026-06-16T15:42:41.038+0000] {taskinstance.py:3901} INFO - 0 downstream tasks scheduled from follow-on schedule check
[2026-06-16T15:42:41.040+0000] {local_task_job_runner.py:245} INFO - ::endgroup::
