[2026-06-16T14:15:13.027+0000] {local_task_job_runner.py:123} INFO - ::group::Pre task execution logs
[2026-06-16T14:15:13.043+0000] {taskinstance.py:2614} INFO - Dependencies all met for dep_context=non-requeueable deps ti=<TaskInstance: crypto_pipeline_dag.transform_silver manual__2026-06-16T09:50:02.719026+00:00 [queued]>
[2026-06-16T14:15:13.051+0000] {taskinstance.py:2614} INFO - Dependencies all met for dep_context=requeueable deps ti=<TaskInstance: crypto_pipeline_dag.transform_silver manual__2026-06-16T09:50:02.719026+00:00 [queued]>
[2026-06-16T14:15:13.051+0000] {taskinstance.py:2867} INFO - Starting attempt 1 of 4
[2026-06-16T14:15:13.061+0000] {taskinstance.py:2890} INFO - Executing <Task(BashOperator): transform_silver> on 2026-06-16 09:50:02.719026+00:00
[2026-06-16T14:15:13.068+0000] {standard_task_runner.py:104} INFO - Running: ['***', 'tasks', 'run', 'crypto_pipeline_dag', 'transform_silver', 'manual__2026-06-16T09:50:02.719026+00:00', '--job-id', '59', '--raw', '--subdir', 'DAGS_FOLDER/crypto_pipeline_dag.py', '--cfg-path', '/tmp/tmpcmnquqzo']
[2026-06-16T14:15:13.070+0000] {standard_task_runner.py:105} INFO - Job 59: Subtask transform_silver
[2026-06-16T14:15:13.072+0000] {logging_mixin.py:190} WARNING - /home/***/.local/lib/python3.12/site-packages/***/task/task_runner/standard_task_runner.py:70 DeprecationWarning: This process (pid=1156) is multi-threaded, use of fork() may lead to deadlocks in the child.
[2026-06-16T14:15:13.073+0000] {standard_task_runner.py:72} INFO - Started process 1157 to run task
[2026-06-16T14:15:13.109+0000] {task_command.py:467} INFO - Running <TaskInstance: crypto_pipeline_dag.transform_silver manual__2026-06-16T09:50:02.719026+00:00 [running]> on host 7e9583a5360c
[2026-06-16T14:15:13.173+0000] {taskinstance.py:3134} INFO - Exporting env vars: AIRFLOW_CTX_DAG_OWNER='Laila' AIRFLOW_CTX_DAG_ID='crypto_pipeline_dag' AIRFLOW_CTX_TASK_ID='transform_silver' AIRFLOW_CTX_EXECUTION_DATE='2026-06-16T09:50:02.719026+00:00' AIRFLOW_CTX_TRY_NUMBER='1' AIRFLOW_CTX_DAG_RUN_ID='manual__2026-06-16T09:50:02.719026+00:00'
[2026-06-16T14:15:13.174+0000] {taskinstance.py:732} INFO - ::endgroup::
[2026-06-16T14:15:13.193+0000] {subprocess.py:78} INFO - Tmp dir root location: /tmp
[2026-06-16T14:15:13.194+0000] {subprocess.py:88} INFO - Running command: ['/usr/bin/bash', '-c', '\n        cd /opt/***/scripts &&\n        python transform_silver.py\n        ']
[2026-06-16T14:15:13.202+0000] {subprocess.py:99} INFO - Output:
[2026-06-16T14:15:21.063+0000] {subprocess.py:110} INFO - Command exited with return code 0
[2026-06-16T14:15:21.084+0000] {taskinstance.py:341} INFO - ::group::Post task execution logs
[2026-06-16T14:15:21.084+0000] {taskinstance.py:353} INFO - Marking task as SUCCESS. dag_id=crypto_pipeline_dag, task_id=transform_silver, run_id=manual__2026-06-16T09:50:02.719026+00:00, execution_date=20260616T095002, start_date=20260616T141513, end_date=20260616T141521
[2026-06-16T14:15:21.109+0000] {local_task_job_runner.py:266} INFO - Task exited with return code 0
[2026-06-16T14:15:21.127+0000] {taskinstance.py:3901} INFO - 1 downstream tasks scheduled from follow-on schedule check
[2026-06-16T14:15:21.128+0000] {local_task_job_runner.py:245} INFO - ::endgroup::
