[2026-06-16T09:54:54.531+0000] {local_task_job_runner.py:123} INFO - ::group::Pre task execution logs
[2026-06-16T09:54:54.543+0000] {taskinstance.py:2614} INFO - Dependencies all met for dep_context=non-requeueable deps ti=<TaskInstance: crypto_pipeline_dag.ingest_bronze scheduled__2026-06-15T00:00:00+00:00 [queued]>
[2026-06-16T09:54:54.548+0000] {taskinstance.py:2614} INFO - Dependencies all met for dep_context=requeueable deps ti=<TaskInstance: crypto_pipeline_dag.ingest_bronze scheduled__2026-06-15T00:00:00+00:00 [queued]>
[2026-06-16T09:54:54.549+0000] {taskinstance.py:2867} INFO - Starting attempt 2 of 4
[2026-06-16T09:54:54.558+0000] {taskinstance.py:2890} INFO - Executing <Task(BashOperator): ingest_bronze> on 2026-06-15 00:00:00+00:00
[2026-06-16T09:54:54.564+0000] {standard_task_runner.py:104} INFO - Running: ['***', 'tasks', 'run', 'crypto_pipeline_dag', 'ingest_bronze', 'scheduled__2026-06-15T00:00:00+00:00', '--job-id', '16', '--raw', '--subdir', 'DAGS_FOLDER/crypto_pipeline_dag.py', '--cfg-path', '/tmp/tmpu4wjrpbx']
[2026-06-16T09:54:54.566+0000] {logging_mixin.py:190} WARNING - /home/***/.local/lib/python3.12/site-packages/***/task/task_runner/standard_task_runner.py:70 DeprecationWarning: This process (pid=397) is multi-threaded, use of fork() may lead to deadlocks in the child.
[2026-06-16T09:54:54.566+0000] {standard_task_runner.py:105} INFO - Job 16: Subtask ingest_bronze
[2026-06-16T09:54:54.566+0000] {standard_task_runner.py:72} INFO - Started process 399 to run task
[2026-06-16T09:54:54.606+0000] {task_command.py:467} INFO - Running <TaskInstance: crypto_pipeline_dag.ingest_bronze scheduled__2026-06-15T00:00:00+00:00 [running]> on host 7e9583a5360c
[2026-06-16T09:54:54.661+0000] {taskinstance.py:3134} INFO - Exporting env vars: AIRFLOW_CTX_DAG_OWNER='Laila' AIRFLOW_CTX_DAG_ID='crypto_pipeline_dag' AIRFLOW_CTX_TASK_ID='ingest_bronze' AIRFLOW_CTX_EXECUTION_DATE='2026-06-15T00:00:00+00:00' AIRFLOW_CTX_TRY_NUMBER='2' AIRFLOW_CTX_DAG_RUN_ID='scheduled__2026-06-15T00:00:00+00:00'
[2026-06-16T09:54:54.661+0000] {taskinstance.py:732} INFO - ::endgroup::
[2026-06-16T09:54:54.671+0000] {subprocess.py:78} INFO - Tmp dir root location: /tmp
[2026-06-16T09:54:54.672+0000] {subprocess.py:88} INFO - Running command: ['/usr/bin/bash', '-c', '\n        cd C:/Users/user/Desktop/data_crypto/scripts &&\n        py ingest_bronze.py\n        ']
[2026-06-16T09:54:54.679+0000] {subprocess.py:99} INFO - Output:
[2026-06-16T09:54:54.680+0000] {subprocess.py:106} INFO - /usr/bin/bash: line 2: cd: C:/Users/user/Desktop/data_crypto/scripts: No such file or directory
[2026-06-16T09:54:54.681+0000] {subprocess.py:110} INFO - Command exited with return code 1
[2026-06-16T09:54:54.689+0000] {taskinstance.py:3313} ERROR - Task failed with exception
Traceback (most recent call last):
  File "/home/airflow/.local/lib/python3.12/site-packages/airflow/models/taskinstance.py", line 768, in _execute_task
    result = _execute_callable(context=context, **execute_callable_kwargs)
             ^^^^^^^^^^^^^^^^^^^^^^^^^^^^^^^^^^^^^^^^^^^^^^^^^^^^^^^^^^^^^
  File "/home/airflow/.local/lib/python3.12/site-packages/airflow/models/taskinstance.py", line 734, in _execute_callable
    return ExecutionCallableRunner(
           ^^^^^^^^^^^^^^^^^^^^^^^^
  File "/home/airflow/.local/lib/python3.12/site-packages/airflow/utils/operator_helpers.py", line 252, in run
    return self.func(*args, **kwargs)
           ^^^^^^^^^^^^^^^^^^^^^^^^^^
  File "/home/airflow/.local/lib/python3.12/site-packages/airflow/models/baseoperator.py", line 424, in wrapper
    return func(self, *args, **kwargs)
           ^^^^^^^^^^^^^^^^^^^^^^^^^^^
  File "/home/airflow/.local/lib/python3.12/site-packages/airflow/operators/bash.py", line 276, in execute
    raise AirflowException(
airflow.exceptions.AirflowException: Bash command failed. The command returned a non-zero exit code 1.
[2026-06-16T09:54:54.694+0000] {taskinstance.py:1226} INFO - Marking task as UP_FOR_RETRY. dag_id=crypto_pipeline_dag, task_id=ingest_bronze, run_id=scheduled__2026-06-15T00:00:00+00:00, execution_date=20260615T000000, start_date=20260616T095454, end_date=20260616T095454
[2026-06-16T09:54:54.717+0000] {taskinstance.py:341} INFO - ::group::Post task execution logs
[2026-06-16T09:54:54.718+0000] {standard_task_runner.py:124} ERROR - Failed to execute job 16 for task ingest_bronze (Bash command failed. The command returned a non-zero exit code 1.; 399)
Traceback (most recent call last):
  File "/home/airflow/.local/lib/python3.12/site-packages/airflow/task/task_runner/standard_task_runner.py", line 117, in _start_by_fork
    ret = args.func(args, dag=self.dag)
          ^^^^^^^^^^^^^^^^^^^^^^^^^^^^^
  File "/home/airflow/.local/lib/python3.12/site-packages/airflow/cli/cli_config.py", line 49, in command
    return func(*args, **kwargs)
           ^^^^^^^^^^^^^^^^^^^^^
  File "/home/airflow/.local/lib/python3.12/site-packages/airflow/utils/cli.py", line 116, in wrapper
    return f(*args, **kwargs)
           ^^^^^^^^^^^^^^^^^^
  File "/home/airflow/.local/lib/python3.12/site-packages/airflow/cli/commands/task_command.py", line 483, in task_run
    task_return_code = _run_task_by_selected_method(args, _dag, ti)
                       ^^^^^^^^^^^^^^^^^^^^^^^^^^^^^^^^^^^^^^^^^^^^
  File "/home/airflow/.local/lib/python3.12/site-packages/airflow/cli/commands/task_command.py", line 256, in _run_task_by_selected_method
    return _run_raw_task(args, ti)
           ^^^^^^^^^^^^^^^^^^^^^^^
  File "/home/airflow/.local/lib/python3.12/site-packages/airflow/cli/commands/task_command.py", line 341, in _run_raw_task
    return ti._run_raw_task(
           ^^^^^^^^^^^^^^^^^
  File "/home/airflow/.local/lib/python3.12/site-packages/airflow/utils/session.py", line 97, in wrapper
    return func(*args, session=session, **kwargs)
           ^^^^^^^^^^^^^^^^^^^^^^^^^^^^^^^^^^^^^^
  File "/home/airflow/.local/lib/python3.12/site-packages/airflow/models/taskinstance.py", line 3006, in _run_raw_task
    return _run_raw_task(
           ^^^^^^^^^^^^^^
  File "/home/airflow/.local/lib/python3.12/site-packages/airflow/models/taskinstance.py", line 274, in _run_raw_task
    TaskInstance._execute_task_with_callbacks(
  File "/home/airflow/.local/lib/python3.12/site-packages/airflow/models/taskinstance.py", line 3161, in _execute_task_with_callbacks
    result = self._execute_task(context, task_orig)
             ^^^^^^^^^^^^^^^^^^^^^^^^^^^^^^^^^^^^^^
  File "/home/airflow/.local/lib/python3.12/site-packages/airflow/models/taskinstance.py", line 3185, in _execute_task
    return _execute_task(self, context, task_orig)
           ^^^^^^^^^^^^^^^^^^^^^^^^^^^^^^^^^^^^^^^
  File "/home/airflow/.local/lib/python3.12/site-packages/airflow/models/taskinstance.py", line 768, in _execute_task
    result = _execute_callable(context=context, **execute_callable_kwargs)
             ^^^^^^^^^^^^^^^^^^^^^^^^^^^^^^^^^^^^^^^^^^^^^^^^^^^^^^^^^^^^^
  File "/home/airflow/.local/lib/python3.12/site-packages/airflow/models/taskinstance.py", line 734, in _execute_callable
    return ExecutionCallableRunner(
           ^^^^^^^^^^^^^^^^^^^^^^^^
  File "/home/airflow/.local/lib/python3.12/site-packages/airflow/utils/operator_helpers.py", line 252, in run
    return self.func(*args, **kwargs)
           ^^^^^^^^^^^^^^^^^^^^^^^^^^
  File "/home/airflow/.local/lib/python3.12/site-packages/airflow/models/baseoperator.py", line 424, in wrapper
    return func(self, *args, **kwargs)
           ^^^^^^^^^^^^^^^^^^^^^^^^^^^
  File "/home/airflow/.local/lib/python3.12/site-packages/airflow/operators/bash.py", line 276, in execute
    raise AirflowException(
airflow.exceptions.AirflowException: Bash command failed. The command returned a non-zero exit code 1.
[2026-06-16T09:54:54.741+0000] {local_task_job_runner.py:266} INFO - Task exited with return code 1
[2026-06-16T09:54:54.756+0000] {taskinstance.py:3901} INFO - 0 downstream tasks scheduled from follow-on schedule check
[2026-06-16T09:54:54.758+0000] {local_task_job_runner.py:245} INFO - ::endgroup::
[2026-06-16T15:57:56.202+0000] {local_task_job_runner.py:123} INFO - ::group::Pre task execution logs
[2026-06-16T15:57:56.214+0000] {taskinstance.py:2614} INFO - Dependencies all met for dep_context=non-requeueable deps ti=<TaskInstance: crypto_pipeline_dag.ingest_bronze scheduled__2026-06-15T00:00:00+00:00 [queued]>
[2026-06-16T15:57:56.219+0000] {taskinstance.py:2614} INFO - Dependencies all met for dep_context=requeueable deps ti=<TaskInstance: crypto_pipeline_dag.ingest_bronze scheduled__2026-06-15T00:00:00+00:00 [queued]>
[2026-06-16T15:57:56.220+0000] {taskinstance.py:2867} INFO - Starting attempt 2 of 4
[2026-06-16T15:57:56.228+0000] {taskinstance.py:2890} INFO - Executing <Task(BashOperator): ingest_bronze> on 2026-06-15 00:00:00+00:00
[2026-06-16T15:57:56.235+0000] {standard_task_runner.py:104} INFO - Running: ['***', 'tasks', 'run', 'crypto_pipeline_dag', 'ingest_bronze', 'scheduled__2026-06-15T00:00:00+00:00', '--job-id', '82', '--raw', '--subdir', 'DAGS_FOLDER/crypto_pipeline_dag.py', '--cfg-path', '/tmp/tmp0avdk6s_']
[2026-06-16T15:57:56.237+0000] {logging_mixin.py:190} WARNING - /home/***/.local/lib/python3.12/site-packages/***/task/task_runner/standard_task_runner.py:70 DeprecationWarning: This process (pid=3175) is multi-threaded, use of fork() may lead to deadlocks in the child.
[2026-06-16T15:57:56.237+0000] {standard_task_runner.py:105} INFO - Job 82: Subtask ingest_bronze
[2026-06-16T15:57:56.238+0000] {standard_task_runner.py:72} INFO - Started process 3177 to run task
[2026-06-16T15:57:56.278+0000] {task_command.py:467} INFO - Running <TaskInstance: crypto_pipeline_dag.ingest_bronze scheduled__2026-06-15T00:00:00+00:00 [running]> on host 7e9583a5360c
[2026-06-16T15:57:56.334+0000] {taskinstance.py:3134} INFO - Exporting env vars: AIRFLOW_CTX_DAG_OWNER='Laila' AIRFLOW_CTX_DAG_ID='crypto_pipeline_dag' AIRFLOW_CTX_TASK_ID='ingest_bronze' AIRFLOW_CTX_EXECUTION_DATE='2026-06-15T00:00:00+00:00' AIRFLOW_CTX_TRY_NUMBER='2' AIRFLOW_CTX_DAG_RUN_ID='scheduled__2026-06-15T00:00:00+00:00'
[2026-06-16T15:57:56.335+0000] {taskinstance.py:732} INFO - ::endgroup::
[2026-06-16T15:57:56.346+0000] {subprocess.py:78} INFO - Tmp dir root location: /tmp
[2026-06-16T15:57:56.347+0000] {subprocess.py:88} INFO - Running command: ['/usr/bin/bash', '-c', '\n        cd /opt/***/scripts &&\n        python ingest_bronze.py\n        ']
[2026-06-16T15:57:56.354+0000] {subprocess.py:99} INFO - Output:
[2026-06-16T15:58:25.298+0000] {subprocess.py:106} INFO - 🚀 Début ingestion Bronze...
[2026-06-16T15:58:25.299+0000] {subprocess.py:106} INFO - 📊 Nombre de cryptos récupérées : 250
[2026-06-16T15:58:25.300+0000] {subprocess.py:106} INFO - 💾 Fichier local créé : ../data/bronze/2026/06/16/raw.json
[2026-06-16T15:58:25.300+0000] {subprocess.py:106} INFO - Traceback (most recent call last):
[2026-06-16T15:58:25.300+0000] {subprocess.py:106} INFO -   File "/home/***/.local/lib/python3.12/site-packages/urllib3/connection.py", line 198, in _new_conn
[2026-06-16T15:58:25.300+0000] {subprocess.py:106} INFO -     sock = connection.create_connection(
[2026-06-16T15:58:25.301+0000] {subprocess.py:106} INFO -            ^^^^^^^^^^^^^^^^^^^^^^^^^^^^^
[2026-06-16T15:58:25.301+0000] {subprocess.py:106} INFO -   File "/home/***/.local/lib/python3.12/site-packages/urllib3/util/connection.py", line 60, in create_connection
[2026-06-16T15:58:25.302+0000] {subprocess.py:106} INFO -     for res in socket.getaddrinfo(host, port, family, socket.SOCK_STREAM):
[2026-06-16T15:58:25.302+0000] {subprocess.py:106} INFO -                ^^^^^^^^^^^^^^^^^^^^^^^^^^^^^^^^^^^^^^^^^^^^^^^^^^^^^^^^^^
[2026-06-16T15:58:25.302+0000] {subprocess.py:106} INFO -   File "/usr/local/lib/python3.12/socket.py", line 978, in getaddrinfo
[2026-06-16T15:58:25.303+0000] {subprocess.py:106} INFO -     for res in _socket.getaddrinfo(host, port, family, type, proto, flags):
[2026-06-16T15:58:25.303+0000] {subprocess.py:106} INFO -                ^^^^^^^^^^^^^^^^^^^^^^^^^^^^^^^^^^^^^^^^^^^^^^^^^^^^^^^^^^^
[2026-06-16T15:58:25.303+0000] {subprocess.py:106} INFO - socket.gaierror: [Errno -5] No address associated with hostname
[2026-06-16T15:58:25.304+0000] {subprocess.py:106} INFO - 
[2026-06-16T15:58:25.304+0000] {subprocess.py:106} INFO - The above exception was the direct cause of the following exception:
[2026-06-16T15:58:25.304+0000] {subprocess.py:106} INFO - 
[2026-06-16T15:58:25.305+0000] {subprocess.py:106} INFO - Traceback (most recent call last):
[2026-06-16T15:58:25.305+0000] {subprocess.py:106} INFO -   File "/home/***/.local/lib/python3.12/site-packages/urllib3/connectionpool.py", line 787, in urlopen
[2026-06-16T15:58:25.305+0000] {subprocess.py:106} INFO -     response = self._make_request(
[2026-06-16T15:58:25.305+0000] {subprocess.py:106} INFO -                ^^^^^^^^^^^^^^^^^^^
[2026-06-16T15:58:25.305+0000] {subprocess.py:106} INFO -   File "/home/***/.local/lib/python3.12/site-packages/urllib3/connectionpool.py", line 493, in _make_request
[2026-06-16T15:58:25.306+0000] {subprocess.py:106} INFO -     conn.request(
[2026-06-16T15:58:25.306+0000] {subprocess.py:106} INFO -   File "/home/***/.local/lib/python3.12/site-packages/urllib3/connection.py", line 445, in request
[2026-06-16T15:58:25.307+0000] {subprocess.py:106} INFO -     self.endheaders()
[2026-06-16T15:58:25.307+0000] {subprocess.py:106} INFO -   File "/usr/local/lib/python3.12/http/client.py", line 1333, in endheaders
[2026-06-16T15:58:25.307+0000] {subprocess.py:106} INFO -     self._send_output(message_body, encode_chunked=encode_chunked)
[2026-06-16T15:58:25.307+0000] {subprocess.py:106} INFO -   File "/usr/local/lib/python3.12/http/client.py", line 1093, in _send_output
[2026-06-16T15:58:25.307+0000] {subprocess.py:106} INFO -     self.send(msg)
[2026-06-16T15:58:25.308+0000] {subprocess.py:106} INFO -   File "/usr/local/lib/python3.12/http/client.py", line 1037, in send
[2026-06-16T15:58:25.308+0000] {subprocess.py:106} INFO -     self.connect()
[2026-06-16T15:58:25.308+0000] {subprocess.py:106} INFO -   File "/home/***/.local/lib/python3.12/site-packages/urllib3/connection.py", line 276, in connect
[2026-06-16T15:58:25.308+0000] {subprocess.py:106} INFO -     self.sock = self._new_conn()
[2026-06-16T15:58:25.308+0000] {subprocess.py:106} INFO -                 ^^^^^^^^^^^^^^^^
[2026-06-16T15:58:25.309+0000] {subprocess.py:106} INFO -   File "/home/***/.local/lib/python3.12/site-packages/urllib3/connection.py", line 205, in _new_conn
[2026-06-16T15:58:25.309+0000] {subprocess.py:106} INFO -     raise NameResolutionError(self.host, self, e) from e
[2026-06-16T15:58:25.309+0000] {subprocess.py:106} INFO - urllib3.exceptions.NameResolutionError: <urllib3.connection.HTTPConnection object at 0x7e815a69a3c0>: Failed to resolve 'minio' ([Errno -5] No address associated with hostname)
[2026-06-16T15:58:25.309+0000] {subprocess.py:106} INFO - 
[2026-06-16T15:58:25.309+0000] {subprocess.py:106} INFO - The above exception was the direct cause of the following exception:
[2026-06-16T15:58:25.310+0000] {subprocess.py:106} INFO - 
[2026-06-16T15:58:25.310+0000] {subprocess.py:106} INFO - Traceback (most recent call last):
[2026-06-16T15:58:25.310+0000] {subprocess.py:106} INFO -   File "/opt/***/scripts/ingest_bronze.py", line 212, in <module>
[2026-06-16T15:58:25.311+0000] {subprocess.py:106} INFO -     main()
[2026-06-16T15:58:25.311+0000] {subprocess.py:106} INFO -   File "/opt/***/scripts/ingest_bronze.py", line 195, in main
[2026-06-16T15:58:25.312+0000] {subprocess.py:106} INFO -     bucket_name = create_bucket(client)
[2026-06-16T15:58:25.312+0000] {subprocess.py:106} INFO -                   ^^^^^^^^^^^^^^^^^^^^^
[2026-06-16T15:58:25.312+0000] {subprocess.py:106} INFO -   File "/opt/***/scripts/ingest_bronze.py", line 131, in create_bucket
[2026-06-16T15:58:25.312+0000] {subprocess.py:106} INFO -     if not client.bucket_exists(bucket_name):
[2026-06-16T15:58:25.313+0000] {subprocess.py:106} INFO -            ^^^^^^^^^^^^^^^^^^^^^^^^^^^^^^^^^
[2026-06-16T15:58:25.313+0000] {subprocess.py:106} INFO -   File "/home/***/.local/lib/python3.12/site-packages/minio/api.py", line 700, in bucket_exists
[2026-06-16T15:58:25.313+0000] {subprocess.py:106} INFO -     self._execute("HEAD", bucket_name)
[2026-06-16T15:58:25.313+0000] {subprocess.py:106} INFO -   File "/home/***/.local/lib/python3.12/site-packages/minio/api.py", line 441, in _execute
[2026-06-16T15:58:25.314+0000] {subprocess.py:106} INFO -     region = self._get_region(bucket_name)
[2026-06-16T15:58:25.314+0000] {subprocess.py:106} INFO -              ^^^^^^^^^^^^^^^^^^^^^^^^^^^^^
[2026-06-16T15:58:25.314+0000] {subprocess.py:106} INFO -   File "/home/***/.local/lib/python3.12/site-packages/minio/api.py", line 498, in _get_region
[2026-06-16T15:58:25.315+0000] {subprocess.py:106} INFO -     response = self._url_open(
[2026-06-16T15:58:25.315+0000] {subprocess.py:106} INFO -                ^^^^^^^^^^^^^^^
[2026-06-16T15:58:25.315+0000] {subprocess.py:106} INFO -   File "/home/***/.local/lib/python3.12/site-packages/minio/api.py", line 306, in _url_open
[2026-06-16T15:58:25.316+0000] {subprocess.py:106} INFO -     response = self._http.urlopen(
[2026-06-16T15:58:25.316+0000] {subprocess.py:106} INFO -                ^^^^^^^^^^^^^^^^^^^
[2026-06-16T15:58:25.316+0000] {subprocess.py:106} INFO -   File "/home/***/.local/lib/python3.12/site-packages/urllib3/poolmanager.py", line 443, in urlopen
[2026-06-16T15:58:25.316+0000] {subprocess.py:106} INFO -     response = conn.urlopen(method, u.request_uri, **kw)
[2026-06-16T15:58:25.316+0000] {subprocess.py:106} INFO -                ^^^^^^^^^^^^^^^^^^^^^^^^^^^^^^^^^^^^^^^^^
[2026-06-16T15:58:25.316+0000] {subprocess.py:106} INFO -   File "/home/***/.local/lib/python3.12/site-packages/urllib3/connectionpool.py", line 871, in urlopen
[2026-06-16T15:58:25.317+0000] {subprocess.py:106} INFO -     return self.urlopen(
[2026-06-16T15:58:25.317+0000] {subprocess.py:106} INFO -            ^^^^^^^^^^^^^
[2026-06-16T15:58:25.317+0000] {subprocess.py:106} INFO -   File "/home/***/.local/lib/python3.12/site-packages/urllib3/connectionpool.py", line 871, in urlopen
[2026-06-16T15:58:25.317+0000] {subprocess.py:106} INFO -     return self.urlopen(
[2026-06-16T15:58:25.318+0000] {subprocess.py:106} INFO -            ^^^^^^^^^^^^^
[2026-06-16T15:58:25.318+0000] {subprocess.py:106} INFO -   File "/home/***/.local/lib/python3.12/site-packages/urllib3/connectionpool.py", line 871, in urlopen
[2026-06-16T15:58:25.318+0000] {subprocess.py:106} INFO -     return self.urlopen(
[2026-06-16T15:58:25.318+0000] {subprocess.py:106} INFO -            ^^^^^^^^^^^^^
[2026-06-16T15:58:25.319+0000] {subprocess.py:106} INFO -   [Previous line repeated 2 more times]
[2026-06-16T15:58:25.319+0000] {subprocess.py:106} INFO -   File "/home/***/.local/lib/python3.12/site-packages/urllib3/connectionpool.py", line 841, in urlopen
[2026-06-16T15:58:25.319+0000] {subprocess.py:106} INFO -     retries = retries.increment(
[2026-06-16T15:58:25.319+0000] {subprocess.py:106} INFO -               ^^^^^^^^^^^^^^^^^^
[2026-06-16T15:58:25.320+0000] {subprocess.py:106} INFO -   File "/home/***/.local/lib/python3.12/site-packages/urllib3/util/retry.py", line 519, in increment
[2026-06-16T15:58:25.320+0000] {subprocess.py:106} INFO -     raise MaxRetryError(_pool, url, reason) from reason  # type: ignore[arg-type]
[2026-06-16T15:58:25.320+0000] {subprocess.py:106} INFO -     ^^^^^^^^^^^^^^^^^^^^^^^^^^^^^^^^^^^^^^^^^^^^^^^^^^^
[2026-06-16T15:58:25.320+0000] {subprocess.py:106} INFO - urllib3.exceptions.MaxRetryError: HTTPConnectionPool(host='minio', port=9000): Max retries exceeded with url: /crypto-bronze?location= (Caused by NameResolutionError("<urllib3.connection.HTTPConnection object at 0x7e815a69a3c0>: Failed to resolve 'minio' ([Errno -5] No address associated with hostname)"))
[2026-06-16T15:58:25.327+0000] {subprocess.py:110} INFO - Command exited with return code 1
[2026-06-16T15:58:25.336+0000] {taskinstance.py:3313} ERROR - Task failed with exception
Traceback (most recent call last):
  File "/home/airflow/.local/lib/python3.12/site-packages/airflow/models/taskinstance.py", line 768, in _execute_task
    result = _execute_callable(context=context, **execute_callable_kwargs)
             ^^^^^^^^^^^^^^^^^^^^^^^^^^^^^^^^^^^^^^^^^^^^^^^^^^^^^^^^^^^^^
  File "/home/airflow/.local/lib/python3.12/site-packages/airflow/models/taskinstance.py", line 734, in _execute_callable
    return ExecutionCallableRunner(
           ^^^^^^^^^^^^^^^^^^^^^^^^
  File "/home/airflow/.local/lib/python3.12/site-packages/airflow/utils/operator_helpers.py", line 252, in run
    return self.func(*args, **kwargs)
           ^^^^^^^^^^^^^^^^^^^^^^^^^^
  File "/home/airflow/.local/lib/python3.12/site-packages/airflow/models/baseoperator.py", line 424, in wrapper
    return func(self, *args, **kwargs)
           ^^^^^^^^^^^^^^^^^^^^^^^^^^^
  File "/home/airflow/.local/lib/python3.12/site-packages/airflow/operators/bash.py", line 276, in execute
    raise AirflowException(
airflow.exceptions.AirflowException: Bash command failed. The command returned a non-zero exit code 1.
[2026-06-16T15:58:25.341+0000] {taskinstance.py:1226} INFO - Marking task as UP_FOR_RETRY. dag_id=crypto_pipeline_dag, task_id=ingest_bronze, run_id=scheduled__2026-06-15T00:00:00+00:00, execution_date=20260615T000000, start_date=20260616T155756, end_date=20260616T155825
[2026-06-16T15:58:25.364+0000] {taskinstance.py:341} INFO - ::group::Post task execution logs
[2026-06-16T15:58:25.364+0000] {standard_task_runner.py:124} ERROR - Failed to execute job 82 for task ingest_bronze (Bash command failed. The command returned a non-zero exit code 1.; 3177)
Traceback (most recent call last):
  File "/home/airflow/.local/lib/python3.12/site-packages/airflow/task/task_runner/standard_task_runner.py", line 117, in _start_by_fork
    ret = args.func(args, dag=self.dag)
          ^^^^^^^^^^^^^^^^^^^^^^^^^^^^^
  File "/home/airflow/.local/lib/python3.12/site-packages/airflow/cli/cli_config.py", line 49, in command
    return func(*args, **kwargs)
           ^^^^^^^^^^^^^^^^^^^^^
  File "/home/airflow/.local/lib/python3.12/site-packages/airflow/utils/cli.py", line 116, in wrapper
    return f(*args, **kwargs)
           ^^^^^^^^^^^^^^^^^^
  File "/home/airflow/.local/lib/python3.12/site-packages/airflow/cli/commands/task_command.py", line 483, in task_run
    task_return_code = _run_task_by_selected_method(args, _dag, ti)
                       ^^^^^^^^^^^^^^^^^^^^^^^^^^^^^^^^^^^^^^^^^^^^
  File "/home/airflow/.local/lib/python3.12/site-packages/airflow/cli/commands/task_command.py", line 256, in _run_task_by_selected_method
    return _run_raw_task(args, ti)
           ^^^^^^^^^^^^^^^^^^^^^^^
  File "/home/airflow/.local/lib/python3.12/site-packages/airflow/cli/commands/task_command.py", line 341, in _run_raw_task
    return ti._run_raw_task(
           ^^^^^^^^^^^^^^^^^
  File "/home/airflow/.local/lib/python3.12/site-packages/airflow/utils/session.py", line 97, in wrapper
    return func(*args, session=session, **kwargs)
           ^^^^^^^^^^^^^^^^^^^^^^^^^^^^^^^^^^^^^^
  File "/home/airflow/.local/lib/python3.12/site-packages/airflow/models/taskinstance.py", line 3006, in _run_raw_task
    return _run_raw_task(
           ^^^^^^^^^^^^^^
  File "/home/airflow/.local/lib/python3.12/site-packages/airflow/models/taskinstance.py", line 274, in _run_raw_task
    TaskInstance._execute_task_with_callbacks(
  File "/home/airflow/.local/lib/python3.12/site-packages/airflow/models/taskinstance.py", line 3161, in _execute_task_with_callbacks
    result = self._execute_task(context, task_orig)
             ^^^^^^^^^^^^^^^^^^^^^^^^^^^^^^^^^^^^^^
  File "/home/airflow/.local/lib/python3.12/site-packages/airflow/models/taskinstance.py", line 3185, in _execute_task
    return _execute_task(self, context, task_orig)
           ^^^^^^^^^^^^^^^^^^^^^^^^^^^^^^^^^^^^^^^
  File "/home/airflow/.local/lib/python3.12/site-packages/airflow/models/taskinstance.py", line 768, in _execute_task
    result = _execute_callable(context=context, **execute_callable_kwargs)
             ^^^^^^^^^^^^^^^^^^^^^^^^^^^^^^^^^^^^^^^^^^^^^^^^^^^^^^^^^^^^^
  File "/home/airflow/.local/lib/python3.12/site-packages/airflow/models/taskinstance.py", line 734, in _execute_callable
    return ExecutionCallableRunner(
           ^^^^^^^^^^^^^^^^^^^^^^^^
  File "/home/airflow/.local/lib/python3.12/site-packages/airflow/utils/operator_helpers.py", line 252, in run
    return self.func(*args, **kwargs)
           ^^^^^^^^^^^^^^^^^^^^^^^^^^
  File "/home/airflow/.local/lib/python3.12/site-packages/airflow/models/baseoperator.py", line 424, in wrapper
    return func(self, *args, **kwargs)
           ^^^^^^^^^^^^^^^^^^^^^^^^^^^
  File "/home/airflow/.local/lib/python3.12/site-packages/airflow/operators/bash.py", line 276, in execute
    raise AirflowException(
airflow.exceptions.AirflowException: Bash command failed. The command returned a non-zero exit code 1.
[2026-06-16T15:58:25.385+0000] {local_task_job_runner.py:266} INFO - Task exited with return code 1
[2026-06-16T15:58:25.398+0000] {taskinstance.py:3901} INFO - 0 downstream tasks scheduled from follow-on schedule check
[2026-06-16T15:58:25.399+0000] {local_task_job_runner.py:245} INFO - ::endgroup::
