[2026-06-16T10:04:56.263+0000] {local_task_job_runner.py:123} INFO - ::group::Pre task execution logs
[2026-06-16T10:04:56.274+0000] {taskinstance.py:2614} INFO - Dependencies all met for dep_context=non-requeueable deps ti=<TaskInstance: crypto_pipeline_dag.ingest_bronze scheduled__2026-06-15T00:00:00+00:00 [queued]>
[2026-06-16T10:04:56.278+0000] {taskinstance.py:2614} INFO - Dependencies all met for dep_context=requeueable deps ti=<TaskInstance: crypto_pipeline_dag.ingest_bronze scheduled__2026-06-15T00:00:00+00:00 [queued]>
[2026-06-16T10:04:56.279+0000] {taskinstance.py:2867} INFO - Starting attempt 4 of 4
[2026-06-16T10:04:56.288+0000] {taskinstance.py:2890} INFO - Executing <Task(BashOperator): ingest_bronze> on 2026-06-15 00:00:00+00:00
[2026-06-16T10:04:56.294+0000] {logging_mixin.py:190} WARNING - /home/***/.local/lib/python3.12/site-packages/***/task/task_runner/standard_task_runner.py:70 DeprecationWarning: This process (pid=601) is multi-threaded, use of fork() may lead to deadlocks in the child.
[2026-06-16T10:04:56.295+0000] {standard_task_runner.py:72} INFO - Started process 604 to run task
[2026-06-16T10:04:56.294+0000] {standard_task_runner.py:104} INFO - Running: ['***', 'tasks', 'run', 'crypto_pipeline_dag', 'ingest_bronze', 'scheduled__2026-06-15T00:00:00+00:00', '--job-id', '43', '--raw', '--subdir', 'DAGS_FOLDER/crypto_pipeline_dag.py', '--cfg-path', '/tmp/tmp8xum6pqg']
[2026-06-16T10:04:56.296+0000] {standard_task_runner.py:105} INFO - Job 43: Subtask ingest_bronze
[2026-06-16T10:04:56.334+0000] {task_command.py:467} INFO - Running <TaskInstance: crypto_pipeline_dag.ingest_bronze scheduled__2026-06-15T00:00:00+00:00 [running]> on host 7e9583a5360c
[2026-06-16T10:04:56.385+0000] {taskinstance.py:3134} INFO - Exporting env vars: AIRFLOW_CTX_DAG_OWNER='Laila' AIRFLOW_CTX_DAG_ID='crypto_pipeline_dag' AIRFLOW_CTX_TASK_ID='ingest_bronze' AIRFLOW_CTX_EXECUTION_DATE='2026-06-15T00:00:00+00:00' AIRFLOW_CTX_TRY_NUMBER='4' AIRFLOW_CTX_DAG_RUN_ID='scheduled__2026-06-15T00:00:00+00:00'
[2026-06-16T10:04:56.386+0000] {taskinstance.py:732} INFO - ::endgroup::
[2026-06-16T10:04:56.397+0000] {subprocess.py:78} INFO - Tmp dir root location: /tmp
[2026-06-16T10:04:56.397+0000] {subprocess.py:88} INFO - Running command: ['/usr/bin/bash', '-c', '\n        cd C:/Users/user/Desktop/data_crypto/scripts &&\n        py ingest_bronze.py\n        ']
[2026-06-16T10:04:56.404+0000] {subprocess.py:99} INFO - Output:
[2026-06-16T10:04:56.406+0000] {subprocess.py:106} INFO - /usr/bin/bash: line 2: cd: C:/Users/user/Desktop/data_crypto/scripts: No such file or directory
[2026-06-16T10:04:56.406+0000] {subprocess.py:110} INFO - Command exited with return code 1
[2026-06-16T10:04:56.414+0000] {taskinstance.py:3313} ERROR - Task failed with exception
Traceback (most recent call last):
  File "/home/airflow/.local/lib/python3.12/site-packages/airflow/models/taskinstance.py", line 768, in _execute_task
    result = _execute_callable(context=context, **execute_callable_kwargs)
             ^^^^^^^^^^^^^^^^^^^^^^^^^^^^^^^^^^^^^^^^^^^^^^^^^^^^^^^^^^^^^
  File "/home/airflow/.local/lib/python3.12/site-packages/airflow/models/taskinstance.py", line 734, in _execute_callable
    return ExecutionCallableRunner(
           ^^^^^^^^^^^^^^^^^^^^^^^^
  File "/home/airflow/.local/lib/python3.12/site-packages/airflow/utils/operator_helpers.py", line 252, in run
    return self.func(*args, **kwargs)
           ^^^^^^^^^^^^^^^^^^^^^^^^^^
  File "/home/airflow/.local/lib/python3.12/site-packages/airflow/models/baseoperator.py", line 424, in wrapper
    return func(self, *args, **kwargs)
           ^^^^^^^^^^^^^^^^^^^^^^^^^^^
  File "/home/airflow/.local/lib/python3.12/site-packages/airflow/operators/bash.py", line 276, in execute
    raise AirflowException(
airflow.exceptions.AirflowException: Bash command failed. The command returned a non-zero exit code 1.
[2026-06-16T10:04:56.417+0000] {taskinstance.py:1226} INFO - Marking task as FAILED. dag_id=crypto_pipeline_dag, task_id=ingest_bronze, run_id=scheduled__2026-06-15T00:00:00+00:00, execution_date=20260615T000000, start_date=20260616T100456, end_date=20260616T100456
[2026-06-16T10:04:56.437+0000] {taskinstance.py:341} INFO - ::group::Post task execution logs
[2026-06-16T10:04:56.439+0000] {standard_task_runner.py:124} ERROR - Failed to execute job 43 for task ingest_bronze (Bash command failed. The command returned a non-zero exit code 1.; 604)
Traceback (most recent call last):
  File "/home/airflow/.local/lib/python3.12/site-packages/airflow/task/task_runner/standard_task_runner.py", line 117, in _start_by_fork
    ret = args.func(args, dag=self.dag)
          ^^^^^^^^^^^^^^^^^^^^^^^^^^^^^
  File "/home/airflow/.local/lib/python3.12/site-packages/airflow/cli/cli_config.py", line 49, in command
    return func(*args, **kwargs)
           ^^^^^^^^^^^^^^^^^^^^^
  File "/home/airflow/.local/lib/python3.12/site-packages/airflow/utils/cli.py", line 116, in wrapper
    return f(*args, **kwargs)
           ^^^^^^^^^^^^^^^^^^
  File "/home/airflow/.local/lib/python3.12/site-packages/airflow/cli/commands/task_command.py", line 483, in task_run
    task_return_code = _run_task_by_selected_method(args, _dag, ti)
                       ^^^^^^^^^^^^^^^^^^^^^^^^^^^^^^^^^^^^^^^^^^^^
  File "/home/airflow/.local/lib/python3.12/site-packages/airflow/cli/commands/task_command.py", line 256, in _run_task_by_selected_method
    return _run_raw_task(args, ti)
           ^^^^^^^^^^^^^^^^^^^^^^^
  File "/home/airflow/.local/lib/python3.12/site-packages/airflow/cli/commands/task_command.py", line 341, in _run_raw_task
    return ti._run_raw_task(
           ^^^^^^^^^^^^^^^^^
  File "/home/airflow/.local/lib/python3.12/site-packages/airflow/utils/session.py", line 97, in wrapper
    return func(*args, session=session, **kwargs)
           ^^^^^^^^^^^^^^^^^^^^^^^^^^^^^^^^^^^^^^
  File "/home/airflow/.local/lib/python3.12/site-packages/airflow/models/taskinstance.py", line 3006, in _run_raw_task
    return _run_raw_task(
           ^^^^^^^^^^^^^^
  File "/home/airflow/.local/lib/python3.12/site-packages/airflow/models/taskinstance.py", line 274, in _run_raw_task
    TaskInstance._execute_task_with_callbacks(
  File "/home/airflow/.local/lib/python3.12/site-packages/airflow/models/taskinstance.py", line 3161, in _execute_task_with_callbacks
    result = self._execute_task(context, task_orig)
             ^^^^^^^^^^^^^^^^^^^^^^^^^^^^^^^^^^^^^^
  File "/home/airflow/.local/lib/python3.12/site-packages/airflow/models/taskinstance.py", line 3185, in _execute_task
    return _execute_task(self, context, task_orig)
           ^^^^^^^^^^^^^^^^^^^^^^^^^^^^^^^^^^^^^^^
  File "/home/airflow/.local/lib/python3.12/site-packages/airflow/models/taskinstance.py", line 768, in _execute_task
    result = _execute_callable(context=context, **execute_callable_kwargs)
             ^^^^^^^^^^^^^^^^^^^^^^^^^^^^^^^^^^^^^^^^^^^^^^^^^^^^^^^^^^^^^
  File "/home/airflow/.local/lib/python3.12/site-packages/airflow/models/taskinstance.py", line 734, in _execute_callable
    return ExecutionCallableRunner(
           ^^^^^^^^^^^^^^^^^^^^^^^^
  File "/home/airflow/.local/lib/python3.12/site-packages/airflow/utils/operator_helpers.py", line 252, in run
    return self.func(*args, **kwargs)
           ^^^^^^^^^^^^^^^^^^^^^^^^^^
  File "/home/airflow/.local/lib/python3.12/site-packages/airflow/models/baseoperator.py", line 424, in wrapper
    return func(self, *args, **kwargs)
           ^^^^^^^^^^^^^^^^^^^^^^^^^^^
  File "/home/airflow/.local/lib/python3.12/site-packages/airflow/operators/bash.py", line 276, in execute
    raise AirflowException(
airflow.exceptions.AirflowException: Bash command failed. The command returned a non-zero exit code 1.
[2026-06-16T10:04:56.470+0000] {local_task_job_runner.py:266} INFO - Task exited with return code 1
[2026-06-16T10:04:56.487+0000] {taskinstance.py:3901} INFO - 0 downstream tasks scheduled from follow-on schedule check
[2026-06-16T10:04:56.490+0000] {local_task_job_runner.py:245} INFO - ::endgroup::
[2026-06-18T08:31:44.411+0000] {local_task_job_runner.py:123} INFO - ::group::Pre task execution logs
[2026-06-18T08:31:44.427+0000] {taskinstance.py:2614} INFO - Dependencies all met for dep_context=non-requeueable deps ti=<TaskInstance: crypto_pipeline_dag.ingest_bronze scheduled__2026-06-15T00:00:00+00:00 [queued]>
[2026-06-18T08:31:44.433+0000] {taskinstance.py:2614} INFO - Dependencies all met for dep_context=requeueable deps ti=<TaskInstance: crypto_pipeline_dag.ingest_bronze scheduled__2026-06-15T00:00:00+00:00 [queued]>
[2026-06-18T08:31:44.433+0000] {taskinstance.py:2867} INFO - Starting attempt 4 of 4
[2026-06-18T08:31:44.443+0000] {taskinstance.py:2890} INFO - Executing <Task(BashOperator): ingest_bronze> on 2026-06-15 00:00:00+00:00
[2026-06-18T08:31:44.451+0000] {standard_task_runner.py:104} INFO - Running: ['***', 'tasks', 'run', 'crypto_pipeline_dag', 'ingest_bronze', 'scheduled__2026-06-15T00:00:00+00:00', '--job-id', '125', '--raw', '--subdir', 'DAGS_FOLDER/crypto_pipeline_dag.py', '--cfg-path', '/tmp/tmp_r0pj8y6']
[2026-06-18T08:31:44.454+0000] {standard_task_runner.py:105} INFO - Job 125: Subtask ingest_bronze
[2026-06-18T08:31:44.455+0000] {logging_mixin.py:190} WARNING - /home/***/.local/lib/python3.12/site-packages/***/task/task_runner/standard_task_runner.py:70 DeprecationWarning: This process (pid=360) is multi-threaded, use of fork() may lead to deadlocks in the child.
[2026-06-18T08:31:44.456+0000] {standard_task_runner.py:72} INFO - Started process 367 to run task
[2026-06-18T08:31:44.504+0000] {task_command.py:467} INFO - Running <TaskInstance: crypto_pipeline_dag.ingest_bronze scheduled__2026-06-15T00:00:00+00:00 [running]> on host 7e9583a5360c
[2026-06-18T08:31:44.570+0000] {taskinstance.py:3134} INFO - Exporting env vars: AIRFLOW_CTX_DAG_OWNER='Laila' AIRFLOW_CTX_DAG_ID='crypto_pipeline_dag' AIRFLOW_CTX_TASK_ID='ingest_bronze' AIRFLOW_CTX_EXECUTION_DATE='2026-06-15T00:00:00+00:00' AIRFLOW_CTX_TRY_NUMBER='4' AIRFLOW_CTX_DAG_RUN_ID='scheduled__2026-06-15T00:00:00+00:00'
[2026-06-18T08:31:44.571+0000] {taskinstance.py:732} INFO - ::endgroup::
[2026-06-18T08:31:44.583+0000] {subprocess.py:78} INFO - Tmp dir root location: /tmp
[2026-06-18T08:31:44.584+0000] {subprocess.py:88} INFO - Running command: ['/usr/bin/bash', '-c', '\n        cd /opt/***/scripts &&\n        python ingest_bronze.py\n        ']
[2026-06-18T08:31:44.591+0000] {subprocess.py:99} INFO - Output:
[2026-06-18T08:31:49.247+0000] {subprocess.py:106} INFO - 🚀 Début ingestion Bronze...
[2026-06-18T08:31:49.249+0000] {subprocess.py:106} INFO - ❌ Erreur de connexion : HTTPSConnectionPool(host='api.coingecko.com', port=443): Max retries exceeded with url: /api/v3/coins/markets?vs_currency=usd&order=market_cap_desc&per_page=250&page=1&sparkline=false (Caused by NameResolutionError("<urllib3.connection.HTTPSConnection object at 0x7dedc6d9bf80>: Failed to resolve 'api.coingecko.com' ([Errno -5] No address associated with hostname)"))
[2026-06-18T08:31:49.251+0000] {subprocess.py:106} INFO - ❌ Aucune donnée récupérée. Arrêt pipeline.
[2026-06-18T08:31:49.317+0000] {subprocess.py:110} INFO - Command exited with return code 0
[2026-06-18T08:31:49.340+0000] {taskinstance.py:341} INFO - ::group::Post task execution logs
[2026-06-18T08:31:49.341+0000] {taskinstance.py:353} INFO - Marking task as SUCCESS. dag_id=crypto_pipeline_dag, task_id=ingest_bronze, run_id=scheduled__2026-06-15T00:00:00+00:00, execution_date=20260615T000000, start_date=20260618T083144, end_date=20260618T083149
[2026-06-18T08:31:49.380+0000] {local_task_job_runner.py:266} INFO - Task exited with return code 0
[2026-06-18T08:31:49.405+0000] {taskinstance.py:3901} INFO - 1 downstream tasks scheduled from follow-on schedule check
[2026-06-18T08:31:49.408+0000] {local_task_job_runner.py:245} INFO - ::endgroup::
