[2026-06-16T15:28:29.403+0000] {local_task_job_runner.py:123} INFO - ::group::Pre task execution logs
[2026-06-16T15:28:29.419+0000] {taskinstance.py:2614} INFO - Dependencies all met for dep_context=non-requeueable deps ti=<TaskInstance: crypto_pipeline_dag.load_snowflake manual__2026-06-16T00:00:00+00:00 [queued]>
[2026-06-16T15:28:29.426+0000] {taskinstance.py:2614} INFO - Dependencies all met for dep_context=requeueable deps ti=<TaskInstance: crypto_pipeline_dag.load_snowflake manual__2026-06-16T00:00:00+00:00 [queued]>
[2026-06-16T15:28:29.427+0000] {taskinstance.py:2867} INFO - Starting attempt 2 of 4
[2026-06-16T15:28:29.435+0000] {taskinstance.py:2890} INFO - Executing <Task(BashOperator): load_snowflake> on 2026-06-16 00:00:00+00:00
[2026-06-16T15:28:29.441+0000] {standard_task_runner.py:104} INFO - Running: ['***', 'tasks', 'run', 'crypto_pipeline_dag', 'load_snowflake', 'manual__2026-06-16T00:00:00+00:00', '--job-id', '66', '--raw', '--subdir', 'DAGS_FOLDER/crypto_pipeline_dag.py', '--cfg-path', '/tmp/tmp7ogc847n']
[2026-06-16T15:28:29.444+0000] {standard_task_runner.py:105} INFO - Job 66: Subtask load_snowflake
[2026-06-16T15:28:29.446+0000] {logging_mixin.py:190} WARNING - /home/***/.local/lib/python3.12/site-packages/***/task/task_runner/standard_task_runner.py:70 DeprecationWarning: This process (pid=2222) is multi-threaded, use of fork() may lead to deadlocks in the child.
[2026-06-16T15:28:29.447+0000] {standard_task_runner.py:72} INFO - Started process 2223 to run task
[2026-06-16T15:28:29.484+0000] {task_command.py:467} INFO - Running <TaskInstance: crypto_pipeline_dag.load_snowflake manual__2026-06-16T00:00:00+00:00 [running]> on host 7e9583a5360c
[2026-06-16T15:28:29.535+0000] {taskinstance.py:3134} INFO - Exporting env vars: AIRFLOW_CTX_DAG_OWNER='Laila' AIRFLOW_CTX_DAG_ID='crypto_pipeline_dag' AIRFLOW_CTX_TASK_ID='load_snowflake' AIRFLOW_CTX_EXECUTION_DATE='2026-06-16T00:00:00+00:00' AIRFLOW_CTX_TRY_NUMBER='2' AIRFLOW_CTX_DAG_RUN_ID='manual__2026-06-16T00:00:00+00:00'
[2026-06-16T15:28:29.536+0000] {taskinstance.py:732} INFO - ::endgroup::
[2026-06-16T15:28:29.547+0000] {subprocess.py:78} INFO - Tmp dir root location: /tmp
[2026-06-16T15:28:29.548+0000] {subprocess.py:88} INFO - Running command: ['/usr/bin/bash', '-c', '\n        cd /opt/***/scripts &&\n        python load_snowflake.py\n        ']
[2026-06-16T15:28:29.554+0000] {subprocess.py:99} INFO - Output:
[2026-06-16T15:30:12.961+0000] {subprocess.py:106} INFO - 🚀 START SNOWFLAKE LOAD
[2026-06-16T15:30:12.963+0000] {subprocess.py:106} INFO - 
[2026-06-16T15:30:12.964+0000] {subprocess.py:106} INFO - DATES DANS GOLD
[2026-06-16T15:30:12.965+0000] {subprocess.py:106} INFO - [datetime.date(2026, 6, 16)]
[2026-06-16T15:30:12.966+0000] {subprocess.py:106} INFO - 
[2026-06-16T15:30:12.967+0000] {subprocess.py:106} INFO - SHAPES
[2026-06-16T15:30:12.968+0000] {subprocess.py:106} INFO - DIM_CRYPTO : (249, 4)
[2026-06-16T15:30:12.968+0000] {subprocess.py:106} INFO - DIM_DATE   : (245, 9)
[2026-06-16T15:30:12.969+0000] {subprocess.py:106} INFO - FACT       : (249, 13)
[2026-06-16T15:30:12.969+0000] {subprocess.py:106} INFO - ✅ Tables créées
[2026-06-16T15:30:12.969+0000] {subprocess.py:106} INFO - ✅ DIM_CRYPTO: 249 lignes
[2026-06-16T15:30:12.970+0000] {subprocess.py:106} INFO - ✅ DIM_DATE: 245 lignes
[2026-06-16T15:30:12.970+0000] {subprocess.py:106} INFO - ✅ FACT_CRYPTO_SNAPSHOT: 249 lignes
[2026-06-16T15:30:12.970+0000] {subprocess.py:106} INFO - 
[2026-06-16T15:30:12.971+0000] {subprocess.py:106} INFO - 📊 VALIDATION
[2026-06-16T15:30:12.971+0000] {subprocess.py:106} INFO - DIM_CRYPTO : 249
[2026-06-16T15:30:12.971+0000] {subprocess.py:106} INFO - DIM_DATE : 245
[2026-06-16T15:30:12.971+0000] {subprocess.py:106} INFO - FACT : 249
[2026-06-16T15:30:12.972+0000] {subprocess.py:106} INFO - 
[2026-06-16T15:30:12.972+0000] {subprocess.py:106} INFO - 📅 DATES DANS SNOWFLAKE
[2026-06-16T15:30:12.972+0000] {subprocess.py:106} INFO - 2026-06-16
[2026-06-16T15:30:12.973+0000] {subprocess.py:106} INFO - 
[2026-06-16T15:30:12.973+0000] {subprocess.py:106} INFO - ✅ LOAD TERMINÉ
[2026-06-16T15:30:13.034+0000] {subprocess.py:110} INFO - Command exited with return code 0
[2026-06-16T15:30:13.055+0000] {taskinstance.py:341} INFO - ::group::Post task execution logs
[2026-06-16T15:30:13.056+0000] {taskinstance.py:353} INFO - Marking task as SUCCESS. dag_id=crypto_pipeline_dag, task_id=load_snowflake, run_id=manual__2026-06-16T00:00:00+00:00, execution_date=20260616T000000, start_date=20260616T152829, end_date=20260616T153013
[2026-06-16T15:30:13.092+0000] {local_task_job_runner.py:266} INFO - Task exited with return code 0
[2026-06-16T15:30:13.103+0000] {taskinstance.py:3901} INFO - 0 downstream tasks scheduled from follow-on schedule check
[2026-06-16T15:30:13.105+0000] {local_task_job_runner.py:245} INFO - ::endgroup::
[2026-06-16T15:47:37.846+0000] {local_task_job_runner.py:123} INFO - ::group::Pre task execution logs
[2026-06-16T15:47:37.861+0000] {taskinstance.py:2614} INFO - Dependencies all met for dep_context=non-requeueable deps ti=<TaskInstance: crypto_pipeline_dag.load_snowflake manual__2026-06-16T00:00:00+00:00 [queued]>
[2026-06-16T15:47:37.867+0000] {taskinstance.py:2614} INFO - Dependencies all met for dep_context=requeueable deps ti=<TaskInstance: crypto_pipeline_dag.load_snowflake manual__2026-06-16T00:00:00+00:00 [queued]>
[2026-06-16T15:47:37.867+0000] {taskinstance.py:2867} INFO - Starting attempt 2 of 5
[2026-06-16T15:47:37.876+0000] {taskinstance.py:2890} INFO - Executing <Task(BashOperator): load_snowflake> on 2026-06-16 00:00:00+00:00
[2026-06-16T15:47:37.882+0000] {standard_task_runner.py:104} INFO - Running: ['***', 'tasks', 'run', 'crypto_pipeline_dag', 'load_snowflake', 'manual__2026-06-16T00:00:00+00:00', '--job-id', '78', '--raw', '--subdir', 'DAGS_FOLDER/crypto_pipeline_dag.py', '--cfg-path', '/tmp/tmpcn5uwi5a']
[2026-06-16T15:47:37.884+0000] {standard_task_runner.py:105} INFO - Job 78: Subtask load_snowflake
[2026-06-16T15:47:37.886+0000] {logging_mixin.py:190} WARNING - /home/***/.local/lib/python3.12/site-packages/***/task/task_runner/standard_task_runner.py:70 DeprecationWarning: This process (pid=3020) is multi-threaded, use of fork() may lead to deadlocks in the child.
[2026-06-16T15:47:37.887+0000] {standard_task_runner.py:72} INFO - Started process 3021 to run task
[2026-06-16T15:47:37.920+0000] {task_command.py:467} INFO - Running <TaskInstance: crypto_pipeline_dag.load_snowflake manual__2026-06-16T00:00:00+00:00 [running]> on host 7e9583a5360c
[2026-06-16T15:47:37.973+0000] {taskinstance.py:3134} INFO - Exporting env vars: AIRFLOW_CTX_DAG_OWNER='Laila' AIRFLOW_CTX_DAG_ID='crypto_pipeline_dag' AIRFLOW_CTX_TASK_ID='load_snowflake' AIRFLOW_CTX_EXECUTION_DATE='2026-06-16T00:00:00+00:00' AIRFLOW_CTX_TRY_NUMBER='2' AIRFLOW_CTX_DAG_RUN_ID='manual__2026-06-16T00:00:00+00:00'
[2026-06-16T15:47:37.974+0000] {taskinstance.py:732} INFO - ::endgroup::
[2026-06-16T15:47:37.984+0000] {subprocess.py:78} INFO - Tmp dir root location: /tmp
[2026-06-16T15:47:37.985+0000] {subprocess.py:88} INFO - Running command: ['/usr/bin/bash', '-c', '\n        cd /opt/***/scripts &&\n        python load_snowflake.py\n        ']
[2026-06-16T15:47:37.992+0000] {subprocess.py:99} INFO - Output:
[2026-06-16T15:48:04.524+0000] {subprocess.py:106} INFO - 🚀 START SNOWFLAKE LOAD
[2026-06-16T15:48:04.525+0000] {subprocess.py:106} INFO - 
[2026-06-16T15:48:04.526+0000] {subprocess.py:106} INFO - DATES DANS GOLD
[2026-06-16T15:48:04.526+0000] {subprocess.py:106} INFO - [datetime.date(2026, 6, 16)]
[2026-06-16T15:48:04.527+0000] {subprocess.py:106} INFO - 
[2026-06-16T15:48:04.528+0000] {subprocess.py:106} INFO - SHAPES
[2026-06-16T15:48:04.528+0000] {subprocess.py:106} INFO - DIM_CRYPTO : (249, 4)
[2026-06-16T15:48:04.529+0000] {subprocess.py:106} INFO - DIM_DATE   : (245, 9)
[2026-06-16T15:48:04.529+0000] {subprocess.py:106} INFO - FACT       : (249, 13)
[2026-06-16T15:48:04.529+0000] {subprocess.py:106} INFO - ✅ Tables créées
[2026-06-16T15:48:04.530+0000] {subprocess.py:106} INFO - 🧹 Tables vidées avant chargement
[2026-06-16T15:48:04.530+0000] {subprocess.py:106} INFO - ✅ DIM_CRYPTO: 249 lignes
[2026-06-16T15:48:04.531+0000] {subprocess.py:106} INFO - ✅ DIM_DATE: 245 lignes
[2026-06-16T15:48:04.531+0000] {subprocess.py:106} INFO - ✅ FACT_CRYPTO_SNAPSHOT: 249 lignes
[2026-06-16T15:48:04.531+0000] {subprocess.py:106} INFO - 
[2026-06-16T15:48:04.531+0000] {subprocess.py:106} INFO - 📊 VALIDATION
[2026-06-16T15:48:04.531+0000] {subprocess.py:106} INFO - DIM_CRYPTO : 249
[2026-06-16T15:48:04.532+0000] {subprocess.py:106} INFO - DIM_DATE : 245
[2026-06-16T15:48:04.532+0000] {subprocess.py:106} INFO - FACT : 249
[2026-06-16T15:48:04.532+0000] {subprocess.py:106} INFO - 
[2026-06-16T15:48:04.532+0000] {subprocess.py:106} INFO - 📅 DATES DANS SNOWFLAKE
[2026-06-16T15:48:04.533+0000] {subprocess.py:106} INFO - 2026-06-16
[2026-06-16T15:48:04.533+0000] {subprocess.py:106} INFO - 
[2026-06-16T15:48:04.533+0000] {subprocess.py:106} INFO - ✅ LOAD TERMINÉ
[2026-06-16T15:48:04.602+0000] {subprocess.py:110} INFO - Command exited with return code 0
[2026-06-16T15:48:04.621+0000] {taskinstance.py:341} INFO - ::group::Post task execution logs
[2026-06-16T15:48:04.622+0000] {taskinstance.py:353} INFO - Marking task as SUCCESS. dag_id=crypto_pipeline_dag, task_id=load_snowflake, run_id=manual__2026-06-16T00:00:00+00:00, execution_date=20260616T000000, start_date=20260616T154737, end_date=20260616T154804
[2026-06-16T15:48:04.674+0000] {local_task_job_runner.py:266} INFO - Task exited with return code 0
[2026-06-16T15:48:04.686+0000] {taskinstance.py:3901} INFO - 0 downstream tasks scheduled from follow-on schedule check
[2026-06-16T15:48:04.688+0000] {local_task_job_runner.py:245} INFO - ::endgroup::
