[2026-06-16T15:23:18.734+0000] {local_task_job_runner.py:123} INFO - ::group::Pre task execution logs
[2026-06-16T15:23:18.755+0000] {taskinstance.py:2614} INFO - Dependencies all met for dep_context=non-requeueable deps ti=<TaskInstance: crypto_pipeline_dag.load_snowflake manual__2026-06-16T00:00:00+00:00 [queued]>
[2026-06-16T15:23:18.765+0000] {taskinstance.py:2614} INFO - Dependencies all met for dep_context=requeueable deps ti=<TaskInstance: crypto_pipeline_dag.load_snowflake manual__2026-06-16T00:00:00+00:00 [queued]>
[2026-06-16T15:23:18.766+0000] {taskinstance.py:2867} INFO - Starting attempt 1 of 4
[2026-06-16T15:23:18.778+0000] {taskinstance.py:2890} INFO - Executing <Task(BashOperator): load_snowflake> on 2026-06-16 00:00:00+00:00
[2026-06-16T15:23:18.785+0000] {standard_task_runner.py:104} INFO - Running: ['***', 'tasks', 'run', 'crypto_pipeline_dag', 'load_snowflake', 'manual__2026-06-16T00:00:00+00:00', '--job-id', '65', '--raw', '--subdir', 'DAGS_FOLDER/crypto_pipeline_dag.py', '--cfg-path', '/tmp/tmpfhe511wd']
[2026-06-16T15:23:18.788+0000] {standard_task_runner.py:105} INFO - Job 65: Subtask load_snowflake
[2026-06-16T15:23:18.790+0000] {logging_mixin.py:190} WARNING - /home/***/.local/lib/python3.12/site-packages/***/task/task_runner/standard_task_runner.py:70 DeprecationWarning: This process (pid=2083) is multi-threaded, use of fork() may lead to deadlocks in the child.
[2026-06-16T15:23:18.791+0000] {standard_task_runner.py:72} INFO - Started process 2084 to run task
[2026-06-16T15:23:18.835+0000] {task_command.py:467} INFO - Running <TaskInstance: crypto_pipeline_dag.load_snowflake manual__2026-06-16T00:00:00+00:00 [running]> on host 7e9583a5360c
[2026-06-16T15:23:18.887+0000] {taskinstance.py:3134} INFO - Exporting env vars: AIRFLOW_CTX_DAG_OWNER='Laila' AIRFLOW_CTX_DAG_ID='crypto_pipeline_dag' AIRFLOW_CTX_TASK_ID='load_snowflake' AIRFLOW_CTX_EXECUTION_DATE='2026-06-16T00:00:00+00:00' AIRFLOW_CTX_TRY_NUMBER='1' AIRFLOW_CTX_DAG_RUN_ID='manual__2026-06-16T00:00:00+00:00'
[2026-06-16T15:23:18.888+0000] {taskinstance.py:732} INFO - ::endgroup::
[2026-06-16T15:23:18.899+0000] {subprocess.py:78} INFO - Tmp dir root location: /tmp
[2026-06-16T15:23:18.900+0000] {subprocess.py:88} INFO - Running command: ['/usr/bin/bash', '-c', '\n        cd /opt/***/scripts &&\n        python load_snowflake.py\n        ']
[2026-06-16T15:23:18.907+0000] {subprocess.py:99} INFO - Output:
[2026-06-16T15:23:28.813+0000] {local_task_job_runner.py:346} WARNING - State of this instance has been externally set to up_for_retry. Terminating instance.
[2026-06-16T15:23:28.814+0000] {local_task_job_runner.py:245} INFO - ::endgroup::
[2026-06-16T15:23:28.817+0000] {process_utils.py:132} INFO - Sending 15 to group 2084. PIDs of all processes in the group: [2086, 2087, 2084]
[2026-06-16T15:23:28.817+0000] {process_utils.py:87} INFO - Sending the signal 15 to group 2084
[2026-06-16T15:23:28.818+0000] {taskinstance.py:3094} ERROR - Received SIGTERM. Terminating subprocesses.
[2026-06-16T15:23:28.824+0000] {taskinstance.py:3095} ERROR - Stacktrace: 
  File "/home/***/.local/bin/***", line 8, in <module>
    sys.exit(main())
  File "/home/***/.local/lib/python3.12/site-packages/***/__main__.py", line 62, in main
    args.func(args)
  File "/home/***/.local/lib/python3.12/site-packages/***/cli/cli_config.py", line 49, in command
    return func(*args, **kwargs)
  File "/home/***/.local/lib/python3.12/site-packages/***/utils/cli.py", line 116, in wrapper
    return f(*args, **kwargs)
  File "/home/***/.local/lib/python3.12/site-packages/***/utils/providers_configuration_loader.py", line 55, in wrapped_function
    return func(*args, **kwargs)
  File "/home/***/.local/lib/python3.12/site-packages/***/cli/commands/scheduler_command.py", line 56, in scheduler
    run_command_with_daemon_option(
  File "/home/***/.local/lib/python3.12/site-packages/***/cli/commands/daemon_utils.py", line 86, in run_command_with_daemon_option
    callback()
  File "/home/***/.local/lib/python3.12/site-packages/***/cli/commands/scheduler_command.py", line 59, in <lambda>
    callback=lambda: _run_scheduler_job(args),
  File "/home/***/.local/lib/python3.12/site-packages/***/cli/commands/scheduler_command.py", line 47, in _run_scheduler_job
    run_job(job=job_runner.job, execute_callable=job_runner._execute)
  File "/home/***/.local/lib/python3.12/site-packages/***/utils/session.py", line 97, in wrapper
    return func(*args, session=session, **kwargs)
  File "/home/***/.local/lib/python3.12/site-packages/***/jobs/job.py", line 421, in run_job
    return execute_job(job, execute_callable=execute_callable)
  File "/home/***/.local/lib/python3.12/site-packages/***/jobs/job.py", line 450, in execute_job
    ret = execute_callable()
  File "/home/***/.local/lib/python3.12/site-packages/***/jobs/scheduler_job_runner.py", line 990, in _execute
    executor.start()
  File "/home/***/.local/lib/python3.12/site-packages/***/executors/local_executor.py", line 392, in start
    self.impl.start()
  File "/home/***/.local/lib/python3.12/site-packages/***/executors/local_executor.py", line 330, in start
    worker.start()
  File "/usr/local/lib/python3.12/multiprocessing/process.py", line 121, in start
    self._popen = self._Popen(self)
  File "/usr/local/lib/python3.12/multiprocessing/context.py", line 224, in _Popen
    return _default_context.get_context().Process._Popen(process_obj)
  File "/usr/local/lib/python3.12/multiprocessing/context.py", line 282, in _Popen
    return Popen(process_obj)
  File "/usr/local/lib/python3.12/multiprocessing/popen_fork.py", line 19, in __init__
    self._launch(process_obj)
  File "/usr/local/lib/python3.12/multiprocessing/popen_fork.py", line 71, in _launch
    code = process_obj._bootstrap(parent_sentinel=child_r)
  File "/usr/local/lib/python3.12/multiprocessing/process.py", line 314, in _bootstrap
    self.run()
  File "/home/***/.local/lib/python3.12/site-packages/***/executors/local_executor.py", line 80, in run
    return super().run()
  File "/usr/local/lib/python3.12/multiprocessing/process.py", line 108, in run
    self._target(*self._args, **self._kwargs)
  File "/home/***/.local/lib/python3.12/site-packages/***/traces/tracer.py", line 58, in wrapper
    return func(*args, **kwargs)
  File "/home/***/.local/lib/python3.12/site-packages/***/executors/local_executor.py", line 211, in do_work
    self.execute_work(key=key, command=command)
  File "/home/***/.local/lib/python3.12/site-packages/***/traces/tracer.py", line 58, in wrapper
    return func(*args, **kwargs)
  File "/home/***/.local/lib/python3.12/site-packages/***/executors/local_executor.py", line 100, in execute_work
    state = self._execute_work_in_fork(command)
  File "/home/***/.local/lib/python3.12/site-packages/***/traces/tracer.py", line 58, in wrapper
    return func(*args, **kwargs)
  File "/home/***/.local/lib/python3.12/site-packages/***/executors/local_executor.py", line 142, in _execute_work_in_fork
    args.func(args)
  File "/home/***/.local/lib/python3.12/site-packages/***/cli/cli_config.py", line 49, in command
    return func(*args, **kwargs)
  File "/home/***/.local/lib/python3.12/site-packages/***/utils/cli.py", line 116, in wrapper
    return f(*args, **kwargs)
  File "/home/***/.local/lib/python3.12/site-packages/***/cli/commands/task_command.py", line 483, in task_run
    task_return_code = _run_task_by_selected_method(args, _dag, ti)
  File "/home/***/.local/lib/python3.12/site-packages/***/cli/commands/task_command.py", line 254, in _run_task_by_selected_method
    return _run_task_by_local_task_job(args, ti)
  File "/home/***/.local/lib/python3.12/site-packages/***/cli/commands/task_command.py", line 322, in _run_task_by_local_task_job
    ret = run_job(job=job_runner.job, execute_callable=job_runner._execute)
  File "/home/***/.local/lib/python3.12/site-packages/***/utils/session.py", line 97, in wrapper
    return func(*args, session=session, **kwargs)
  File "/home/***/.local/lib/python3.12/site-packages/***/jobs/job.py", line 421, in run_job
    return execute_job(job, execute_callable=execute_callable)
  File "/home/***/.local/lib/python3.12/site-packages/***/jobs/job.py", line 450, in execute_job
    ret = execute_callable()
  File "/home/***/.local/lib/python3.12/site-packages/***/jobs/local_task_job_runner.py", line 171, in _execute
    self.task_runner.start()
  File "/home/***/.local/lib/python3.12/site-packages/***/task/task_runner/standard_task_runner.py", line 55, in start
    self.process = self._start_by_fork()
  File "/home/***/.local/lib/python3.12/site-packages/***/task/task_runner/standard_task_runner.py", line 117, in _start_by_fork
    ret = args.func(args, dag=self.dag)
  File "/home/***/.local/lib/python3.12/site-packages/***/cli/cli_config.py", line 49, in command
    return func(*args, **kwargs)
  File "/home/***/.local/lib/python3.12/site-packages/***/utils/cli.py", line 116, in wrapper
    return f(*args, **kwargs)
  File "/home/***/.local/lib/python3.12/site-packages/***/cli/commands/task_command.py", line 483, in task_run
    task_return_code = _run_task_by_selected_method(args, _dag, ti)
  File "/home/***/.local/lib/python3.12/site-packages/***/cli/commands/task_command.py", line 256, in _run_task_by_selected_method
    return _run_raw_task(args, ti)
  File "/home/***/.local/lib/python3.12/site-packages/***/cli/commands/task_command.py", line 341, in _run_raw_task
    return ti._run_raw_task(
  File "/home/***/.local/lib/python3.12/site-packages/***/utils/session.py", line 97, in wrapper
    return func(*args, session=session, **kwargs)
  File "/home/***/.local/lib/python3.12/site-packages/***/models/taskinstance.py", line 3006, in _run_raw_task
    return _run_raw_task(
  File "/home/***/.local/lib/python3.12/site-packages/***/models/taskinstance.py", line 274, in _run_raw_task
    TaskInstance._execute_task_with_callbacks(
  File "/home/***/.local/lib/python3.12/site-packages/***/models/taskinstance.py", line 3161, in _execute_task_with_callbacks
    result = self._execute_task(context, task_orig)
  File "/home/***/.local/lib/python3.12/site-packages/***/models/taskinstance.py", line 3185, in _execute_task
    return _execute_task(self, context, task_orig)
  File "/home/***/.local/lib/python3.12/site-packages/***/models/taskinstance.py", line 768, in _execute_task
    result = _execute_callable(context=context, **execute_callable_kwargs)
  File "/home/***/.local/lib/python3.12/site-packages/***/models/taskinstance.py", line 734, in _execute_callable
    return ExecutionCallableRunner(
  File "/home/***/.local/lib/python3.12/site-packages/***/utils/operator_helpers.py", line 252, in run
    return self.func(*args, **kwargs)
  File "/home/***/.local/lib/python3.12/site-packages/***/models/baseoperator.py", line 424, in wrapper
    return func(self, *args, **kwargs)
  File "/home/***/.local/lib/python3.12/site-packages/***/operators/bash.py", line 257, in execute
    result = self._run_inline_command(bash_path=bash_path, env=env)
  File "/home/***/.local/lib/python3.12/site-packages/***/operators/bash.py", line 284, in _run_inline_command
    return self.subprocess_hook.run_command(
  File "/home/***/.local/lib/python3.12/site-packages/***/hooks/subprocess.py", line 104, in run_command
    for raw_line in iter(self.sub_process.stdout.readline, b""):
  File "/home/***/.local/lib/python3.12/site-packages/***/models/taskinstance.py", line 3095, in signal_handler
    self.log.error("Stacktrace: \n%s", "".join(traceback.format_stack()))

[2026-06-16T15:23:28.826+0000] {subprocess.py:117} INFO - Sending SIGTERM signal to process group
[2026-06-16T15:23:28.841+0000] {taskinstance.py:3313} ERROR - Task failed with exception
Traceback (most recent call last):
  File "/home/airflow/.local/lib/python3.12/site-packages/airflow/models/taskinstance.py", line 768, in _execute_task
    result = _execute_callable(context=context, **execute_callable_kwargs)
             ^^^^^^^^^^^^^^^^^^^^^^^^^^^^^^^^^^^^^^^^^^^^^^^^^^^^^^^^^^^^^
  File "/home/airflow/.local/lib/python3.12/site-packages/airflow/models/taskinstance.py", line 734, in _execute_callable
    return ExecutionCallableRunner(
           ^^^^^^^^^^^^^^^^^^^^^^^^
  File "/home/airflow/.local/lib/python3.12/site-packages/airflow/utils/operator_helpers.py", line 252, in run
    return self.func(*args, **kwargs)
           ^^^^^^^^^^^^^^^^^^^^^^^^^^
  File "/home/airflow/.local/lib/python3.12/site-packages/airflow/models/baseoperator.py", line 424, in wrapper
    return func(self, *args, **kwargs)
           ^^^^^^^^^^^^^^^^^^^^^^^^^^^
  File "/home/airflow/.local/lib/python3.12/site-packages/airflow/operators/bash.py", line 257, in execute
    result = self._run_inline_command(bash_path=bash_path, env=env)
             ^^^^^^^^^^^^^^^^^^^^^^^^^^^^^^^^^^^^^^^^^^^^^^^^^^^^^^
  File "/home/airflow/.local/lib/python3.12/site-packages/airflow/operators/bash.py", line 284, in _run_inline_command
    return self.subprocess_hook.run_command(
           ^^^^^^^^^^^^^^^^^^^^^^^^^^^^^^^^^
  File "/home/airflow/.local/lib/python3.12/site-packages/airflow/hooks/subprocess.py", line 104, in run_command
    for raw_line in iter(self.sub_process.stdout.readline, b""):
                    ^^^^^^^^^^^^^^^^^^^^^^^^^^^^^^^^^^^^^^^^^^^
  File "/home/airflow/.local/lib/python3.12/site-packages/airflow/models/taskinstance.py", line 3097, in signal_handler
    raise AirflowTaskTerminated("Task received SIGTERM signal")
airflow.exceptions.AirflowTaskTerminated: Task received SIGTERM signal
[2026-06-16T15:23:28.845+0000] {taskinstance.py:1226} INFO - Marking task as UP_FOR_RETRY. dag_id=crypto_pipeline_dag, task_id=load_snowflake, run_id=manual__2026-06-16T00:00:00+00:00, execution_date=20260616T000000, start_date=20260616T152318, end_date=20260616T152328
[2026-06-16T15:23:28.867+0000] {taskinstance.py:341} INFO - ::group::Post task execution logs
[2026-06-16T15:23:28.910+0000] {process_utils.py:80} INFO - Process psutil.Process(pid=2086, status='terminated', started='15:23:18') (2086) terminated with exit code None
[2026-06-16T15:23:28.911+0000] {process_utils.py:80} INFO - Process psutil.Process(pid=2084, status='terminated', exitcode=2, started='15:23:18') (2084) terminated with exit code 2
[2026-06-16T15:23:28.913+0000] {process_utils.py:80} INFO - Process psutil.Process(pid=2087, status='terminated', started='15:23:18') (2087) terminated with exit code None
[2026-06-16T15:35:57.586+0000] {local_task_job_runner.py:123} INFO - ::group::Pre task execution logs
[2026-06-16T15:35:57.604+0000] {taskinstance.py:2614} INFO - Dependencies all met for dep_context=non-requeueable deps ti=<TaskInstance: crypto_pipeline_dag.load_snowflake manual__2026-06-16T00:00:00+00:00 [queued]>
[2026-06-16T15:35:57.612+0000] {taskinstance.py:2614} INFO - Dependencies all met for dep_context=requeueable deps ti=<TaskInstance: crypto_pipeline_dag.load_snowflake manual__2026-06-16T00:00:00+00:00 [queued]>
[2026-06-16T15:35:57.612+0000] {taskinstance.py:2867} INFO - Starting attempt 1 of 4
[2026-06-16T15:35:57.622+0000] {taskinstance.py:2890} INFO - Executing <Task(BashOperator): load_snowflake> on 2026-06-16 00:00:00+00:00
[2026-06-16T15:35:57.628+0000] {standard_task_runner.py:104} INFO - Running: ['***', 'tasks', 'run', 'crypto_pipeline_dag', 'load_snowflake', 'manual__2026-06-16T00:00:00+00:00', '--job-id', '70', '--raw', '--subdir', 'DAGS_FOLDER/crypto_pipeline_dag.py', '--cfg-path', '/tmp/tmpaf206_n5']
[2026-06-16T15:35:57.630+0000] {standard_task_runner.py:105} INFO - Job 70: Subtask load_snowflake
[2026-06-16T15:35:57.632+0000] {logging_mixin.py:190} WARNING - /home/***/.local/lib/python3.12/site-packages/***/task/task_runner/standard_task_runner.py:70 DeprecationWarning: This process (pid=2511) is multi-threaded, use of fork() may lead to deadlocks in the child.
[2026-06-16T15:35:57.633+0000] {standard_task_runner.py:72} INFO - Started process 2529 to run task
[2026-06-16T15:35:57.669+0000] {task_command.py:467} INFO - Running <TaskInstance: crypto_pipeline_dag.load_snowflake manual__2026-06-16T00:00:00+00:00 [running]> on host 7e9583a5360c
[2026-06-16T15:35:57.721+0000] {taskinstance.py:3134} INFO - Exporting env vars: AIRFLOW_CTX_DAG_OWNER='Laila' AIRFLOW_CTX_DAG_ID='crypto_pipeline_dag' AIRFLOW_CTX_TASK_ID='load_snowflake' AIRFLOW_CTX_EXECUTION_DATE='2026-06-16T00:00:00+00:00' AIRFLOW_CTX_TRY_NUMBER='1' AIRFLOW_CTX_DAG_RUN_ID='manual__2026-06-16T00:00:00+00:00'
[2026-06-16T15:35:57.722+0000] {taskinstance.py:732} INFO - ::endgroup::
[2026-06-16T15:35:57.733+0000] {subprocess.py:78} INFO - Tmp dir root location: /tmp
[2026-06-16T15:35:57.734+0000] {subprocess.py:88} INFO - Running command: ['/usr/bin/bash', '-c', '\n        cd /opt/***/scripts &&\n        python load_snowflake.py\n        ']
[2026-06-16T15:35:57.741+0000] {subprocess.py:99} INFO - Output:
[2026-06-16T15:36:06.828+0000] {subprocess.py:106} INFO - 🚀 START SNOWFLAKE LOAD
[2026-06-16T15:36:06.829+0000] {subprocess.py:106} INFO - 
[2026-06-16T15:36:06.829+0000] {subprocess.py:106} INFO - DATES DANS GOLD
[2026-06-16T15:36:06.830+0000] {subprocess.py:106} INFO - [datetime.date(2026, 6, 16)]
[2026-06-16T15:36:06.830+0000] {subprocess.py:106} INFO - 
[2026-06-16T15:36:06.831+0000] {subprocess.py:106} INFO - SHAPES
[2026-06-16T15:36:06.831+0000] {subprocess.py:106} INFO - DIM_CRYPTO : (249, 4)
[2026-06-16T15:36:06.831+0000] {subprocess.py:106} INFO - DIM_DATE   : (248, 9)
[2026-06-16T15:36:06.831+0000] {subprocess.py:106} INFO - FACT       : (249, 13)
[2026-06-16T15:36:06.832+0000] {subprocess.py:106} INFO - ✅ Tables créées
[2026-06-16T15:36:06.832+0000] {subprocess.py:106} INFO - ✅ DIM_CRYPTO: 249 lignes
[2026-06-16T15:36:06.832+0000] {subprocess.py:106} INFO - ✅ DIM_DATE: 248 lignes
[2026-06-16T15:36:06.832+0000] {subprocess.py:106} INFO - ✅ FACT_CRYPTO_SNAPSHOT: 249 lignes
[2026-06-16T15:36:06.833+0000] {subprocess.py:106} INFO - 
[2026-06-16T15:36:06.833+0000] {subprocess.py:106} INFO - 📊 VALIDATION
[2026-06-16T15:36:06.833+0000] {subprocess.py:106} INFO - DIM_CRYPTO : 498
[2026-06-16T15:36:06.833+0000] {subprocess.py:106} INFO - DIM_DATE : 496
[2026-06-16T15:36:06.834+0000] {subprocess.py:106} INFO - FACT : 498
[2026-06-16T15:36:06.834+0000] {subprocess.py:106} INFO - 
[2026-06-16T15:36:06.834+0000] {subprocess.py:106} INFO - 📅 DATES DANS SNOWFLAKE
[2026-06-16T15:36:06.834+0000] {subprocess.py:106} INFO - 2026-06-16
[2026-06-16T15:36:06.835+0000] {subprocess.py:106} INFO - 
[2026-06-16T15:36:06.835+0000] {subprocess.py:106} INFO - ✅ LOAD TERMINÉ
[2026-06-16T15:36:06.902+0000] {subprocess.py:110} INFO - Command exited with return code 0
[2026-06-16T15:36:06.920+0000] {taskinstance.py:341} INFO - ::group::Post task execution logs
[2026-06-16T15:36:06.921+0000] {taskinstance.py:353} INFO - Marking task as SUCCESS. dag_id=crypto_pipeline_dag, task_id=load_snowflake, run_id=manual__2026-06-16T00:00:00+00:00, execution_date=20260616T000000, start_date=20260616T153557, end_date=20260616T153606
[2026-06-16T15:36:06.944+0000] {local_task_job_runner.py:266} INFO - Task exited with return code 0
[2026-06-16T15:36:06.953+0000] {taskinstance.py:3901} INFO - 0 downstream tasks scheduled from follow-on schedule check
[2026-06-16T15:36:06.955+0000] {local_task_job_runner.py:245} INFO - ::endgroup::
[2026-06-16T15:42:41.897+0000] {local_task_job_runner.py:123} INFO - ::group::Pre task execution logs
[2026-06-16T15:42:41.914+0000] {taskinstance.py:2614} INFO - Dependencies all met for dep_context=non-requeueable deps ti=<TaskInstance: crypto_pipeline_dag.load_snowflake manual__2026-06-16T00:00:00+00:00 [queued]>
[2026-06-16T15:42:41.921+0000] {taskinstance.py:2614} INFO - Dependencies all met for dep_context=requeueable deps ti=<TaskInstance: crypto_pipeline_dag.load_snowflake manual__2026-06-16T00:00:00+00:00 [queued]>
[2026-06-16T15:42:41.922+0000] {taskinstance.py:2867} INFO - Starting attempt 1 of 4
[2026-06-16T15:42:41.931+0000] {taskinstance.py:2890} INFO - Executing <Task(BashOperator): load_snowflake> on 2026-06-16 00:00:00+00:00
[2026-06-16T15:42:41.937+0000] {standard_task_runner.py:104} INFO - Running: ['***', 'tasks', 'run', 'crypto_pipeline_dag', 'load_snowflake', 'manual__2026-06-16T00:00:00+00:00', '--job-id', '74', '--raw', '--subdir', 'DAGS_FOLDER/crypto_pipeline_dag.py', '--cfg-path', '/tmp/tmpe6mrpud9']
[2026-06-16T15:42:41.939+0000] {standard_task_runner.py:105} INFO - Job 74: Subtask load_snowflake
[2026-06-16T15:42:41.941+0000] {logging_mixin.py:190} WARNING - /home/***/.local/lib/python3.12/site-packages/***/task/task_runner/standard_task_runner.py:70 DeprecationWarning: This process (pid=2829) is multi-threaded, use of fork() may lead to deadlocks in the child.
[2026-06-16T15:42:41.942+0000] {standard_task_runner.py:72} INFO - Started process 2847 to run task
[2026-06-16T15:42:41.980+0000] {task_command.py:467} INFO - Running <TaskInstance: crypto_pipeline_dag.load_snowflake manual__2026-06-16T00:00:00+00:00 [running]> on host 7e9583a5360c
[2026-06-16T15:42:42.045+0000] {taskinstance.py:3134} INFO - Exporting env vars: AIRFLOW_CTX_DAG_OWNER='Laila' AIRFLOW_CTX_DAG_ID='crypto_pipeline_dag' AIRFLOW_CTX_TASK_ID='load_snowflake' AIRFLOW_CTX_EXECUTION_DATE='2026-06-16T00:00:00+00:00' AIRFLOW_CTX_TRY_NUMBER='1' AIRFLOW_CTX_DAG_RUN_ID='manual__2026-06-16T00:00:00+00:00'
[2026-06-16T15:42:42.054+0000] {taskinstance.py:732} INFO - ::endgroup::
[2026-06-16T15:42:42.075+0000] {subprocess.py:78} INFO - Tmp dir root location: /tmp
[2026-06-16T15:42:42.076+0000] {subprocess.py:88} INFO - Running command: ['/usr/bin/bash', '-c', '\n        cd /opt/***/scripts &&\n        python load_snowflake.py\n        ']
[2026-06-16T15:42:42.084+0000] {subprocess.py:99} INFO - Output:
[2026-06-16T15:42:56.970+0000] {subprocess.py:106} INFO - 🚀 START SNOWFLAKE LOAD
[2026-06-16T15:42:56.971+0000] {subprocess.py:106} INFO - 
[2026-06-16T15:42:56.971+0000] {subprocess.py:106} INFO - DATES DANS GOLD
[2026-06-16T15:42:56.972+0000] {subprocess.py:106} INFO - [datetime.date(2026, 6, 16)]
[2026-06-16T15:42:56.972+0000] {subprocess.py:106} INFO - 
[2026-06-16T15:42:56.972+0000] {subprocess.py:106} INFO - SHAPES
[2026-06-16T15:42:56.973+0000] {subprocess.py:106} INFO - DIM_CRYPTO : (249, 4)
[2026-06-16T15:42:56.973+0000] {subprocess.py:106} INFO - DIM_DATE   : (243, 9)
[2026-06-16T15:42:56.974+0000] {subprocess.py:106} INFO - FACT       : (249, 13)
[2026-06-16T15:42:56.974+0000] {subprocess.py:106} INFO - ✅ Tables créées
[2026-06-16T15:42:56.974+0000] {subprocess.py:106} INFO - 🧹 Tables vidées avant chargement
[2026-06-16T15:42:56.975+0000] {subprocess.py:106} INFO - ✅ DIM_CRYPTO: 249 lignes
[2026-06-16T15:42:56.975+0000] {subprocess.py:106} INFO - ✅ DIM_DATE: 243 lignes
[2026-06-16T15:42:56.975+0000] {subprocess.py:106} INFO - ✅ FACT_CRYPTO_SNAPSHOT: 249 lignes
[2026-06-16T15:42:56.976+0000] {subprocess.py:106} INFO - 
[2026-06-16T15:42:56.976+0000] {subprocess.py:106} INFO - 📊 VALIDATION
[2026-06-16T15:42:56.976+0000] {subprocess.py:106} INFO - DIM_CRYPTO : 498
[2026-06-16T15:42:56.977+0000] {subprocess.py:106} INFO - DIM_DATE : 243
[2026-06-16T15:42:56.977+0000] {subprocess.py:106} INFO - FACT : 249
[2026-06-16T15:42:56.977+0000] {subprocess.py:106} INFO - 
[2026-06-16T15:42:56.978+0000] {subprocess.py:106} INFO - 📅 DATES DANS SNOWFLAKE
[2026-06-16T15:42:56.978+0000] {subprocess.py:106} INFO - 2026-06-16
[2026-06-16T15:42:56.978+0000] {subprocess.py:106} INFO - 
[2026-06-16T15:42:56.978+0000] {subprocess.py:106} INFO - ✅ LOAD TERMINÉ
[2026-06-16T15:42:57.067+0000] {subprocess.py:110} INFO - Command exited with return code 0
[2026-06-16T15:42:57.087+0000] {taskinstance.py:341} INFO - ::group::Post task execution logs
[2026-06-16T15:42:57.087+0000] {taskinstance.py:353} INFO - Marking task as SUCCESS. dag_id=crypto_pipeline_dag, task_id=load_snowflake, run_id=manual__2026-06-16T00:00:00+00:00, execution_date=20260616T000000, start_date=20260616T154241, end_date=20260616T154257
[2026-06-16T15:42:57.132+0000] {local_task_job_runner.py:266} INFO - Task exited with return code 0
[2026-06-16T15:42:57.144+0000] {taskinstance.py:3901} INFO - 0 downstream tasks scheduled from follow-on schedule check
[2026-06-16T15:42:57.146+0000] {local_task_job_runner.py:245} INFO - ::endgroup::
