[2026-06-19T09:00:07.162+0000] {local_task_job_runner.py:123} INFO - ::group::Pre task execution logs
[2026-06-19T09:00:07.175+0000] {taskinstance.py:2614} INFO - Dependencies all met for dep_context=non-requeueable deps ti=<TaskInstance: crypto_pipeline_dag.ingest_bronze scheduled__2026-06-18T00:00:00+00:00 [queued]>
[2026-06-19T09:00:07.180+0000] {taskinstance.py:2614} INFO - Dependencies all met for dep_context=requeueable deps ti=<TaskInstance: crypto_pipeline_dag.ingest_bronze scheduled__2026-06-18T00:00:00+00:00 [queued]>
[2026-06-19T09:00:07.182+0000] {taskinstance.py:2867} INFO - Starting attempt 1 of 4
[2026-06-19T09:00:07.190+0000] {taskinstance.py:2890} INFO - Executing <Task(BashOperator): ingest_bronze> on 2026-06-18 00:00:00+00:00
[2026-06-19T09:00:07.196+0000] {standard_task_runner.py:104} INFO - Running: ['***', 'tasks', 'run', 'crypto_pipeline_dag', 'ingest_bronze', 'scheduled__2026-06-18T00:00:00+00:00', '--job-id', '146', '--raw', '--subdir', 'DAGS_FOLDER/crypto_pipeline_dag.py', '--cfg-path', '/tmp/tmpl25ewk78']
[2026-06-19T09:00:07.198+0000] {logging_mixin.py:190} WARNING - /home/***/.local/lib/python3.12/site-packages/***/task/task_runner/standard_task_runner.py:70 DeprecationWarning: This process (pid=179) is multi-threaded, use of fork() may lead to deadlocks in the child.
[2026-06-19T09:00:07.198+0000] {standard_task_runner.py:105} INFO - Job 146: Subtask ingest_bronze
[2026-06-19T09:00:07.198+0000] {standard_task_runner.py:72} INFO - Started process 182 to run task
[2026-06-19T09:00:07.236+0000] {task_command.py:467} INFO - Running <TaskInstance: crypto_pipeline_dag.ingest_bronze scheduled__2026-06-18T00:00:00+00:00 [running]> on host 7e9583a5360c
[2026-06-19T09:00:07.304+0000] {taskinstance.py:3134} INFO - Exporting env vars: AIRFLOW_CTX_DAG_OWNER='Laila' AIRFLOW_CTX_DAG_ID='crypto_pipeline_dag' AIRFLOW_CTX_TASK_ID='ingest_bronze' AIRFLOW_CTX_EXECUTION_DATE='2026-06-18T00:00:00+00:00' AIRFLOW_CTX_TRY_NUMBER='1' AIRFLOW_CTX_DAG_RUN_ID='scheduled__2026-06-18T00:00:00+00:00'
[2026-06-19T09:00:07.305+0000] {taskinstance.py:732} INFO - ::endgroup::
[2026-06-19T09:00:07.322+0000] {subprocess.py:78} INFO - Tmp dir root location: /tmp
[2026-06-19T09:00:07.323+0000] {subprocess.py:88} INFO - Running command: ['/usr/bin/bash', '-c', '\n        cd /opt/***/scripts &&\n        python ingest_bronze.py\n        ']
[2026-06-19T09:00:07.329+0000] {subprocess.py:99} INFO - Output:
[2026-06-19T09:00:11.868+0000] {subprocess.py:106} INFO - 🚀 Début ingestion Bronze...
[2026-06-19T09:00:11.868+0000] {subprocess.py:106} INFO - ❌ Erreur de connexion : HTTPSConnectionPool(host='api.coingecko.com', port=443): Max retries exceeded with url: /api/v3/coins/markets?vs_currency=usd&order=market_cap_desc&per_page=250&page=1&sparkline=false (Caused by NameResolutionError("<urllib3.connection.HTTPSConnection object at 0x7e5d3ec7b2f0>: Failed to resolve 'api.coingecko.com' ([Errno -5] No address associated with hostname)"))
[2026-06-19T09:00:11.869+0000] {subprocess.py:106} INFO - ❌ Aucune donnée récupérée. Arrêt pipeline.
[2026-06-19T09:00:11.890+0000] {subprocess.py:110} INFO - Command exited with return code 0
[2026-06-19T09:00:11.911+0000] {taskinstance.py:341} INFO - ::group::Post task execution logs
[2026-06-19T09:00:11.912+0000] {taskinstance.py:353} INFO - Marking task as SUCCESS. dag_id=crypto_pipeline_dag, task_id=ingest_bronze, run_id=scheduled__2026-06-18T00:00:00+00:00, execution_date=20260618T000000, start_date=20260619T090007, end_date=20260619T090011
[2026-06-19T09:00:11.950+0000] {local_task_job_runner.py:266} INFO - Task exited with return code 0
[2026-06-19T09:00:11.975+0000] {taskinstance.py:3901} INFO - 1 downstream tasks scheduled from follow-on schedule check
[2026-06-19T09:00:11.977+0000] {local_task_job_runner.py:245} INFO - ::endgroup::
