[2026-06-18T08:31:44.411+0000] {local_task_job_runner.py:123} INFO - ::group::Pre task execution logs
[2026-06-18T08:31:44.426+0000] {taskinstance.py:2614} INFO - Dependencies all met for dep_context=non-requeueable deps ti=<TaskInstance: crypto_pipeline_dag.ingest_bronze manual__2026-06-16T15:52:28.121288+00:00 [queued]>
[2026-06-18T08:31:44.432+0000] {taskinstance.py:2614} INFO - Dependencies all met for dep_context=requeueable deps ti=<TaskInstance: crypto_pipeline_dag.ingest_bronze manual__2026-06-16T15:52:28.121288+00:00 [queued]>
[2026-06-18T08:31:44.433+0000] {taskinstance.py:2867} INFO - Starting attempt 4 of 4
[2026-06-18T08:31:44.442+0000] {taskinstance.py:2890} INFO - Executing <Task(BashOperator): ingest_bronze> on 2026-06-16 15:52:28.121288+00:00
[2026-06-18T08:31:44.449+0000] {standard_task_runner.py:104} INFO - Running: ['***', 'tasks', 'run', 'crypto_pipeline_dag', 'ingest_bronze', 'manual__2026-06-16T15:52:28.121288+00:00', '--job-id', '128', '--raw', '--subdir', 'DAGS_FOLDER/crypto_pipeline_dag.py', '--cfg-path', '/tmp/tmp93oq3l7r']
[2026-06-18T08:31:44.452+0000] {standard_task_runner.py:105} INFO - Job 128: Subtask ingest_bronze
[2026-06-18T08:31:44.452+0000] {logging_mixin.py:190} WARNING - /home/***/.local/lib/python3.12/site-packages/***/task/task_runner/standard_task_runner.py:70 DeprecationWarning: This process (pid=362) is multi-threaded, use of fork() may lead to deadlocks in the child.
[2026-06-18T08:31:44.454+0000] {standard_task_runner.py:72} INFO - Started process 363 to run task
[2026-06-18T08:31:44.504+0000] {task_command.py:467} INFO - Running <TaskInstance: crypto_pipeline_dag.ingest_bronze manual__2026-06-16T15:52:28.121288+00:00 [running]> on host 7e9583a5360c
[2026-06-18T08:31:44.568+0000] {taskinstance.py:3134} INFO - Exporting env vars: AIRFLOW_CTX_DAG_OWNER='Laila' AIRFLOW_CTX_DAG_ID='crypto_pipeline_dag' AIRFLOW_CTX_TASK_ID='ingest_bronze' AIRFLOW_CTX_EXECUTION_DATE='2026-06-16T15:52:28.121288+00:00' AIRFLOW_CTX_TRY_NUMBER='4' AIRFLOW_CTX_DAG_RUN_ID='manual__2026-06-16T15:52:28.121288+00:00'
[2026-06-18T08:31:44.570+0000] {taskinstance.py:732} INFO - ::endgroup::
[2026-06-18T08:31:44.582+0000] {subprocess.py:78} INFO - Tmp dir root location: /tmp
[2026-06-18T08:31:44.584+0000] {subprocess.py:88} INFO - Running command: ['/usr/bin/bash', '-c', '\n        cd /opt/***/scripts &&\n        python ingest_bronze.py\n        ']
[2026-06-18T08:31:44.591+0000] {subprocess.py:99} INFO - Output:
[2026-06-18T08:31:49.247+0000] {subprocess.py:106} INFO - 🚀 Début ingestion Bronze...
[2026-06-18T08:31:49.249+0000] {subprocess.py:106} INFO - ❌ Erreur de connexion : HTTPSConnectionPool(host='api.coingecko.com', port=443): Max retries exceeded with url: /api/v3/coins/markets?vs_currency=usd&order=market_cap_desc&per_page=250&page=1&sparkline=false (Caused by NameResolutionError("<urllib3.connection.HTTPSConnection object at 0x7f1e1313f470>: Failed to resolve 'api.coingecko.com' ([Errno -5] No address associated with hostname)"))
[2026-06-18T08:31:49.251+0000] {subprocess.py:106} INFO - ❌ Aucune donnée récupérée. Arrêt pipeline.
[2026-06-18T08:31:49.316+0000] {subprocess.py:110} INFO - Command exited with return code 0
[2026-06-18T08:31:49.340+0000] {taskinstance.py:341} INFO - ::group::Post task execution logs
[2026-06-18T08:31:49.340+0000] {taskinstance.py:353} INFO - Marking task as SUCCESS. dag_id=crypto_pipeline_dag, task_id=ingest_bronze, run_id=manual__2026-06-16T15:52:28.121288+00:00, execution_date=20260616T155228, start_date=20260618T083144, end_date=20260618T083149
[2026-06-18T08:31:49.380+0000] {local_task_job_runner.py:266} INFO - Task exited with return code 0
[2026-06-18T08:31:49.405+0000] {taskinstance.py:3901} INFO - 1 downstream tasks scheduled from follow-on schedule check
[2026-06-18T08:31:49.407+0000] {local_task_job_runner.py:245} INFO - ::endgroup::
