[2026-06-16T10:00:11.076+0000] {local_task_job_runner.py:123} INFO - ::group::Pre task execution logs
[2026-06-16T10:00:11.088+0000] {taskinstance.py:2614} INFO - Dependencies all met for dep_context=non-requeueable deps ti=<TaskInstance: crypto_pipeline_dag.ingest_bronze manual__2026-06-16T09:50:08.460389+00:00 [queued]>
[2026-06-16T10:00:11.093+0000] {taskinstance.py:2614} INFO - Dependencies all met for dep_context=requeueable deps ti=<TaskInstance: crypto_pipeline_dag.ingest_bronze manual__2026-06-16T09:50:08.460389+00:00 [queued]>
[2026-06-16T10:00:11.095+0000] {taskinstance.py:2867} INFO - Starting attempt 3 of 4
[2026-06-16T10:00:11.103+0000] {taskinstance.py:2890} INFO - Executing <Task(BashOperator): ingest_bronze> on 2026-06-16 09:50:08.460389+00:00
[2026-06-16T10:00:11.108+0000] {standard_task_runner.py:104} INFO - Running: ['***', 'tasks', 'run', 'crypto_pipeline_dag', 'ingest_bronze', 'manual__2026-06-16T09:50:08.460389+00:00', '--job-id', '34', '--raw', '--subdir', 'DAGS_FOLDER/crypto_pipeline_dag.py', '--cfg-path', '/tmp/tmpimbkahdp']
[2026-06-16T10:00:11.110+0000] {logging_mixin.py:190} WARNING - /home/***/.local/lib/python3.12/site-packages/***/task/task_runner/standard_task_runner.py:70 DeprecationWarning: This process (pid=524) is multi-threaded, use of fork() may lead to deadlocks in the child.
[2026-06-16T10:00:11.110+0000] {standard_task_runner.py:105} INFO - Job 34: Subtask ingest_bronze
[2026-06-16T10:00:11.110+0000] {standard_task_runner.py:72} INFO - Started process 525 to run task
[2026-06-16T10:00:11.147+0000] {task_command.py:467} INFO - Running <TaskInstance: crypto_pipeline_dag.ingest_bronze manual__2026-06-16T09:50:08.460389+00:00 [running]> on host 7e9583a5360c
[2026-06-16T10:00:11.196+0000] {taskinstance.py:3134} INFO - Exporting env vars: AIRFLOW_CTX_DAG_OWNER='Laila' AIRFLOW_CTX_DAG_ID='crypto_pipeline_dag' AIRFLOW_CTX_TASK_ID='ingest_bronze' AIRFLOW_CTX_EXECUTION_DATE='2026-06-16T09:50:08.460389+00:00' AIRFLOW_CTX_TRY_NUMBER='3' AIRFLOW_CTX_DAG_RUN_ID='manual__2026-06-16T09:50:08.460389+00:00'
[2026-06-16T10:00:11.197+0000] {taskinstance.py:732} INFO - ::endgroup::
[2026-06-16T10:00:11.207+0000] {subprocess.py:78} INFO - Tmp dir root location: /tmp
[2026-06-16T10:00:11.210+0000] {subprocess.py:88} INFO - Running command: ['/usr/bin/bash', '-c', '\n        cd C:/Users/user/Desktop/data_crypto/scripts &&\n        py ingest_bronze.py\n        ']
[2026-06-16T10:00:11.217+0000] {subprocess.py:99} INFO - Output:
[2026-06-16T10:00:11.227+0000] {subprocess.py:106} INFO - /usr/bin/bash: line 2: cd: C:/Users/user/Desktop/data_crypto/scripts: No such file or directory
[2026-06-16T10:00:11.228+0000] {subprocess.py:110} INFO - Command exited with return code 1
[2026-06-16T10:00:11.236+0000] {taskinstance.py:3313} ERROR - Task failed with exception
Traceback (most recent call last):
  File "/home/airflow/.local/lib/python3.12/site-packages/airflow/models/taskinstance.py", line 768, in _execute_task
    result = _execute_callable(context=context, **execute_callable_kwargs)
             ^^^^^^^^^^^^^^^^^^^^^^^^^^^^^^^^^^^^^^^^^^^^^^^^^^^^^^^^^^^^^
  File "/home/airflow/.local/lib/python3.12/site-packages/airflow/models/taskinstance.py", line 734, in _execute_callable
    return ExecutionCallableRunner(
           ^^^^^^^^^^^^^^^^^^^^^^^^
  File "/home/airflow/.local/lib/python3.12/site-packages/airflow/utils/operator_helpers.py", line 252, in run
    return self.func(*args, **kwargs)
           ^^^^^^^^^^^^^^^^^^^^^^^^^^
  File "/home/airflow/.local/lib/python3.12/site-packages/airflow/models/baseoperator.py", line 424, in wrapper
    return func(self, *args, **kwargs)
           ^^^^^^^^^^^^^^^^^^^^^^^^^^^
  File "/home/airflow/.local/lib/python3.12/site-packages/airflow/operators/bash.py", line 276, in execute
    raise AirflowException(
airflow.exceptions.AirflowException: Bash command failed. The command returned a non-zero exit code 1.
[2026-06-16T10:00:11.241+0000] {taskinstance.py:1226} INFO - Marking task as UP_FOR_RETRY. dag_id=crypto_pipeline_dag, task_id=ingest_bronze, run_id=manual__2026-06-16T09:50:08.460389+00:00, execution_date=20260616T095008, start_date=20260616T100011, end_date=20260616T100011
[2026-06-16T10:00:11.262+0000] {taskinstance.py:341} INFO - ::group::Post task execution logs
[2026-06-16T10:00:11.263+0000] {standard_task_runner.py:124} ERROR - Failed to execute job 34 for task ingest_bronze (Bash command failed. The command returned a non-zero exit code 1.; 525)
Traceback (most recent call last):
  File "/home/airflow/.local/lib/python3.12/site-packages/airflow/task/task_runner/standard_task_runner.py", line 117, in _start_by_fork
    ret = args.func(args, dag=self.dag)
          ^^^^^^^^^^^^^^^^^^^^^^^^^^^^^
  File "/home/airflow/.local/lib/python3.12/site-packages/airflow/cli/cli_config.py", line 49, in command
    return func(*args, **kwargs)
           ^^^^^^^^^^^^^^^^^^^^^
  File "/home/airflow/.local/lib/python3.12/site-packages/airflow/utils/cli.py", line 116, in wrapper
    return f(*args, **kwargs)
           ^^^^^^^^^^^^^^^^^^
  File "/home/airflow/.local/lib/python3.12/site-packages/airflow/cli/commands/task_command.py", line 483, in task_run
    task_return_code = _run_task_by_selected_method(args, _dag, ti)
                       ^^^^^^^^^^^^^^^^^^^^^^^^^^^^^^^^^^^^^^^^^^^^
  File "/home/airflow/.local/lib/python3.12/site-packages/airflow/cli/commands/task_command.py", line 256, in _run_task_by_selected_method
    return _run_raw_task(args, ti)
           ^^^^^^^^^^^^^^^^^^^^^^^
  File "/home/airflow/.local/lib/python3.12/site-packages/airflow/cli/commands/task_command.py", line 341, in _run_raw_task
    return ti._run_raw_task(
           ^^^^^^^^^^^^^^^^^
  File "/home/airflow/.local/lib/python3.12/site-packages/airflow/utils/session.py", line 97, in wrapper
    return func(*args, session=session, **kwargs)
           ^^^^^^^^^^^^^^^^^^^^^^^^^^^^^^^^^^^^^^
  File "/home/airflow/.local/lib/python3.12/site-packages/airflow/models/taskinstance.py", line 3006, in _run_raw_task
    return _run_raw_task(
           ^^^^^^^^^^^^^^
  File "/home/airflow/.local/lib/python3.12/site-packages/airflow/models/taskinstance.py", line 274, in _run_raw_task
    TaskInstance._execute_task_with_callbacks(
  File "/home/airflow/.local/lib/python3.12/site-packages/airflow/models/taskinstance.py", line 3161, in _execute_task_with_callbacks
    result = self._execute_task(context, task_orig)
             ^^^^^^^^^^^^^^^^^^^^^^^^^^^^^^^^^^^^^^
  File "/home/airflow/.local/lib/python3.12/site-packages/airflow/models/taskinstance.py", line 3185, in _execute_task
    return _execute_task(self, context, task_orig)
           ^^^^^^^^^^^^^^^^^^^^^^^^^^^^^^^^^^^^^^^
  File "/home/airflow/.local/lib/python3.12/site-packages/airflow/models/taskinstance.py", line 768, in _execute_task
    result = _execute_callable(context=context, **execute_callable_kwargs)
             ^^^^^^^^^^^^^^^^^^^^^^^^^^^^^^^^^^^^^^^^^^^^^^^^^^^^^^^^^^^^^
  File "/home/airflow/.local/lib/python3.12/site-packages/airflow/models/taskinstance.py", line 734, in _execute_callable
    return ExecutionCallableRunner(
           ^^^^^^^^^^^^^^^^^^^^^^^^
  File "/home/airflow/.local/lib/python3.12/site-packages/airflow/utils/operator_helpers.py", line 252, in run
    return self.func(*args, **kwargs)
           ^^^^^^^^^^^^^^^^^^^^^^^^^^
  File "/home/airflow/.local/lib/python3.12/site-packages/airflow/models/baseoperator.py", line 424, in wrapper
    return func(self, *args, **kwargs)
           ^^^^^^^^^^^^^^^^^^^^^^^^^^^
  File "/home/airflow/.local/lib/python3.12/site-packages/airflow/operators/bash.py", line 276, in execute
    raise AirflowException(
airflow.exceptions.AirflowException: Bash command failed. The command returned a non-zero exit code 1.
[2026-06-16T10:00:11.285+0000] {local_task_job_runner.py:266} INFO - Task exited with return code 1
[2026-06-16T10:00:11.298+0000] {taskinstance.py:3901} INFO - 0 downstream tasks scheduled from follow-on schedule check
[2026-06-16T10:00:11.301+0000] {local_task_job_runner.py:245} INFO - ::endgroup::
