2026-06-12 13:00:05,639 - INFO - \U0001f680 ===== DÉBUT PIPELINE GOLD =====
2026-06-12 13:00:05,639 - INFO - Input silver shape: (249, 24)
2026-06-12 13:00:05,639 - INFO - Connexion à MinIO...
2026-06-12 13:00:05,639 - INFO - Construction dim_crypto...
2026-06-12 13:00:05,642 - INFO - dim_crypto après drop_duplicates: (249, 3)
2026-06-12 13:00:05,642 - INFO - dim_crypto final: 249 lignes
2026-06-12 13:00:05,642 - INFO - Construction dim_date...
2026-06-12 13:00:05,644 - INFO - dim_date après drop_duplicates: (6, 8)
2026-06-12 13:00:05,644 - INFO - dim_date final: 6 lignes
2026-06-12 13:00:05,644 - INFO - Construction fact_table...
2026-06-12 13:00:05,645 - INFO - fact initial shape: (249, 24)
2026-06-12 13:00:05,647 - INFO - Merge dim_crypto terminé
2026-06-12 13:00:05,649 - INFO - Merge dim_date terminé
2026-06-12 13:00:05,649 - INFO - FK check - missing crypto_key: 0
2026-06-12 13:00:05,649 - INFO - FK check - missing date_key: 0
2026-06-12 13:00:05,650 - INFO - fact final shape: (249, 13)
2026-06-12 13:00:05,650 - INFO - fact_table construite avec succès
2026-06-12 13:00:05,650 - INFO - Début sauvegarde GOLD...
2026-06-12 13:00:05,664 - INFO - Bucket crypto-gold créé
2026-06-12 13:00:05,664 - INFO - Sauvegarde table: dim_crypto | shape: (249, 4)
2026-06-12 13:00:05,668 - INFO - \u2714 Local saved: ../data/gold/2026/06/12/dim_crypto.parquet
2026-06-12 13:00:05,714 - INFO - \u2714 MinIO saved: 2026/06/12/dim_crypto.parquet
2026-06-12 13:00:05,714 - INFO - Sauvegarde table: dim_date | shape: (6, 9)
2026-06-12 13:00:05,717 - INFO - \u2714 Local saved: ../data/gold/2026/06/12/dim_date.parquet
2026-06-12 13:00:05,766 - INFO - \u2714 MinIO saved: 2026/06/12/dim_date.parquet
2026-06-12 13:00:05,766 - INFO - Sauvegarde table: fact_crypto_snapshot | shape: (249, 13)
2026-06-12 13:00:05,770 - INFO - \u2714 Local saved: ../data/gold/2026/06/12/fact_crypto_snapshot.parquet
2026-06-12 13:00:05,817 - INFO - \u2714 MinIO saved: 2026/06/12/fact_crypto_snapshot.parquet
2026-06-12 13:00:05,817 - INFO - Sauvegarde GOLD terminée
2026-06-12 13:00:05,817 - INFO - \u2705 ===== PIPELINE GOLD TERMINÉ =====
2026-06-15 09:41:32,828 - INFO - \U0001f680 ===== DÉBUT PIPELINE GOLD =====
2026-06-15 09:41:32,829 - INFO - Input silver shape: (249, 24)
2026-06-15 09:41:32,829 - INFO - Connexion à MinIO...
2026-06-15 09:41:32,829 - INFO - Construction dim_crypto...
2026-06-15 09:41:32,831 - INFO - dim_crypto après drop_duplicates: (249, 3)
2026-06-15 09:41:32,831 - INFO - dim_crypto final: 249 lignes
2026-06-15 09:41:32,831 - INFO - Construction dim_date...
2026-06-15 09:41:32,833 - INFO - dim_date final: 1 lignes
2026-06-15 09:41:32,833 - INFO - Construction fact_table...
2026-06-15 09:41:32,834 - INFO - fact initial shape: (249, 24)
2026-06-15 09:41:32,835 - INFO - Merge dim_crypto terminé
2026-06-15 09:41:32,837 - INFO - Merge dim_date terminé
2026-06-15 09:41:32,837 - INFO - FK check - missing crypto_key: 0
2026-06-15 09:41:32,837 - INFO - FK check - missing date_key: 0
2026-06-15 09:41:32,838 - INFO - fact final shape: (249, 13)
2026-06-15 09:41:32,838 - INFO - fact_table construite avec succès
2026-06-15 09:41:32,838 - INFO - Début sauvegarde GOLD...
2026-06-15 09:41:36,929 - WARNING - Retrying (Retry(total=4, connect=None, read=None, redirect=None, status=None)) after connection broken by 'NewConnectionError("HTTPConnection(host='localhost', port=9000): Failed to establish a new connection: [WinError 10061] Aucune connexion n’a pu être établie car l’ordinateur cible l’a expressément refusée")': /crypto-gold?location=
2026-06-15 09:41:41,415 - WARNING - Retrying (Retry(total=3, connect=None, read=None, redirect=None, status=None)) after connection broken by 'NewConnectionError("HTTPConnection(host='localhost', port=9000): Failed to establish a new connection: [WinError 10061] Aucune connexion n’a pu être établie car l’ordinateur cible l’a expressément refusée")': /crypto-gold?location=
2026-06-15 09:41:46,307 - WARNING - Retrying (Retry(total=2, connect=None, read=None, redirect=None, status=None)) after connection broken by 'NewConnectionError("HTTPConnection(host='localhost', port=9000): Failed to establish a new connection: [WinError 10061] Aucune connexion n’a pu être établie car l’ordinateur cible l’a expressément refusée")': /crypto-gold?location=
2026-06-15 09:41:52,002 - WARNING - Retrying (Retry(total=1, connect=None, read=None, redirect=None, status=None)) after connection broken by 'NewConnectionError("HTTPConnection(host='localhost', port=9000): Failed to establish a new connection: [WinError 10061] Aucune connexion n’a pu être établie car l’ordinateur cible l’a expressément refusée")': /crypto-gold?location=
2026-06-15 09:41:59,273 - WARNING - Retrying (Retry(total=0, connect=None, read=None, redirect=None, status=None)) after connection broken by 'NewConnectionError("HTTPConnection(host='localhost', port=9000): Failed to establish a new connection: [WinError 10061] Aucune connexion n’a pu être établie car l’ordinateur cible l’a expressément refusée")': /crypto-gold?location=
2026-06-15 09:43:10,204 - INFO - \U0001f680 ===== DÉBUT PIPELINE GOLD =====
2026-06-15 09:43:10,204 - INFO - Input silver shape: (249, 24)
2026-06-15 09:43:10,205 - INFO - Connexion à MinIO...
2026-06-15 09:43:10,205 - INFO - Construction dim_crypto...
2026-06-15 09:43:10,206 - INFO - dim_crypto après drop_duplicates: (249, 3)
2026-06-15 09:43:10,207 - INFO - dim_crypto final: 249 lignes
2026-06-15 09:43:10,207 - INFO - Construction dim_date...
2026-06-15 09:43:10,209 - INFO - dim_date final: 1 lignes
2026-06-15 09:43:10,209 - INFO - Construction fact_table...
2026-06-15 09:43:10,209 - INFO - fact initial shape: (249, 24)
2026-06-15 09:43:10,211 - INFO - Merge dim_crypto terminé
2026-06-15 09:43:10,212 - INFO - Merge dim_date terminé
2026-06-15 09:43:10,212 - INFO - FK check - missing crypto_key: 0
2026-06-15 09:43:10,212 - INFO - FK check - missing date_key: 0
2026-06-15 09:43:10,213 - INFO - fact final shape: (249, 13)
2026-06-15 09:43:10,213 - INFO - fact_table construite avec succès
2026-06-15 09:43:10,213 - INFO - Début sauvegarde GOLD...
2026-06-15 09:43:10,226 - INFO - Sauvegarde table: dim_crypto | shape: (249, 4)
2026-06-15 09:43:10,229 - INFO - \u2714 Local saved: ../data/gold/2026/06/15/dim_crypto.parquet
2026-06-15 09:43:10,282 - INFO - \u2714 MinIO saved: 2026/06/15/dim_crypto.parquet
2026-06-15 09:43:10,282 - INFO - Sauvegarde table: dim_date | shape: (1, 7)
2026-06-15 09:43:10,286 - INFO - \u2714 Local saved: ../data/gold/2026/06/15/dim_date.parquet
2026-06-15 09:43:10,339 - INFO - \u2714 MinIO saved: 2026/06/15/dim_date.parquet
2026-06-15 09:43:10,339 - INFO - Sauvegarde table: fact_crypto_snapshot | shape: (249, 13)
2026-06-15 09:43:10,344 - INFO - \u2714 Local saved: ../data/gold/2026/06/15/fact_crypto_snapshot.parquet
2026-06-15 09:43:10,394 - INFO - \u2714 MinIO saved: 2026/06/15/fact_crypto_snapshot.parquet
2026-06-15 09:43:10,394 - INFO - Sauvegarde GOLD terminée
2026-06-15 09:43:10,394 - INFO - \u2705 ===== PIPELINE GOLD TERMINÉ =====
2026-06-15 09:52:53,335 - INFO - \U0001f680 ===== DÉBUT PIPELINE GOLD =====
2026-06-15 09:52:53,335 - INFO - Input silver shape: (249, 24)
2026-06-15 09:52:53,335 - INFO - Connexion à MinIO...
2026-06-15 09:52:53,335 - INFO - Construction dim_crypto...
2026-06-15 09:52:53,338 - INFO - dim_crypto après drop_duplicates: (249, 3)
2026-06-15 09:52:53,338 - INFO - dim_crypto final: 249 lignes
2026-06-15 09:52:53,338 - INFO - Construction dim_date...
2026-06-15 09:52:53,340 - INFO - dim_date final: 1 lignes
2026-06-15 09:52:53,340 - INFO - Construction fact_table...
2026-06-15 09:52:53,340 - INFO - fact initial shape: (249, 24)
2026-06-15 09:52:53,342 - INFO - Merge dim_crypto terminé
2026-06-15 09:52:53,344 - INFO - Merge dim_date terminé
2026-06-15 09:52:53,344 - INFO - FK check - missing crypto_key: 0
2026-06-15 09:52:53,344 - INFO - FK check - missing date_key: 0
2026-06-15 09:52:53,344 - INFO - fact final shape: (249, 13)
2026-06-15 09:52:53,344 - INFO - fact_table construite avec succès
2026-06-15 09:52:53,344 - INFO - Début sauvegarde GOLD...
2026-06-15 09:52:53,373 - INFO - Sauvegarde table: dim_crypto | shape: (249, 4)
2026-06-15 09:52:53,377 - INFO - \u2714 Local saved: ../data/gold/2026/06/15/dim_crypto.parquet
2026-06-15 09:52:53,431 - INFO - \u2714 MinIO saved: 2026/06/15/dim_crypto.parquet
2026-06-15 09:52:53,431 - INFO - Sauvegarde table: dim_date | shape: (1, 7)
2026-06-15 09:52:53,433 - INFO - \u2714 Local saved: ../data/gold/2026/06/15/dim_date.parquet
2026-06-15 09:52:53,486 - INFO - \u2714 MinIO saved: 2026/06/15/dim_date.parquet
2026-06-15 09:52:53,486 - INFO - Sauvegarde table: fact_crypto_snapshot | shape: (249, 13)
2026-06-15 09:52:53,490 - INFO - \u2714 Local saved: ../data/gold/2026/06/15/fact_crypto_snapshot.parquet
2026-06-15 09:52:53,544 - INFO - \u2714 MinIO saved: 2026/06/15/fact_crypto_snapshot.parquet
2026-06-15 09:52:53,544 - INFO - Sauvegarde GOLD terminée
2026-06-15 09:52:53,545 - INFO - \u2705 ===== PIPELINE GOLD TERMINÉ =====
2026-06-15 10:08:45,078 - INFO - \U0001f680 ===== DÉBUT PIPELINE GOLD =====
2026-06-15 10:08:45,079 - INFO - Input silver shape: (249, 24)
2026-06-15 10:08:45,079 - INFO - Connexion à MinIO...
2026-06-15 10:08:45,079 - INFO - Construction dim_crypto...
2026-06-15 10:08:45,081 - INFO - dim_crypto après drop_duplicates: (249, 3)
2026-06-15 10:08:45,081 - INFO - dim_crypto final: 249 lignes
2026-06-15 10:08:45,084 - INFO - Construction fact_table...
2026-06-15 10:08:45,084 - INFO - fact initial shape: (249, 24)
2026-06-15 10:08:45,086 - INFO - Merge dim_crypto terminé
2026-06-15 10:08:45,088 - INFO - Merge dim_date terminé
2026-06-15 10:08:45,088 - INFO - FK check - missing crypto_key: 0
2026-06-15 10:08:45,088 - INFO - FK check - missing date_key: 0
2026-06-15 10:08:45,089 - INFO - fact final shape: (249, 13)
2026-06-15 10:08:45,089 - INFO - fact_table construite avec succès
2026-06-15 10:08:45,089 - INFO - Début sauvegarde GOLD...
2026-06-15 10:08:45,097 - INFO - Sauvegarde table: dim_crypto | shape: (249, 4)
2026-06-15 10:08:45,099 - INFO - \u2714 Local saved: ../data/gold/2026/06/15/dim_crypto.parquet
2026-06-15 10:08:45,156 - INFO - \u2714 MinIO saved: 2026/06/15/dim_crypto.parquet
2026-06-15 10:08:45,156 - INFO - Sauvegarde table: dim_date | shape: (6, 9)
2026-06-15 10:08:45,159 - INFO - \u2714 Local saved: ../data/gold/2026/06/15/dim_date.parquet
2026-06-15 10:08:45,211 - INFO - \u2714 MinIO saved: 2026/06/15/dim_date.parquet
2026-06-15 10:08:45,211 - INFO - Sauvegarde table: fact_crypto_snapshot | shape: (249, 13)
2026-06-15 10:08:45,216 - INFO - \u2714 Local saved: ../data/gold/2026/06/15/fact_crypto_snapshot.parquet
2026-06-15 10:08:45,265 - INFO - \u2714 MinIO saved: 2026/06/15/fact_crypto_snapshot.parquet
2026-06-15 10:08:45,265 - INFO - Sauvegarde GOLD terminée
2026-06-15 10:08:45,265 - INFO - \u2705 ===== PIPELINE GOLD TERMINÉ =====
2026-06-15 10:16:30,142 - INFO - \U0001f680 ===== DÉBUT PIPELINE GOLD =====
2026-06-15 10:16:30,142 - INFO - Input silver shape: (249, 24)
2026-06-15 10:16:30,142 - INFO - Connexion à MinIO...
2026-06-15 10:16:30,142 - INFO - Construction dim_crypto...
2026-06-15 10:16:30,144 - INFO - dim_crypto après drop_duplicates: (249, 3)
2026-06-15 10:16:30,144 - INFO - dim_crypto final: 249 lignes
2026-06-15 10:16:30,147 - INFO - Construction fact_table...
2026-06-15 10:16:30,147 - INFO - fact initial shape: (249, 24)
2026-06-15 10:16:30,149 - INFO - Merge dim_crypto terminé
2026-06-15 10:16:30,151 - INFO - Merge dim_date terminé
2026-06-15 10:16:30,152 - INFO - FK check - missing crypto_key: 0
2026-06-15 10:16:30,152 - INFO - FK check - missing date_key: 0
2026-06-15 10:16:30,152 - INFO - fact final shape: (249, 13)
2026-06-15 10:16:30,152 - INFO - fact_table construite avec succès
2026-06-15 10:16:30,152 - INFO - Début sauvegarde GOLD...
2026-06-15 10:16:30,161 - INFO - Sauvegarde table: dim_crypto | shape: (249, 4)
2026-06-15 10:16:30,164 - INFO - \u2714 Local saved: ../data/gold/2026/06/15/dim_crypto.parquet
2026-06-15 10:16:30,215 - INFO - \u2714 MinIO saved: 2026/06/15/dim_crypto.parquet
2026-06-15 10:16:30,215 - INFO - Sauvegarde table: dim_date | shape: (6, 9)
2026-06-15 10:16:30,218 - INFO - \u2714 Local saved: ../data/gold/2026/06/15/dim_date.parquet
2026-06-15 10:16:30,273 - INFO - \u2714 MinIO saved: 2026/06/15/dim_date.parquet
2026-06-15 10:16:30,273 - INFO - Sauvegarde table: fact_crypto_snapshot | shape: (249, 13)
2026-06-15 10:16:30,277 - INFO - \u2714 Local saved: ../data/gold/2026/06/15/fact_crypto_snapshot.parquet
2026-06-15 10:16:30,332 - INFO - \u2714 MinIO saved: 2026/06/15/fact_crypto_snapshot.parquet
2026-06-15 10:16:30,332 - INFO - Sauvegarde GOLD terminée
2026-06-15 10:16:30,332 - INFO - \u2705 ===== PIPELINE GOLD TERMINÉ =====
2026-06-15 10:23:50,411 - INFO - \U0001f680 ===== DÉBUT PIPELINE GOLD =====
2026-06-15 10:23:50,411 - INFO - Input silver shape: (247, 25)
2026-06-15 10:23:50,411 - INFO - Connexion à MinIO...
2026-06-15 10:23:50,412 - INFO - Construction dim_crypto...
2026-06-15 10:23:50,413 - INFO - dim_crypto après drop_duplicates: (247, 3)
2026-06-15 10:23:50,414 - INFO - dim_crypto final: 247 lignes
2026-06-15 10:23:50,416 - INFO - Construction fact_table...
2026-06-15 10:23:50,416 - INFO - fact initial shape: (247, 25)
2026-06-15 10:23:50,418 - INFO - Merge dim_crypto terminé
2026-06-15 10:23:50,420 - INFO - Merge dim_date terminé
2026-06-15 10:23:50,420 - INFO - FK check - missing crypto_key: 0
2026-06-15 10:23:50,420 - INFO - FK check - missing date_key: 0
2026-06-15 10:23:50,421 - INFO - fact final shape: (247, 13)
2026-06-15 10:23:50,421 - INFO - fact_table construite avec succès
2026-06-15 10:23:50,421 - INFO - Début sauvegarde GOLD...
2026-06-15 10:23:50,432 - INFO - Sauvegarde table: dim_crypto | shape: (247, 4)
2026-06-15 10:23:50,434 - INFO - \u2714 Local saved: ../data/gold/2026/06/15/dim_crypto.parquet
2026-06-15 10:23:50,484 - INFO - \u2714 MinIO saved: 2026/06/15/dim_crypto.parquet
2026-06-15 10:23:50,484 - INFO - Sauvegarde table: dim_date | shape: (5, 9)
2026-06-15 10:23:50,486 - INFO - \u2714 Local saved: ../data/gold/2026/06/15/dim_date.parquet
2026-06-15 10:23:50,541 - INFO - \u2714 MinIO saved: 2026/06/15/dim_date.parquet
2026-06-15 10:23:50,541 - INFO - Sauvegarde table: fact_crypto_snapshot | shape: (247, 13)
2026-06-15 10:23:50,544 - INFO - \u2714 Local saved: ../data/gold/2026/06/15/fact_crypto_snapshot.parquet
2026-06-15 10:23:50,596 - INFO - \u2714 MinIO saved: 2026/06/15/fact_crypto_snapshot.parquet
2026-06-15 10:23:50,596 - INFO - Sauvegarde GOLD terminée
2026-06-15 10:23:50,596 - INFO - \u2705 ===== PIPELINE GOLD TERMINÉ =====
2026-06-15 10:27:13,663 - INFO - \U0001f680 ===== DÉBUT PIPELINE GOLD =====
2026-06-15 10:27:13,663 - INFO - Input silver shape: (247, 25)
2026-06-15 10:27:13,663 - INFO - Connexion à MinIO...
2026-06-15 10:27:13,663 - INFO - Construction dim_crypto...
2026-06-15 10:27:13,665 - INFO - dim_crypto après drop_duplicates: (247, 3)
2026-06-15 10:27:13,665 - INFO - dim_crypto final: 247 lignes
2026-06-15 10:27:13,665 - INFO - Construction dim_date...
2026-06-15 10:27:13,667 - INFO - dim_date final : 5 lignes
2026-06-15 10:27:13,667 - INFO - Construction fact_table...
2026-06-15 10:27:13,667 - INFO - fact initial shape: (247, 25)
2026-06-15 10:27:13,669 - INFO - Merge dim_crypto terminé
2026-06-15 10:27:13,671 - INFO - Merge dim_date terminé
2026-06-15 10:27:13,671 - INFO - FK check - missing crypto_key: 0
2026-06-15 10:27:13,671 - INFO - FK check - missing date_key: 0
2026-06-15 10:27:13,671 - INFO - fact final shape: (247, 13)
2026-06-15 10:27:13,671 - INFO - fact_table construite avec succès
2026-06-15 10:27:13,671 - INFO - Début sauvegarde GOLD...
2026-06-15 10:27:13,683 - INFO - Sauvegarde table: dim_crypto | shape: (247, 4)
2026-06-15 10:27:13,685 - INFO - \u2714 Local saved: ../data/gold/2026/06/15/dim_crypto.parquet
2026-06-15 10:27:13,740 - INFO - \u2714 MinIO saved: 2026/06/15/dim_crypto.parquet
2026-06-15 10:27:13,740 - INFO - Sauvegarde table: dim_date | shape: (5, 9)
2026-06-15 10:27:13,743 - INFO - \u2714 Local saved: ../data/gold/2026/06/15/dim_date.parquet
2026-06-15 10:27:13,796 - INFO - \u2714 MinIO saved: 2026/06/15/dim_date.parquet
2026-06-15 10:27:13,797 - INFO - Sauvegarde table: fact_crypto_snapshot | shape: (247, 13)
2026-06-15 10:27:13,800 - INFO - \u2714 Local saved: ../data/gold/2026/06/15/fact_crypto_snapshot.parquet
2026-06-15 10:27:13,857 - INFO - \u2714 MinIO saved: 2026/06/15/fact_crypto_snapshot.parquet
2026-06-15 10:27:13,857 - INFO - Sauvegarde GOLD terminée
2026-06-15 10:27:13,857 - INFO - \u2705 ===== PIPELINE GOLD TERMINÉ =====
2026-06-15 10:40:26,872 - INFO - \U0001f680 ===== DÉBUT PIPELINE GOLD =====
2026-06-15 10:40:26,872 - INFO - Input silver shape: (247, 25)
2026-06-15 10:40:26,872 - INFO - Connexion à MinIO...
2026-06-15 10:40:26,873 - INFO - Construction dim_crypto...
2026-06-15 10:40:26,874 - INFO - dim_crypto après drop_duplicates: (247, 3)
2026-06-15 10:40:26,874 - INFO - dim_crypto final: 247 lignes
2026-06-15 10:40:26,879 - INFO - Construction fact_table...
2026-06-15 10:40:26,880 - INFO - fact initial shape: (247, 25)
2026-06-15 10:40:26,882 - INFO - Merge dim_crypto terminé
2026-06-15 10:40:26,884 - INFO - Merge dim_date terminé
2026-06-15 10:40:26,885 - INFO - FK check - missing crypto_key: 0
2026-06-15 10:40:26,885 - INFO - FK check - missing date_key: 0
2026-06-15 10:40:26,885 - INFO - fact final shape: (247, 13)
2026-06-15 10:40:26,885 - INFO - fact_table construite avec succès
2026-06-15 10:40:26,885 - INFO - Début sauvegarde GOLD...
2026-06-15 10:40:26,896 - INFO - Sauvegarde table: dim_crypto | shape: (247, 4)
2026-06-15 10:40:26,898 - INFO - \u2714 Local saved: ../data/gold/2026/06/15/dim_crypto.parquet
2026-06-15 10:40:26,948 - INFO - \u2714 MinIO saved: 2026/06/15/dim_crypto.parquet
2026-06-15 10:40:26,948 - INFO - Sauvegarde table: dim_date | shape: (17, 10)
2026-06-15 10:40:26,951 - INFO - \u2714 Local saved: ../data/gold/2026/06/15/dim_date.parquet
2026-06-15 10:40:27,005 - INFO - \u2714 MinIO saved: 2026/06/15/dim_date.parquet
2026-06-15 10:40:27,006 - INFO - Sauvegarde table: fact_crypto_snapshot | shape: (247, 13)
2026-06-15 10:40:27,009 - INFO - \u2714 Local saved: ../data/gold/2026/06/15/fact_crypto_snapshot.parquet
2026-06-15 10:40:27,064 - INFO - \u2714 MinIO saved: 2026/06/15/fact_crypto_snapshot.parquet
2026-06-15 10:40:27,064 - INFO - Sauvegarde GOLD terminée
2026-06-15 10:40:27,064 - INFO - \u2705 ===== PIPELINE GOLD TERMINÉ =====
2026-06-15 12:35:06,450 - INFO - \U0001f680 ===== DÉBUT PIPELINE GOLD =====
2026-06-15 12:35:06,450 - INFO - Input silver shape: (497, 25)
2026-06-15 12:35:06,450 - INFO - Connexion à MinIO...
2026-06-15 12:35:06,451 - INFO - Construction dim_crypto...
2026-06-15 12:35:06,452 - INFO - dim_crypto après drop_duplicates: (254, 3)
2026-06-15 12:35:06,453 - INFO - dim_crypto final: 254 lignes
2026-06-15 12:35:06,458 - INFO - Construction fact_table...
2026-06-15 12:35:06,458 - INFO - fact initial shape: (497, 25)
2026-06-15 12:35:06,460 - INFO - Merge dim_crypto terminé
2026-06-15 12:35:06,465 - INFO - Merge dim_date terminé
2026-06-15 12:35:06,465 - INFO - FK check - missing crypto_key: 0
2026-06-15 12:35:06,465 - INFO - FK check - missing date_key: 250
2026-06-15 12:35:06,465 - ERROR - \u274c Erreur intégrité référentielle détectée
2026-06-15 12:36:34,394 - INFO - \U0001f680 ===== DÉBUT PIPELINE GOLD =====
2026-06-15 12:36:34,394 - INFO - Input silver shape: (497, 25)
2026-06-15 12:36:34,394 - INFO - Connexion à MinIO...
2026-06-15 12:36:34,395 - INFO - Construction dim_crypto...
2026-06-15 12:36:34,396 - INFO - dim_crypto après drop_duplicates: (254, 3)
2026-06-15 12:36:34,397 - INFO - dim_crypto final: 254 lignes
2026-06-15 12:36:34,402 - INFO - Construction fact_table...
2026-06-15 12:36:34,411 - INFO - Début sauvegarde GOLD...
2026-06-15 12:36:34,422 - INFO - Sauvegarde table: dim_crypto | shape: (254, 4)
2026-06-15 12:36:34,424 - INFO - \u2714 Local saved: ../data/gold/2026/06/15/dim_crypto.parquet
2026-06-15 12:36:34,478 - INFO - \u2714 MinIO saved: 2026/06/15/dim_crypto.parquet
2026-06-15 12:36:34,478 - INFO - Sauvegarde table: dim_date | shape: (17, 10)
2026-06-15 12:36:34,481 - INFO - \u2714 Local saved: ../data/gold/2026/06/15/dim_date.parquet
2026-06-15 12:36:34,533 - INFO - \u2714 MinIO saved: 2026/06/15/dim_date.parquet
2026-06-15 12:36:34,533 - INFO - Sauvegarde table: fact_crypto_snapshot | shape: (247, 28)
2026-06-15 12:36:34,537 - INFO - \u2714 Local saved: ../data/gold/2026/06/15/fact_crypto_snapshot.parquet
2026-06-15 12:36:34,591 - INFO - \u2714 MinIO saved: 2026/06/15/fact_crypto_snapshot.parquet
2026-06-15 12:36:34,591 - INFO - Sauvegarde GOLD terminée
2026-06-15 12:36:34,591 - INFO - \u2705 ===== PIPELINE GOLD TERMINÉ =====
2026-06-15 12:40:27,044 - INFO - \U0001f680 ===== DÉBUT PIPELINE GOLD =====
2026-06-15 12:40:27,044 - INFO - Input silver shape: (497, 25)
2026-06-15 12:40:27,044 - INFO - Connexion à MinIO...
2026-06-15 12:40:27,044 - INFO - Construction dim_crypto...
2026-06-15 12:40:27,046 - INFO - dim_crypto après drop_duplicates: (254, 3)
2026-06-15 12:40:27,046 - INFO - dim_crypto final: 254 lignes
2026-06-15 12:40:27,051 - INFO - Construction fact_table...
2026-06-15 12:40:27,060 - INFO - Début sauvegarde GOLD...
2026-06-15 12:40:27,088 - INFO - Sauvegarde table: dim_crypto | shape: (254, 4)
2026-06-15 12:40:27,091 - INFO - \u2714 Local saved: ../data/gold/2026/06/15/dim_crypto.parquet
2026-06-15 12:40:27,145 - INFO - \u2714 MinIO saved: 2026/06/15/dim_crypto.parquet
2026-06-15 12:40:27,145 - INFO - Sauvegarde table: dim_date | shape: (17, 10)
2026-06-15 12:40:27,149 - INFO - \u2714 Local saved: ../data/gold/2026/06/15/dim_date.parquet
2026-06-15 12:40:27,200 - INFO - \u2714 MinIO saved: 2026/06/15/dim_date.parquet
2026-06-15 12:40:27,200 - INFO - Sauvegarde table: fact_crypto_snapshot | shape: (247, 28)
2026-06-15 12:40:27,206 - INFO - \u2714 Local saved: ../data/gold/2026/06/15/fact_crypto_snapshot.parquet
2026-06-15 12:40:27,264 - INFO - \u2714 MinIO saved: 2026/06/15/fact_crypto_snapshot.parquet
2026-06-15 12:40:27,264 - INFO - Sauvegarde GOLD terminée
2026-06-15 12:40:27,264 - INFO - \u2705 ===== PIPELINE GOLD TERMINÉ =====
2026-06-15 12:44:38,646 - INFO - \U0001f680 ===== DÉBUT PIPELINE GOLD =====
2026-06-15 12:44:38,646 - INFO - Input silver shape: (497, 25)
2026-06-15 12:44:38,646 - INFO - Connexion à MinIO...
2026-06-15 12:44:38,647 - INFO - Construction dim_crypto...
2026-06-15 12:44:38,648 - INFO - dim_crypto après drop_duplicates: (254, 3)
2026-06-15 12:44:38,648 - INFO - dim_crypto final: 254 lignes
2026-06-15 12:44:38,653 - INFO - Construction fact_table...
2026-06-15 12:44:38,662 - INFO - Début sauvegarde GOLD...
2026-06-15 12:44:38,685 - INFO - Sauvegarde table: dim_crypto | shape: (254, 4)
2026-06-15 12:44:38,687 - INFO - \u2714 Local saved: ../data/gold/2026/06/15/dim_crypto.parquet
2026-06-15 12:44:38,742 - INFO - \u2714 MinIO saved: 2026/06/15/dim_crypto.parquet
2026-06-15 12:44:38,742 - INFO - Sauvegarde table: dim_date | shape: (17, 10)
2026-06-15 12:44:38,748 - INFO - \u2714 Local saved: ../data/gold/2026/06/15/dim_date.parquet
2026-06-15 12:44:38,804 - INFO - \u2714 MinIO saved: 2026/06/15/dim_date.parquet
2026-06-15 12:44:38,804 - INFO - Sauvegarde table: fact_crypto_snapshot | shape: (247, 28)
2026-06-15 12:44:38,811 - INFO - \u2714 Local saved: ../data/gold/2026/06/15/fact_crypto_snapshot.parquet
2026-06-15 12:44:38,866 - INFO - \u2714 MinIO saved: 2026/06/15/fact_crypto_snapshot.parquet
2026-06-15 12:44:38,866 - INFO - Sauvegarde GOLD terminée
2026-06-15 12:44:38,866 - INFO - \u2705 ===== PIPELINE GOLD TERMINÉ =====
2026-06-15 12:58:50,748 - INFO - \U0001f680 ===== DÉBUT PIPELINE GOLD =====
2026-06-15 12:58:50,748 - INFO - Input silver shape: (497, 25)
2026-06-15 12:58:50,748 - INFO - Connexion à MinIO...
2026-06-15 12:58:50,749 - INFO - Construction dim_crypto...
2026-06-15 12:58:50,750 - INFO - dim_crypto après drop_duplicates: (254, 3)
2026-06-15 12:58:50,751 - INFO - dim_crypto final: 254 lignes
2026-06-15 12:58:50,756 - INFO - Construction fact_table...
2026-06-15 12:58:50,763 - INFO - Début sauvegarde GOLD...
2026-06-15 12:58:50,935 - INFO - \u2705 ===== PIPELINE GOLD TERMINÉ =====
2026-06-15 13:01:38,934 - INFO - \U0001f680 ===== DÉBUT PIPELINE GOLD =====
2026-06-15 13:01:38,934 - INFO - Input silver shape: (497, 25)
2026-06-15 13:01:38,935 - INFO - Connexion à MinIO...
2026-06-15 13:01:38,935 - INFO - Construction dim_crypto...
2026-06-15 13:01:38,937 - INFO - dim_crypto après drop_duplicates: (254, 3)
2026-06-15 13:01:38,937 - INFO - dim_crypto final: 254 lignes
2026-06-15 13:01:38,942 - INFO - Construction fact_table...
2026-06-15 13:01:38,949 - INFO - Début sauvegarde GOLD...
2026-06-15 13:01:39,148 - INFO - \u2705 ===== PIPELINE GOLD TERMINÉ =====
2026-06-15 13:09:40,883 - INFO - \U0001f680 ===== DÉBUT PIPELINE GOLD =====
2026-06-15 13:09:40,883 - INFO - Input silver shape: (497, 25)
2026-06-15 13:09:40,884 - INFO - Connexion à MinIO...
2026-06-15 13:09:40,884 - INFO - Construction dim_crypto...
2026-06-15 13:09:40,885 - INFO - dim_crypto après drop_duplicates: (254, 3)
2026-06-15 13:09:40,886 - INFO - dim_crypto final: 254 lignes
2026-06-15 13:09:40,890 - INFO - Construction fact_table...
2026-06-15 13:09:40,898 - INFO - Début sauvegarde GOLD...
2026-06-15 13:09:41,084 - INFO - \u2705 ===== PIPELINE GOLD TERMINÉ =====
2026-06-15 13:51:42,488 - INFO - \U0001f680 ===== DÉBUT PIPELINE GOLD =====
2026-06-15 13:51:42,488 - INFO - Input silver shape: (497, 25)
2026-06-15 13:51:42,488 - INFO - Connexion à MinIO...
2026-06-15 13:51:42,489 - INFO - Construction dim_crypto...
2026-06-15 13:51:42,490 - INFO - dim_crypto après drop_duplicates: (254, 3)
2026-06-15 13:51:42,491 - INFO - dim_crypto final: 254 lignes
2026-06-15 13:51:42,496 - INFO - Construction fact_table...
2026-06-15 13:51:42,503 - INFO - Début sauvegarde GOLD...
2026-06-15 13:51:42,689 - INFO - \u2705 ===== PIPELINE GOLD TERMINÉ =====
2026-06-15 14:18:09,410 - INFO - \U0001f680 ===== DÉBUT PIPELINE GOLD =====
2026-06-15 14:18:09,410 - INFO - Input silver shape: (497, 25)
2026-06-15 14:18:09,410 - INFO - Connexion à MinIO...
2026-06-15 14:18:09,410 - INFO - Construction dim_crypto...
2026-06-15 14:18:09,412 - INFO - dim_crypto après drop_duplicates: (254, 3)
2026-06-15 14:18:09,412 - INFO - dim_crypto final: 254 lignes
2026-06-15 14:18:09,418 - INFO - Construction fact_table...
2026-06-15 14:18:09,425 - INFO - Début sauvegarde GOLD...
2026-06-15 14:18:09,605 - INFO - \u2705 ===== PIPELINE GOLD TERMINÉ =====
2026-06-15 14:29:08,070 - INFO - \U0001f680 ===== DÉBUT PIPELINE GOLD =====
2026-06-15 14:29:08,070 - INFO - Input silver shape: (497, 25)
2026-06-15 14:29:08,070 - INFO - Connexion à MinIO...
2026-06-15 14:29:08,070 - INFO - Construction dim_crypto...
2026-06-15 14:29:08,072 - INFO - dim_crypto après drop_duplicates: (254, 3)
2026-06-15 14:29:08,072 - INFO - dim_crypto final: 254 lignes
2026-06-15 14:29:08,077 - INFO - Construction fact_table...
2026-06-15 14:29:08,087 - INFO - Début sauvegarde GOLD...
2026-06-15 14:29:08,295 - INFO - \u2705 ===== PIPELINE GOLD TERMINÉ =====
2026-06-15 14:52:09,237 - INFO - \U0001f680 ===== DÉBUT PIPELINE GOLD =====
2026-06-15 14:52:09,237 - INFO - Input silver shape: (497, 25)
2026-06-15 14:52:09,237 - INFO - Connexion à MinIO...
2026-06-15 14:52:09,237 - INFO - Construction dim_crypto...
2026-06-15 14:52:09,239 - INFO - dim_crypto après drop_duplicates: (254, 3)
2026-06-15 14:52:09,239 - INFO - dim_crypto final: 254 lignes
2026-06-15 14:52:09,244 - INFO - Construction fact_table...
2026-06-15 14:56:57,387 - INFO - \U0001f680 ===== DÉBUT PIPELINE GOLD =====
2026-06-15 14:56:57,387 - INFO - Input silver shape: (497, 25)
2026-06-15 14:56:57,387 - INFO - Connexion à MinIO...
2026-06-15 14:56:57,387 - INFO - Construction dim_crypto...
2026-06-15 14:56:57,389 - INFO - dim_crypto après drop_duplicates: (254, 3)
2026-06-15 14:56:57,389 - INFO - dim_crypto final: 254 lignes
2026-06-15 14:56:57,394 - INFO - Construction fact_table...
2026-06-15 14:56:57,394 - INFO - fact initial shape: (497, 25)
2026-06-15 14:56:57,396 - INFO - Merge dim_crypto terminé
2026-06-15 14:56:57,400 - INFO - Merge dim_date terminé
2026-06-15 14:56:57,400 - INFO - FK check - missing crypto_key: 0
2026-06-15 14:56:57,400 - INFO - FK check - missing date_key: 250
2026-06-15 14:56:57,400 - ERROR - \u274c Erreur intégrité référentielle détectée
2026-06-15 14:57:18,072 - INFO - \U0001f680 ===== DÉBUT PIPELINE GOLD =====
2026-06-15 14:57:18,073 - INFO - Input silver shape: (497, 25)
2026-06-15 14:57:18,073 - INFO - Connexion à MinIO...
2026-06-15 14:57:18,073 - INFO - Construction dim_crypto...
2026-06-15 14:57:18,074 - INFO - dim_crypto après drop_duplicates: (254, 3)
2026-06-15 14:57:18,075 - INFO - dim_crypto final: 254 lignes
2026-06-15 14:57:18,079 - INFO - Construction fact_table...
2026-06-15 14:57:18,080 - INFO - fact initial shape: (497, 25)
2026-06-15 14:57:18,082 - INFO - Merge dim_crypto terminé
2026-06-15 14:57:18,085 - INFO - Merge dim_date terminé
2026-06-15 14:57:18,085 - INFO - FK check - missing crypto_key: 0
2026-06-15 14:57:18,085 - INFO - FK check - missing date_key: 250
2026-06-15 14:57:18,085 - ERROR - \u274c Erreur intégrité référentielle détectée
2026-06-15 14:59:31,617 - INFO - \U0001f680 ===== DÉBUT PIPELINE GOLD =====
2026-06-15 14:59:31,617 - INFO - Input silver shape: (247, 25)
2026-06-15 14:59:31,618 - INFO - Connexion à MinIO...
2026-06-15 14:59:31,619 - INFO - Construction dim_crypto...
2026-06-15 14:59:31,621 - INFO - dim_crypto après drop_duplicates: (247, 3)
2026-06-15 14:59:31,621 - INFO - dim_crypto final: 247 lignes
2026-06-15 14:59:31,626 - INFO - Construction fact_table...
2026-06-15 14:59:31,626 - INFO - fact initial shape: (247, 25)
2026-06-15 14:59:31,628 - INFO - Merge dim_crypto terminé
2026-06-15 14:59:31,631 - INFO - Merge dim_date terminé
2026-06-15 14:59:31,631 - INFO - FK check - missing crypto_key: 0
2026-06-15 14:59:31,631 - INFO - FK check - missing date_key: 0
2026-06-15 14:59:31,632 - INFO - fact final shape: (247, 13)
2026-06-15 14:59:31,632 - INFO - fact_table construite avec succès
2026-06-15 14:59:31,632 - INFO - Début sauvegarde GOLD...
2026-06-15 14:59:31,642 - INFO - Sauvegarde table: dim_crypto | shape: (247, 4)
2026-06-15 14:59:31,645 - INFO - \u2714 Local saved: ../data/gold/2026/06/15/dim_crypto.parquet
2026-06-15 14:59:31,699 - INFO - \u2714 MinIO saved: 2026/06/15/dim_crypto.parquet
2026-06-15 14:59:31,699 - INFO - Sauvegarde table: dim_date | shape: (17, 10)
2026-06-15 14:59:31,703 - INFO - \u2714 Local saved: ../data/gold/2026/06/15/dim_date.parquet
2026-06-15 14:59:31,757 - INFO - \u2714 MinIO saved: 2026/06/15/dim_date.parquet
2026-06-15 14:59:31,757 - INFO - Sauvegarde table: fact_crypto_snapshot | shape: (247, 13)
2026-06-15 14:59:31,760 - INFO - \u2714 Local saved: ../data/gold/2026/06/15/fact_crypto_snapshot.parquet
2026-06-15 14:59:31,817 - INFO - \u2714 MinIO saved: 2026/06/15/fact_crypto_snapshot.parquet
2026-06-15 14:59:31,817 - INFO - Sauvegarde GOLD terminée
2026-06-15 14:59:31,817 - INFO - \u2705 ===== PIPELINE GOLD TERMINÉ =====
2026-06-15 15:31:17,745 - INFO - \U0001f680 ===== DÉBUT PIPELINE GOLD =====
2026-06-15 15:31:17,745 - INFO - Input silver shape: (247, 25)
2026-06-15 15:31:17,745 - INFO - Connexion à MinIO...
2026-06-15 15:31:17,746 - INFO - Construction dim_crypto...
2026-06-15 15:31:17,747 - INFO - dim_crypto après drop_duplicates: (247, 3)
2026-06-15 15:31:17,748 - INFO - dim_crypto final: 247 lignes
2026-06-15 15:31:17,754 - INFO - Construction fact_table...
2026-06-15 15:31:17,754 - INFO - fact initial shape: (247, 25)
2026-06-15 15:31:17,757 - INFO - Merge dim_crypto terminé
2026-06-15 15:31:17,761 - INFO - Merge dim_date terminé
2026-06-15 15:31:17,761 - INFO - FK check - missing crypto_key: 0
2026-06-15 15:31:17,761 - INFO - FK check - missing date_key: 0
2026-06-15 15:31:17,762 - INFO - fact final shape: (247, 13)
2026-06-15 15:31:17,762 - INFO - fact_table construite avec succès
2026-06-15 15:31:17,762 - INFO - Début sauvegarde GOLD...
2026-06-15 15:31:17,772 - INFO - Sauvegarde table: dim_crypto | shape: (247, 4)
2026-06-15 15:31:17,774 - INFO - \u2714 Local saved: ../data/gold/2026/06/15/dim_crypto.parquet
2026-06-15 15:31:17,824 - INFO - \u2714 MinIO saved: 2026/06/15/dim_crypto.parquet
2026-06-15 15:31:17,824 - INFO - Sauvegarde table: dim_date | shape: (17, 10)
2026-06-15 15:31:17,827 - INFO - \u2714 Local saved: ../data/gold/2026/06/15/dim_date.parquet
2026-06-15 15:31:17,884 - INFO - \u2714 MinIO saved: 2026/06/15/dim_date.parquet
2026-06-15 15:31:17,884 - INFO - Sauvegarde table: fact_crypto_snapshot | shape: (247, 13)
2026-06-15 15:31:17,888 - INFO - \u2714 Local saved: ../data/gold/2026/06/15/fact_crypto_snapshot.parquet
2026-06-15 15:31:17,944 - INFO - \u2714 MinIO saved: 2026/06/15/fact_crypto_snapshot.parquet
2026-06-15 15:31:17,944 - INFO - Sauvegarde GOLD terminée
2026-06-15 15:31:17,944 - INFO - \u2705 ===== PIPELINE GOLD TERMINÉ =====
2026-06-15 15:40:11,984 - INFO - \U0001f680 GOLD PIPELINE START
2026-06-15 15:40:11,988 - INFO - dim_crypto: (247, 4)
2026-06-15 15:40:11,990 - INFO - dim_date: (5, 9)
2026-06-15 15:40:11,994 - INFO - Connexion à MinIO...
2026-06-15 15:40:12,175 - INFO - \u2705 GOLD DONE
2026-06-15 16:30:51,020 - INFO - \U0001f680 GOLD PIPELINE START
2026-06-15 16:30:51,024 - INFO - dim_crypto: (259, 4)
2026-06-15 16:30:51,026 - INFO - dim_date: (18, 9)
2026-06-15 16:30:51,030 - INFO - Connexion à MinIO...
2026-06-15 16:30:51,173 - INFO - \u2705 GOLD DONE
2026-06-15 16:33:05,152 - INFO - \U0001f680 ===== DÉBUT PIPELINE GOLD =====
2026-06-15 16:33:05,152 - INFO - Input silver shape: (745, 25)
2026-06-15 16:33:05,152 - INFO - Connexion à MinIO...
2026-06-15 16:33:05,153 - INFO - Construction dim_crypto...
2026-06-15 16:33:05,155 - INFO - dim_crypto après drop_duplicates: (258, 3)
2026-06-15 16:33:05,155 - INFO - dim_crypto final: 258 lignes
2026-06-15 16:33:05,163 - INFO - Construction fact_table...
2026-06-15 16:33:05,163 - INFO - fact initial shape: (745, 25)
2026-06-15 16:33:05,165 - INFO - Merge dim_crypto terminé
2026-06-15 16:33:05,170 - INFO - Merge dim_date terminé
2026-06-15 16:33:05,170 - INFO - FK check - missing crypto_key: 0
2026-06-15 16:33:05,170 - INFO - FK check - missing date_key: 0
2026-06-15 16:33:05,170 - INFO - fact final shape: (745, 13)
2026-06-15 16:33:05,170 - INFO - fact_table construite avec succès
2026-06-15 16:33:05,170 - INFO - Début sauvegarde GOLD...
2026-06-15 16:33:05,180 - INFO - Sauvegarde table: dim_crypto | shape: (258, 4)
2026-06-15 16:33:05,182 - INFO - \u2714 Local saved: ../data/gold/2026/06/15/dim_crypto.parquet
2026-06-15 16:33:05,233 - INFO - \u2714 MinIO saved: 2026/06/15/dim_crypto.parquet
2026-06-15 16:33:05,234 - INFO - Sauvegarde table: dim_date | shape: (9164, 10)
2026-06-15 16:33:05,240 - INFO - \u2714 Local saved: ../data/gold/2026/06/15/dim_date.parquet
2026-06-15 16:33:05,304 - INFO - \u2714 MinIO saved: 2026/06/15/dim_date.parquet
2026-06-15 16:33:05,304 - INFO - Sauvegarde table: fact_crypto_snapshot | shape: (745, 13)
2026-06-15 16:33:05,307 - INFO - \u2714 Local saved: ../data/gold/2026/06/15/fact_crypto_snapshot.parquet
2026-06-15 16:33:05,314 - INFO - \u2714 MinIO saved: 2026/06/15/fact_crypto_snapshot.parquet
2026-06-15 16:33:05,314 - INFO - Sauvegarde GOLD terminée
2026-06-15 16:33:05,314 - INFO - \u2705 ===== PIPELINE GOLD TERMINÉ =====
2026-06-15 16:37:54,540 - INFO - \U0001f680 ===== DÉBUT PIPELINE GOLD =====
2026-06-15 16:37:54,540 - INFO - Input silver shape: (745, 25)
2026-06-15 16:37:54,540 - INFO - Connexion à MinIO...
2026-06-15 16:37:54,541 - INFO - Construction dim_crypto...
2026-06-15 16:37:54,542 - INFO - dim_crypto après drop_duplicates: (258, 3)
2026-06-15 16:37:54,543 - INFO - dim_crypto final: 258 lignes
2026-06-15 16:37:54,551 - INFO - Construction fact_table...
2026-06-15 16:37:54,551 - INFO - fact initial shape: (745, 25)
2026-06-15 16:37:54,553 - INFO - Merge dim_crypto terminé
2026-06-15 16:39:53,207 - INFO - Saved dim_crypto -> (258, 4)
2026-06-15 16:39:53,266 - INFO - Saved dim_date -> (3, 8)
2026-06-15 16:39:53,277 - INFO - Saved fact_crypto_snapshot -> (745, 13)
2026-06-15 16:43:34,929 - INFO - \U0001f680 ===== DÉBUT PIPELINE GOLD =====
2026-06-15 16:43:34,929 - INFO - Input silver shape: (745, 25)
2026-06-15 16:43:34,930 - INFO - Connexion à MinIO...
2026-06-15 16:43:34,930 - INFO - Construction dim_crypto...
2026-06-15 16:43:34,932 - INFO - dim_crypto après drop_duplicates: (258, 3)
2026-06-15 16:43:34,932 - INFO - dim_crypto final: 258 lignes
2026-06-15 16:43:34,940 - INFO - Construction fact_table...
2026-06-15 16:43:34,940 - INFO - fact initial shape: (745, 25)
2026-06-15 16:43:34,943 - INFO - Merge dim_crypto terminé
2026-06-15 16:43:34,947 - INFO - Merge dim_date terminé
2026-06-15 16:43:34,947 - INFO - FK check - missing crypto_key: 0
2026-06-15 16:43:34,947 - INFO - FK check - missing date_key: 0
2026-06-15 16:43:34,948 - INFO - fact final shape: (745, 13)
2026-06-15 16:43:34,948 - INFO - fact_table construite avec succès
2026-06-15 16:43:34,948 - INFO - Début sauvegarde GOLD...
2026-06-15 16:43:34,958 - INFO - Sauvegarde table: dim_crypto | shape: (258, 4)
2026-06-15 16:43:34,960 - INFO - \u2714 Local saved: ../data/gold/2026/06/15/dim_crypto.parquet
2026-06-15 16:43:35,014 - INFO - \u2714 MinIO saved: 2026/06/15/dim_crypto.parquet
2026-06-15 16:43:35,014 - INFO - Sauvegarde table: dim_date | shape: (9164, 10)
2026-06-15 16:43:35,021 - INFO - \u2714 Local saved: ../data/gold/2026/06/15/dim_date.parquet
2026-06-15 16:43:35,048 - INFO - \u2714 MinIO saved: 2026/06/15/dim_date.parquet
2026-06-15 16:43:35,048 - INFO - Sauvegarde table: fact_crypto_snapshot | shape: (745, 13)
2026-06-15 16:43:35,051 - INFO - \u2714 Local saved: ../data/gold/2026/06/15/fact_crypto_snapshot.parquet
2026-06-15 16:43:35,105 - INFO - \u2714 MinIO saved: 2026/06/15/fact_crypto_snapshot.parquet
2026-06-15 16:43:35,106 - INFO - Sauvegarde GOLD terminée
2026-06-15 16:43:35,106 - INFO - \u2705 ===== PIPELINE GOLD TERMINÉ =====
2026-06-15 16:43:54,241 - INFO - \U0001f680 ===== DÉBUT PIPELINE GOLD =====
2026-06-15 16:43:54,241 - INFO - Input silver shape: (745, 25)
2026-06-15 16:43:54,241 - INFO - Connexion à MinIO...
2026-06-15 16:43:54,242 - INFO - Construction dim_crypto...
2026-06-15 16:43:54,244 - INFO - dim_crypto après drop_duplicates: (258, 3)
2026-06-15 16:43:54,244 - INFO - dim_crypto final: 258 lignes
2026-06-15 16:43:54,252 - INFO - Construction fact_table...
2026-06-15 16:43:54,252 - INFO - fact initial shape: (745, 25)
2026-06-15 16:43:54,254 - INFO - Merge dim_crypto terminé
2026-06-15 16:43:54,259 - INFO - Merge dim_date terminé
2026-06-15 16:43:54,259 - INFO - FK check - missing crypto_key: 0
2026-06-15 16:43:54,259 - INFO - FK check - missing date_key: 0
2026-06-15 16:43:54,260 - INFO - fact final shape: (745, 13)
2026-06-15 16:43:54,260 - INFO - fact_table construite avec succès
2026-06-15 16:43:54,260 - INFO - Début sauvegarde GOLD...
2026-06-15 16:43:54,292 - INFO - Sauvegarde table: dim_crypto | shape: (258, 4)
2026-06-15 16:43:54,294 - INFO - \u2714 Local saved: ../data/gold/2026/06/15/dim_crypto.parquet
2026-06-15 16:43:54,346 - INFO - \u2714 MinIO saved: 2026/06/15/dim_crypto.parquet
2026-06-15 16:43:54,346 - INFO - Sauvegarde table: dim_date | shape: (9164, 10)
2026-06-15 16:43:54,353 - INFO - \u2714 Local saved: ../data/gold/2026/06/15/dim_date.parquet
2026-06-15 16:43:54,362 - INFO - \u2714 MinIO saved: 2026/06/15/dim_date.parquet
2026-06-15 16:43:54,362 - INFO - Sauvegarde table: fact_crypto_snapshot | shape: (745, 13)
2026-06-15 16:43:54,365 - INFO - \u2714 Local saved: ../data/gold/2026/06/15/fact_crypto_snapshot.parquet
2026-06-15 16:43:54,420 - INFO - \u2714 MinIO saved: 2026/06/15/fact_crypto_snapshot.parquet
2026-06-15 16:43:54,420 - INFO - Sauvegarde GOLD terminée
2026-06-15 16:43:54,420 - INFO - \u2705 ===== PIPELINE GOLD TERMINÉ =====
2026-06-15 16:47:17,128 - INFO - Saved dim_crypto -> (258, 4)
2026-06-15 16:47:17,179 - INFO - Saved dim_date -> (3, 8)
2026-06-15 16:47:17,189 - INFO - Saved fact_crypto_snapshot -> (745, 13)
2026-06-15 16:51:44,032 - INFO - Saved dim_crypto shape=(258, 4)
2026-06-15 16:51:44,089 - INFO - Saved dim_date shape=(739, 10)
2026-06-15 16:51:44,100 - INFO - Saved fact_crypto_snapshot shape=(745, 13)
2026-06-15 16:51:53,428 - INFO - Saved dim_crypto shape=(258, 4)
2026-06-15 16:51:53,489 - INFO - Saved dim_date shape=(739, 10)
2026-06-15 16:51:53,499 - INFO - Saved fact_crypto_snapshot shape=(745, 13)
2026-06-15 16:53:22,384 - INFO - Saved dim_crypto shape=(258, 4)
2026-06-15 16:53:22,443 - INFO - Saved dim_date shape=(739, 10)
2026-06-15 16:53:22,454 - INFO - Saved fact_crypto_snapshot shape=(745, 13)
2026-06-16 09:25:58,463 - INFO - Saved dim_crypto shape=(261, 4)
2026-06-16 09:25:58,517 - INFO - Saved dim_date shape=(985, 10)
2026-06-16 09:25:58,529 - INFO - Saved fact_crypto_snapshot shape=(1739, 13)
2026-06-16 09:39:14,974 - INFO - Saved dim_crypto shape=(261, 4)
2026-06-16 09:39:15,031 - INFO - Saved dim_date shape=(985, 10)
2026-06-16 09:39:15,044 - INFO - Saved fact_crypto_snapshot shape=(1739, 13)
2026-06-16 12:56:16,595 - INFO - Saved dim_crypto shape=(261, 4)
2026-06-16 12:56:16,645 - INFO - Saved dim_date shape=(988, 10)
2026-06-16 12:56:16,656 - INFO - Saved fact_crypto_snapshot shape=(994, 13)
2026-06-16 15:21:02,216 - INFO - Saved dim_crypto shape=(249, 4)
2026-06-16 15:21:02,225 - INFO - Saved dim_date shape=(245, 10)
2026-06-16 15:21:02,233 - INFO - Saved fact_crypto_snapshot shape=(249, 13)
2026-06-16 15:23:17,718 - INFO - Saved dim_crypto shape=(249, 4)
2026-06-16 15:23:17,725 - INFO - Saved dim_date shape=(245, 10)
2026-06-16 15:23:17,733 - INFO - Saved fact_crypto_snapshot shape=(249, 13)
2026-06-16 15:23:18,126 - INFO - Saved dim_crypto shape=(249, 4)
2026-06-16 15:23:18,133 - INFO - Saved dim_date shape=(245, 10)
2026-06-16 15:23:18,142 - INFO - Saved fact_crypto_snapshot shape=(249, 13)
2026-06-16 15:35:56,580 - INFO - Saved dim_crypto shape=(249, 4)
2026-06-16 15:35:56,588 - INFO - Saved dim_date shape=(248, 10)
2026-06-16 15:35:56,601 - INFO - Saved fact_crypto_snapshot shape=(249, 13)
2026-06-16 15:35:57,542 - INFO - Saved dim_crypto shape=(249, 4)
2026-06-16 15:35:57,550 - INFO - Saved dim_date shape=(248, 10)
2026-06-16 15:35:57,558 - INFO - Saved fact_crypto_snapshot shape=(249, 13)
2026-06-16 15:42:41,475 - INFO - Saved dim_crypto shape=(249, 4)
2026-06-16 15:42:41,482 - INFO - Saved dim_date shape=(243, 10)
2026-06-16 15:42:41,488 - INFO - Saved fact_crypto_snapshot shape=(249, 13)
2026-06-16 15:42:41,946 - INFO - Saved dim_crypto shape=(249, 4)
2026-06-16 15:42:41,955 - INFO - Saved dim_date shape=(243, 10)
2026-06-16 15:42:41,964 - INFO - Saved fact_crypto_snapshot shape=(249, 13)
2026-06-16 15:47:36,696 - INFO - Saved dim_crypto shape=(249, 4)
2026-06-16 15:47:36,703 - INFO - Saved dim_date shape=(245, 10)
2026-06-16 15:47:36,710 - INFO - Saved fact_crypto_snapshot shape=(249, 13)
2026-06-18 08:28:30,041 - INFO - Saved dim_crypto shape=(252, 4)
2026-06-18 08:28:30,048 - INFO - Saved dim_date shape=(492, 10)
2026-06-18 08:28:30,058 - INFO - Saved fact_crypto_snapshot shape=(746, 13)
2026-06-18 08:31:52,951 - INFO - Saved dim_crypto shape=(252, 4)
2026-06-18 08:31:52,957 - INFO - Saved dim_crypto shape=(252, 4)
2026-06-18 08:31:52,958 - INFO - Saved dim_date shape=(492, 10)
2026-06-18 08:31:52,965 - INFO - Saved dim_date shape=(492, 10)
2026-06-18 08:31:52,966 - INFO - Saved fact_crypto_snapshot shape=(746, 13)
2026-06-18 08:31:52,967 - INFO - Saved dim_crypto shape=(252, 4)
2026-06-18 08:31:52,974 - INFO - Saved fact_crypto_snapshot shape=(746, 13)
2026-06-18 08:31:52,975 - INFO - Saved dim_date shape=(492, 10)
2026-06-18 08:31:52,988 - INFO - Saved fact_crypto_snapshot shape=(746, 13)
2026-06-18 08:31:52,998 - INFO - Saved dim_crypto shape=(252, 4)
2026-06-18 08:31:53,007 - INFO - Saved dim_date shape=(492, 10)
2026-06-18 08:31:53,015 - INFO - Saved dim_crypto shape=(252, 4)
2026-06-18 08:31:53,017 - INFO - Saved fact_crypto_snapshot shape=(746, 13)
2026-06-18 08:31:53,025 - INFO - Saved dim_date shape=(492, 10)
2026-06-18 08:31:53,041 - INFO - Saved fact_crypto_snapshot shape=(746, 13)
2026-06-19 09:00:16,134 - INFO - Saved dim_crypto shape=(252, 4)
2026-06-19 09:00:16,141 - INFO - Saved dim_date shape=(492, 10)
2026-06-19 09:00:16,148 - INFO - Saved fact_crypto_snapshot shape=(1243, 13)
2026-06-19 09:02:23,315 - INFO - Saved dim_crypto shape=(252, 4)
2026-06-19 09:02:23,323 - INFO - Saved dim_date shape=(492, 10)
2026-06-19 09:02:23,332 - INFO - Saved fact_crypto_snapshot shape=(1243, 13)
2026-06-19 09:28:35,424 - INFO - Saved dim_crypto shape=(254, 4)
2026-06-19 09:28:35,432 - INFO - Saved dim_date shape=(737, 10)
2026-06-19 09:28:35,445 - INFO - Saved fact_crypto_snapshot shape=(1491, 13)
