[2026-06-18T08:31:51.775+0000] {local_task_job_runner.py:123} INFO - ::group::Pre task execution logs
[2026-06-18T08:31:51.792+0000] {taskinstance.py:2614} INFO - Dependencies all met for dep_context=non-requeueable deps ti=<TaskInstance: crypto_pipeline_dag.build_gold_model scheduled__2026-06-17T00:00:00+00:00 [queued]>
[2026-06-18T08:31:51.799+0000] {taskinstance.py:2614} INFO - Dependencies all met for dep_context=requeueable deps ti=<TaskInstance: crypto_pipeline_dag.build_gold_model scheduled__2026-06-17T00:00:00+00:00 [queued]>
[2026-06-18T08:31:51.800+0000] {taskinstance.py:2867} INFO - Starting attempt 1 of 4
[2026-06-18T08:31:51.809+0000] {taskinstance.py:2890} INFO - Executing <Task(BashOperator): build_gold_model> on 2026-06-17 00:00:00+00:00
[2026-06-18T08:31:51.817+0000] {standard_task_runner.py:104} INFO - Running: ['***', 'tasks', 'run', 'crypto_pipeline_dag', 'build_gold_model', 'scheduled__2026-06-17T00:00:00+00:00', '--job-id', '138', '--raw', '--subdir', 'DAGS_FOLDER/crypto_pipeline_dag.py', '--cfg-path', '/tmp/tmppm2yqj22']
[2026-06-18T08:31:51.819+0000] {standard_task_runner.py:105} INFO - Job 138: Subtask build_gold_model
[2026-06-18T08:31:51.820+0000] {logging_mixin.py:190} WARNING - /home/***/.local/lib/python3.12/site-packages/***/task/task_runner/standard_task_runner.py:70 DeprecationWarning: This process (pid=493) is multi-threaded, use of fork() may lead to deadlocks in the child.
[2026-06-18T08:31:51.820+0000] {standard_task_runner.py:72} INFO - Started process 498 to run task
[2026-06-18T08:31:51.865+0000] {task_command.py:467} INFO - Running <TaskInstance: crypto_pipeline_dag.build_gold_model scheduled__2026-06-17T00:00:00+00:00 [running]> on host 7e9583a5360c
[2026-06-18T08:31:51.929+0000] {taskinstance.py:3134} INFO - Exporting env vars: AIRFLOW_CTX_DAG_OWNER='Laila' AIRFLOW_CTX_DAG_ID='crypto_pipeline_dag' AIRFLOW_CTX_TASK_ID='build_gold_model' AIRFLOW_CTX_EXECUTION_DATE='2026-06-17T00:00:00+00:00' AIRFLOW_CTX_TRY_NUMBER='1' AIRFLOW_CTX_DAG_RUN_ID='scheduled__2026-06-17T00:00:00+00:00'
[2026-06-18T08:31:51.929+0000] {taskinstance.py:732} INFO - ::endgroup::
[2026-06-18T08:31:51.940+0000] {subprocess.py:78} INFO - Tmp dir root location: /tmp
[2026-06-18T08:31:51.941+0000] {subprocess.py:88} INFO - Running command: ['/usr/bin/bash', '-c', '\n        cd /opt/***/scripts &&\n        python build_gold.py\n        ']
[2026-06-18T08:31:51.948+0000] {subprocess.py:99} INFO - Output:
[2026-06-18T08:31:52.987+0000] {subprocess.py:106} INFO - 🚀 START GOLD PIPELINE
[2026-06-18T08:31:52.987+0000] {subprocess.py:106} INFO - 📊 INPUT SHAPE: (746, 25)
[2026-06-18T08:31:52.988+0000] {subprocess.py:106} INFO - NULL crypto_key: 0
[2026-06-18T08:31:52.988+0000] {subprocess.py:106} INFO - NULL date_key: 0
[2026-06-18T08:31:52.988+0000] {subprocess.py:106} INFO - 📊 DIM_CRYPTO: (252, 4)
[2026-06-18T08:31:52.989+0000] {subprocess.py:106} INFO - 📊 DIM_DATE: (492, 10)
[2026-06-18T08:31:52.989+0000] {subprocess.py:106} INFO - 📊 FACT: (746, 13)
[2026-06-18T08:31:52.989+0000] {subprocess.py:106} INFO - 
[2026-06-18T08:31:52.990+0000] {subprocess.py:106} INFO - DATES GOLD
[2026-06-18T08:31:52.990+0000] {subprocess.py:106} INFO - [datetime.date(2026, 6, 16), datetime.date(2026, 6, 18)]
[2026-06-18T08:31:52.990+0000] {subprocess.py:106} INFO - ✅ GOLD DONE
[2026-06-18T08:31:52.990+0000] {subprocess.py:106} INFO - 
[2026-06-18T08:31:52.991+0000] {subprocess.py:106} INFO - 📅 DIM_DATE SAMPLE
[2026-06-18T08:31:52.991+0000] {subprocess.py:106} INFO -                          timestamp        date  year  ...  week  quarter  date_key
[2026-06-18T08:31:52.991+0000] {subprocess.py:106} INFO - 0 2026-06-16 15:46:08.595000+00:00  2026-06-16  2026  ...    25        2         1
[2026-06-18T08:31:52.992+0000] {subprocess.py:106} INFO - 1 2026-06-16 15:46:08.733000+00:00  2026-06-16  2026  ...    25        2         2
[2026-06-18T08:31:52.992+0000] {subprocess.py:106} INFO - 2 2026-06-16 15:46:08.891000+00:00  2026-06-16  2026  ...    25        2         3
[2026-06-18T08:31:52.992+0000] {subprocess.py:106} INFO - 3 2026-06-16 15:46:08.660000+00:00  2026-06-16  2026  ...    25        2         4
[2026-06-18T08:31:52.993+0000] {subprocess.py:106} INFO - 4 2026-06-16 15:46:12.660000+00:00  2026-06-16  2026  ...    25        2         5
[2026-06-18T08:31:52.993+0000] {subprocess.py:106} INFO - 
[2026-06-18T08:31:52.993+0000] {subprocess.py:106} INFO - [5 rows x 10 columns]
[2026-06-18T08:31:52.993+0000] {subprocess.py:106} INFO - 
[2026-06-18T08:31:52.994+0000] {subprocess.py:106} INFO - 📊 FACT SAMPLE
[2026-06-18T08:31:52.994+0000] {subprocess.py:106} INFO -    crypto_key  date_key  ...    max_supply        ath
[2026-06-18T08:31:52.994+0000] {subprocess.py:106} INFO - 0           1         1  ...  2.100000e+07  126080.00
[2026-06-18T08:31:52.994+0000] {subprocess.py:106} INFO - 1           2         2  ...  1.000000e+09    4946.05
[2026-06-18T08:31:52.995+0000] {subprocess.py:106} INFO - 2           3         3  ...  1.000000e+09       1.32
[2026-06-18T08:31:52.995+0000] {subprocess.py:106} INFO - 3           4         4  ...  2.000000e+08    1369.99
[2026-06-18T08:31:52.995+0000] {subprocess.py:106} INFO - 4           5         5  ...  1.000000e+11       3.65
[2026-06-18T08:31:52.995+0000] {subprocess.py:106} INFO - 
[2026-06-18T08:31:52.996+0000] {subprocess.py:106} INFO - [5 rows x 13 columns]
[2026-06-18T08:31:53.078+0000] {subprocess.py:110} INFO - Command exited with return code 0
[2026-06-18T08:31:53.112+0000] {taskinstance.py:341} INFO - ::group::Post task execution logs
[2026-06-18T08:31:53.113+0000] {taskinstance.py:353} INFO - Marking task as SUCCESS. dag_id=crypto_pipeline_dag, task_id=build_gold_model, run_id=scheduled__2026-06-17T00:00:00+00:00, execution_date=20260617T000000, start_date=20260618T083151, end_date=20260618T083153
[2026-06-18T08:31:53.160+0000] {local_task_job_runner.py:266} INFO - Task exited with return code 0
[2026-06-18T08:31:53.176+0000] {taskinstance.py:3901} INFO - 1 downstream tasks scheduled from follow-on schedule check
[2026-06-18T08:31:53.177+0000] {local_task_job_runner.py:245} INFO - ::endgroup::
