[2026-06-16T15:47:31.911+0000] {local_task_job_runner.py:123} INFO - ::group::Pre task execution logs
[2026-06-16T15:47:31.923+0000] {taskinstance.py:2614} INFO - Dependencies all met for dep_context=non-requeueable deps ti=<TaskInstance: crypto_pipeline_dag.ingest_bronze manual__2026-06-16T00:00:00+00:00 [queued]>
[2026-06-16T15:47:31.928+0000] {taskinstance.py:2614} INFO - Dependencies all met for dep_context=requeueable deps ti=<TaskInstance: crypto_pipeline_dag.ingest_bronze manual__2026-06-16T00:00:00+00:00 [queued]>
[2026-06-16T15:47:31.930+0000] {taskinstance.py:2867} INFO - Starting attempt 2 of 5
[2026-06-16T15:47:31.939+0000] {taskinstance.py:2890} INFO - Executing <Task(BashOperator): ingest_bronze> on 2026-06-16 00:00:00+00:00
[2026-06-16T15:47:31.945+0000] {standard_task_runner.py:104} INFO - Running: ['***', 'tasks', 'run', 'crypto_pipeline_dag', 'ingest_bronze', 'manual__2026-06-16T00:00:00+00:00', '--job-id', '75', '--raw', '--subdir', 'DAGS_FOLDER/crypto_pipeline_dag.py', '--cfg-path', '/tmp/tmpfx3dchcf']
[2026-06-16T15:47:31.947+0000] {standard_task_runner.py:105} INFO - Job 75: Subtask ingest_bronze
[2026-06-16T15:47:31.948+0000] {logging_mixin.py:190} WARNING - /home/***/.local/lib/python3.12/site-packages/***/task/task_runner/standard_task_runner.py:70 DeprecationWarning: This process (pid=2951) is multi-threaded, use of fork() may lead to deadlocks in the child.
[2026-06-16T15:47:31.948+0000] {standard_task_runner.py:72} INFO - Started process 2952 to run task
[2026-06-16T15:47:31.986+0000] {task_command.py:467} INFO - Running <TaskInstance: crypto_pipeline_dag.ingest_bronze manual__2026-06-16T00:00:00+00:00 [running]> on host 7e9583a5360c
[2026-06-16T15:47:32.039+0000] {taskinstance.py:3134} INFO - Exporting env vars: AIRFLOW_CTX_DAG_OWNER='Laila' AIRFLOW_CTX_DAG_ID='crypto_pipeline_dag' AIRFLOW_CTX_TASK_ID='ingest_bronze' AIRFLOW_CTX_EXECUTION_DATE='2026-06-16T00:00:00+00:00' AIRFLOW_CTX_TRY_NUMBER='2' AIRFLOW_CTX_DAG_RUN_ID='manual__2026-06-16T00:00:00+00:00'
[2026-06-16T15:47:32.040+0000] {taskinstance.py:732} INFO - ::endgroup::
[2026-06-16T15:47:32.051+0000] {subprocess.py:78} INFO - Tmp dir root location: /tmp
[2026-06-16T15:47:32.052+0000] {subprocess.py:88} INFO - Running command: ['/usr/bin/bash', '-c', '\n        cd /opt/***/scripts &&\n        python ingest_bronze.py\n        ']
[2026-06-16T15:47:32.059+0000] {subprocess.py:99} INFO - Output:
[2026-06-16T15:47:32.864+0000] {subprocess.py:106} INFO - 🚀 Début ingestion Bronze...
[2026-06-16T15:47:32.864+0000] {subprocess.py:106} INFO - 📊 Nombre de cryptos récupérées : 250
[2026-06-16T15:47:32.865+0000] {subprocess.py:106} INFO - 💾 Fichier local créé : ../data/bronze/2026/06/16/raw.json
[2026-06-16T15:47:32.865+0000] {subprocess.py:106} INFO - 🪣 Bucket existant : crypto-bronze
[2026-06-16T15:47:32.865+0000] {subprocess.py:106} INFO - ☁️ Fichier envoyé vers MinIO : crypto-bronze/2026/06/16/raw.json
[2026-06-16T15:47:32.870+0000] {subprocess.py:106} INFO - ✅ Ingestion Bronze terminée avec succès.
[2026-06-16T15:47:32.883+0000] {subprocess.py:110} INFO - Command exited with return code 0
[2026-06-16T15:47:32.903+0000] {taskinstance.py:341} INFO - ::group::Post task execution logs
[2026-06-16T15:47:32.904+0000] {taskinstance.py:353} INFO - Marking task as SUCCESS. dag_id=crypto_pipeline_dag, task_id=ingest_bronze, run_id=manual__2026-06-16T00:00:00+00:00, execution_date=20260616T000000, start_date=20260616T154731, end_date=20260616T154732
[2026-06-16T15:47:32.928+0000] {local_task_job_runner.py:266} INFO - Task exited with return code 0
[2026-06-16T15:47:32.950+0000] {taskinstance.py:3901} INFO - 1 downstream tasks scheduled from follow-on schedule check
[2026-06-16T15:47:32.951+0000] {local_task_job_runner.py:245} INFO - ::endgroup::
